I/DEBUG   ( 1818):     bede1b5c  00000000  
I/DEBUG   ( 1818):     bede1b60  00000000  
I/DEBUG   ( 1818):     bede1b64  00000000  
I/DEBUG   ( 1818):     bede1b68  00000000  
I/DEBUG   ( 1818):     bede1b6c  00000000  
I/DEBUG   ( 1818):     bede1b70  00000000  
I/DEBUG   ( 1818):     bede1b74  00000000  
I/DEBUG   ( 1818):     bede1b78  8069dec8  /system/lib/libaudio.so
I/DEBUG   ( 1818):     bede1b7c  806240e4  /system/lib/libaudio.so
I/DEBUG   ( 1818):     bede1b80  8069dd18  /system/lib/libaudio.so
I/DEBUG   ( 1818):     bede1b84  afe0f2c0  /system/lib/libc.so
I/DEBUG   ( 1818):     bede1b88  0000029c  
I/DEBUG   ( 1818):     bede1b8c  0000036c  
I/DEBUG   ( 1818):     bede1b90  0000aec0  [heap]
I/DEBUG   ( 1818):     bede1b94  8069dd10  /system/lib/libaudio.so
I/DEBUG   ( 1818):     bede1b98  8069f294  /system/lib/libaudio.so
I/DEBUG   ( 1818):     bede1b9c  00000000  
I/DEBUG   ( 1818):     bede1ba0  8069ee68  /system/lib/libaudio.so
I/DEBUG   ( 1818):     bede1ba4  00000000  
I/DEBUG   ( 1818):     bede1ba8  00000000  
I/DEBUG   ( 1818):     bede1bac  69efedb6  
I/DEBUG   ( 1818):     bede1bb0  40000000  /dev/ashmem/system_properties (deleted)
I/DEBUG   ( 1818):     bede1bb4  0000ae88  [heap]
I/DEBUG   ( 1818):     bede1bb8  00000000  
I/DEBUG   ( 1818):     bede1bbc  0000aec0  [heap]
I/DEBUG   ( 1818):     bede1bc0  00000000  
I/DEBUG   ( 1818):     bede1bc4  00000000  
I/DEBUG   ( 1818):     bede1bc8  00000000  
I/DEBUG   ( 1818):     bede1bcc  00000000  
I/DEBUG   ( 1818):     bede1bd0  00000000  
I/DEBUG   ( 1818):     bede1bd4  80626fd8  /system/lib/libaudio.so
D/installd( 1823): DexInv: --- BEGIN '/system/app/InputEventApp.apk' ---
D/dalvikvm( 1917): DexOpt: load 6ms, verify 35ms, opt 0ms
D/installd( 1823): DexInv: --- END '/system/app/InputEventApp.apk' (success) ---
I/PackageManager( 1835): /system/app/MediaProvider.apk changed; collecting certs
D/installd( 1823): DexInv: --- BEGIN '/system/app/MediaProvider.apk' ---
D/dalvikvm( 1918): VFY: dead code 0x009a-009c in Lcom/android/providers/media/MediaThumbRequest;.execute ()V
D/dalvikvm( 1918): DexOpt: load 30ms, verify 187ms, opt 4ms
D/installd( 1823): DexInv: --- END '/system/app/MediaProvider.apk' (success) ---
I/PackageManager( 1835): /system/app/Mms.apk changed; collecting certs
D/dalvikvm( 1835): GC freed 4663 objects / 359800 bytes in 121ms
D/installd( 1823): DexInv: --- BEGIN '/system/app/Mms.apk' ---
D/dalvikvm( 1919): DexOpt: load 391ms, verify 1794ms, opt 129ms
D/installd( 1823): DexInv: --- END '/system/app/Mms.apk' (success) ---
I/        ( 1921): ServiceManager: 0xad08
E/AudioHardwareALSA( 1921): Unable to attach mixer to device AndroidPlayback: No such file or directory
E/AudioHardwareALSA( 1921): Unable to attach mixer to device default: No such file or directory
E/AudioHardwareALSA( 1921): Unable to attach mixer to device AndroidRecord: No such file or directory
E/AudioHardwareALSA( 1921): Unable to attach mixer to device default: No such file or directory
I/PackageManager( 1835): /system/app/MusicPlayer.apk changed; collecting certs
I/DEBUG   ( 1818): *** *** *** *** *** *** *** *** *** *** *** *** *** *** *** ***
I/DEBUG   ( 1818): Build fingerprint: 'Samsung/GT-I5700/GT-I5700/GT-I5700:2.1-update1/ECLAIR/XXJH1:user/ota-rel-keys,release-keys'
I/DEBUG   ( 1818): pid: 1921, tid: 1921  >>> /system/bin/mediaserver <<<
I/DEBUG   ( 1818): signal 11 (SIGSEGV), fault addr 00000010
I/DEBUG   ( 1818):  r0 00000000  r1 8068def4  r2 00000000  r3 00000000
I/DEBUG   ( 1818):  r4 8069f1d4  r5 0000b030  r6 beac3b38  r7 0000b041
I/DEBUG   ( 1818):  r8 00000000  r9 0000aec0  10 00000000  fp beac3bd4
I/DEBUG   ( 1818):  ip 00000018  sp beac3b38  lr 806241a0  pc 8064905c  cpsr 00000010
I/DEBUG   ( 1818):          #00  pc 0004905c  /system/lib/libaudio.so
I/DEBUG   ( 1818):          #01  pc 0002419c  /system/lib/libaudio.so
I/DEBUG   ( 1818):          #02  pc 00026fd4  /system/lib/libaudio.so
I/DEBUG   ( 1818):          #03  pc 00027020  /system/lib/libaudio.so
I/DEBUG   ( 1818):          #04  pc 0008ab16  /system/lib/libaudio.so
I/DEBUG   ( 1818):          #05  pc 00022bc2  /system/lib/libaudioflinger.so
I/DEBUG   ( 1818):          #06  pc 00022c46  /system/lib/libaudioflinger.so
D/dalvikvm( 1835): GC freed 11199 objects / 734032 bytes in 202ms
I/DEBUG   ( 1818):          #07  pc 0000879e  /system/bin/mediaserver
I/DEBUG   ( 1818):          #08  pc 0000c2c6  /system/lib/libc.so
I/DEBUG   ( 1818):          #09  pc b00018aa  /system/bin/linker
I/DEBUG   ( 1818): 
I/DEBUG   ( 1818): code around pc:
I/DEBUG   ( 1818): 8064904c 8afffffb e1c300b0 e3a00000 e12fff1e 
I/DEBUG   ( 1818): 8064905c e5b03010 e1530000 03a00000 12430004 
I/DEBUG   ( 1818): 8064906c e12fff1e e5902010 e2803010 e1520003 
I/DEBUG   ( 1818): 
I/DEBUG   ( 1818): code around lr:
I/DEBUG   ( 1818): 80624190 e08c9003 ebfff5c2 e5990004 eb0093ae 
I/DEBUG   ( 1818): 806241a0 e2504000 1a000004 ea00002d e1a00004 
I/DEBUG   ( 1818): 806241b0 eb0093b5 e2504000 0a000029 e1a00004 
I/DEBUG   ( 1818): 
I/DEBUG   ( 1818): stack:
I/DEBUG   ( 1818):     beac3af8  40000000  /dev/ashmem/system_properties (deleted)
I/DEBUG   ( 1818):     beac3afc  afe2222b  /system/lib/libc.so
I/DEBUG   ( 1818):     beac3b00  8068def0  /system/lib/libaudio.so
I/DEBUG   ( 1818):     beac3b04  0000b041  [heap]
I/DEBUG   ( 1818):     beac3b08  0000b041  [heap]
I/DEBUG   ( 1818):     beac3b0c  00000000  
I/DEBUG   ( 1818):     beac3b10  0000aec0  [heap]
I/DEBUG   ( 1818):     beac3b14  00000000  
I/DEBUG   ( 1818):     beac3b18  beac3bd4  [stack]
I/DEBUG   ( 1818):     beac3b1c  0000b041  [heap]
I/DEBUG   ( 1818):     beac3b20  00000003  
I/DEBUG   ( 1818):     beac3b24  afb05a8b  /system/lib/libcutils.so
I/DEBUG   ( 1818):     beac3b28  8069f1d4  /system/lib/libaudio.so
I/DEBUG   ( 1818):     beac3b2c  0000b030  [heap]
I/DEBUG   ( 1818):     beac3b30  df002777  
I/DEBUG   ( 1818):     beac3b34  e3a070ad  
I/DEBUG   ( 1818): #01 beac3b38  00000000  
I/DEBUG   ( 1818):     beac3b3c  00000000  
I/DEBUG   ( 1818):     beac3b40  00000000  
I/DEBUG   ( 1818):     beac3b44  00000000  
I/DEBUG   ( 1818):     beac3b48  00000000  
I/DEBUG   ( 1818):     beac3b4c  00000000  
I/DEBUG   ( 1818):     beac3b50  00000000  
I/DEBUG   ( 1818):     beac3b54  00000000  
I/DEBUG   ( 1818):     beac3b58  00000000  
I/DEBUG   ( 1818):     beac3b5c  00000000  
I/DEBUG   ( 1818):     beac3b60  00000000  
I/DEBUG   ( 1818):     beac3b64  00000000  
I/DEBUG   ( 1818):     beac3b68  00000000  
I/DEBUG   ( 1818):     beac3b6c  00000000  
I/DEBUG   ( 1818):     beac3b70  00000000  
I/DEBUG   ( 1818):     beac3b74  00000000  
I/DEBUG   ( 1818):     beac3b78  8069dec8  /system/lib/libaudio.so
I/DEBUG   ( 1818):     beac3b7c  806240e4  /system/lib/libaudio.so
I/DEBUG   ( 1818):     beac3b80  8069dd18  /system/lib/libaudio.so
I/DEBUG   ( 1818):     beac3b84  afe0f2c0  /system/lib/libc.so
I/DEBUG   ( 1818):     beac3b88  0000029c  
I/DEBUG   ( 1818):     beac3b8c  0000036c  
I/DEBUG   ( 1818):     beac3b90  0000aec0  [heap]
I/DEBUG   ( 1818):     beac3b94  8069dd10  /system/lib/libaudio.so
I/DEBUG   ( 1818):     beac3b98  8069f294  /system/lib/libaudio.so
I/DEBUG   ( 1818):     beac3b9c  00000000  
I/DEBUG   ( 1818):     beac3ba0  8069ee68  /system/lib/libaudio.so
I/DEBUG   ( 1818):     beac3ba4  00000000  
I/DEBUG   ( 1818):     beac3ba8  00000000  
I/DEBUG   ( 1818):     beac3bac  cb654d2e  
I/DEBUG   ( 1818):     beac3bb0  40000000  /dev/ashmem/system_properties (deleted)
I/DEBUG   ( 1818):     beac3bb4  0000ae88  [heap]
I/DEBUG   ( 1818):     beac3bb8  00000000  
I/DEBUG   ( 1818):     beac3bbc  0000aec0  [heap]
I/DEBUG   ( 1818):     beac3bc0  00000000  
I/DEBUG   ( 1818):     beac3bc4  00000000  
I/DEBUG   ( 1818):     beac3bc8  00000000  
I/DEBUG   ( 1818):     beac3bcc  00000000  
I/DEBUG   ( 1818):     beac3bd0  00000000  
I/DEBUG   ( 1818):     beac3bd4  80626fd8  /system/lib/libaudio.so
D/dalvikvm( 1835): GC freed 5238 objects / 501904 bytes in 118ms
D/installd( 1823): DexInv: --- BEGIN '/system/app/MusicPlayer.apk' ---
D/dalvikvm( 1923): DexOpt: load 281ms, verify 1091ms, opt 40ms
D/installd( 1823): DexInv: --- END '/system/app/MusicPlayer.apk' (success) ---
I/PackageManager( 1835): /system/app/NetworkLocation.apk changed; collecting certs
D/installd( 1823): DexInv: --- BEGIN '/system/app/NetworkLocation.apk' ---
D/dalvikvm( 1927): DexOpt: load 81ms, verify 430ms, opt 11ms
I/        ( 1925): ServiceManager: 0xad08
E/AudioHardwareALSA( 1925): Unable to attach mixer to device AndroidPlayback: No such file or directory
E/AudioHardwareALSA( 1925): Unable to attach mixer to device default: No such file or directory
E/AudioHardwareALSA( 1925): Unable to attach mixer to device AndroidRecord: No such file or directory
E/AudioHardwareALSA( 1925): Unable to attach mixer to device default: No such file or directory
D/installd( 1823): DexInv: --- END '/system/app/NetworkLocation.apk' (success) ---
I/DEBUG   ( 1818): *** *** *** *** *** *** *** *** *** *** *** *** *** *** *** ***
I/DEBUG   ( 1818): Build fingerprint: 'Samsung/GT-I5700/GT-I5700/GT-I5700:2.1-update1/ECLAIR/XXJH1:user/ota-rel-keys,release-keys'
I/DEBUG   ( 1818): pid: 1925, tid: 1925  >>> /system/bin/mediaserver <<<
I/DEBUG   ( 1818): signal 11 (SIGSEGV), fault addr 00000010
I/DEBUG   ( 1818):  r0 00000000  r1 8068def4  r2 00000000  r3 00000000
I/DEBUG   ( 1818):  r4 8069f1d4  r5 0000b030  r6 bed75b38  r7 0000b041
I/DEBUG   ( 1818):  r8 00000000  r9 0000aec0  10 00000000  fp bed75bd4
I/DEBUG   ( 1818):  ip 00000018  sp bed75b38  lr 806241a0  pc 8064905c  cpsr 00000010
I/DEBUG   ( 1818):          #00  pc 0004905c  /system/lib/libaudio.so
I/DEBUG   ( 1818):          #01  pc 0002419c  /system/lib/libaudio.so
I/DEBUG   ( 1818):          #02  pc 00026fd4  /system/lib/libaudio.so
I/DEBUG   ( 1818):          #03  pc 00027020  /system/lib/libaudio.so
I/DEBUG   ( 1818):          #04  pc 0008ab16  /system/lib/libaudio.so
I/DEBUG   ( 1818):          #05  pc 00022bc2  /system/lib/libaudioflinger.so
I/DEBUG   ( 1818):          #06  pc 00022c46  /system/lib/libaudioflinger.so
I/DEBUG   ( 1818):          #07  pc 0000879e  /system/bin/mediaserver
I/DEBUG   ( 1818):          #08  pc 0000c2c6  /system/lib/libc.so
I/DEBUG   ( 1818):          #09  pc b00018aa  /system/bin/linker
I/DEBUG   ( 1818): 
I/DEBUG   ( 1818): code around pc:
I/DEBUG   ( 1818): 8064904c 8afffffb e1c300b0 e3a00000 e12fff1e 
I/DEBUG   ( 1818): 8064905c e5b03010 e1530000 03a00000 12430004 
I/DEBUG   ( 1818): 8064906c e12fff1e e5902010 e2803010 e1520003 
I/DEBUG   ( 1818): 
I/DEBUG   ( 1818): code around lr:
I/DEBUG   ( 1818): 80624190 e08c9003 ebfff5c2 e5990004 eb0093ae 
I/DEBUG   ( 1818): 806241a0 e2504000 1a000004 ea00002d e1a00004 
I/DEBUG   ( 1818): 806241b0 eb0093b5 e2504000 0a000029 e1a00004 
I/DEBUG   ( 1818): 
I/DEBUG   ( 1818): stack:
I/DEBUG   ( 1818):     bed75af8  40000000  /dev/ashmem/system_properties (deleted)
I/DEBUG   ( 1818):     bed75afc  afe2222b  /system/lib/libc.so
I/DEBUG   ( 1818):     bed75b00  8068def0  /system/lib/libaudio.so
I/DEBUG   ( 1818):     bed75b04  0000b041  [heap]
I/DEBUG   ( 1818):     bed75b08  0000b041  [heap]
I/DEBUG   ( 1818):     bed75b0c  00000000  
I/DEBUG   ( 1818):     bed75b10  0000aec0  [heap]
I/DEBUG   ( 1818):     bed75b14  00000000  
I/DEBUG   ( 1818):     bed75b18  bed75bd4  [stack]
I/DEBUG   ( 1818):     bed75b1c  0000b041  [heap]
I/DEBUG   ( 1818):     bed75b20  00000003  
I/DEBUG   ( 1818):     bed75b24  afb05a8b  /system/lib/libcutils.so
I/DEBUG   ( 1818):     bed75b28  8069f1d4  /system/lib/libaudio.so
I/DEBUG   ( 1818):     bed75b2c  0000b030  [heap]
I/DEBUG   ( 1818):     bed75b30  df002777  
I/DEBUG   ( 1818):     bed75b34  e3a070ad  
I/DEBUG   ( 1818): #01 bed75b38  00000000  
I/DEBUG   ( 1818):     bed75b3c  00000000  
I/DEBUG   ( 1818):     bed75b40  00000000  
I/DEBUG   ( 1818):     bed75b44  00000000  
I/DEBUG   ( 1818):     bed75b48  00000000  
I/DEBUG   ( 1818):     bed75b4c  00000000  
I/DEBUG   ( 1818):     bed75b50  00000000  
I/DEBUG   ( 1818):     bed75b54  00000000  
I/DEBUG   ( 1818):     bed75b58  00000000  
I/DEBUG   ( 1818):     bed75b5c  00000000  
I/DEBUG   ( 1818):     bed75b60  00000000  
I/DEBUG   ( 1818):     bed75b64  00000000  
I/DEBUG   ( 1818):     bed75b68  00000000  
I/DEBUG   ( 1818):     bed75b6c  00000000  
I/DEBUG   ( 1818):     bed75b70  00000000  
I/DEBUG   ( 1818):     bed75b74  00000000  
I/DEBUG   ( 1818):     bed75b78  8069dec8  /system/lib/libaudio.so
I/DEBUG   ( 1818):     bed75b7c  806240e4  /system/lib/libaudio.so
I/DEBUG   ( 1818):     bed75b80  8069dd18  /system/lib/libaudio.so
I/DEBUG   ( 1818):     bed75b84  afe0f2c0  /system/lib/libc.so
I/DEBUG   ( 1818):     bed75b88  0000029c  
I/DEBUG   ( 1818):     bed75b8c  0000036c  
I/DEBUG   ( 1818):     bed75b90  0000aec0  [heap]
I/DEBUG   ( 1818):     bed75b94  8069dd10  /system/lib/libaudio.so
I/DEBUG   ( 1818):     bed75b98  8069f294  /system/lib/libaudio.so
I/DEBUG   ( 1818):     bed75b9c  00000000  
I/DEBUG   ( 1818):     bed75ba0  8069ee68  /system/lib/libaudio.so
I/DEBUG   ( 1818):     bed75ba4  00000000  
I/DEBUG   ( 1818):     bed75ba8  00000000  
I/DEBUG   ( 1818):     bed75bac  f415fed2  
I/DEBUG   ( 1818):     bed75bb0  40000000  /dev/ashmem/system_properties (deleted)
I/DEBUG   ( 1818):     bed75bb4  0000ae88  [heap]
I/DEBUG   ( 1818):     bed75bb8  00000000  
I/DEBUG   ( 1818):     bed75bbc  0000aec0  [heap]
I/DEBUG   ( 1818):     bed75bc0  00000000  
D/dalvikvm( 1835): GC freed 5085 objects / 401312 bytes in 215ms
I/DEBUG   ( 1818):     bed75bc4  00000000  
I/DEBUG   ( 1818):     bed75bc8  00000000  
I/DEBUG   ( 1818):     bed75bcc  00000000  
I/DEBUG   ( 1818):     bed75bd0  00000000  
I/DEBUG   ( 1818):     bed75bd4  80626fd8  /system/lib/libaudio.so
I/PackageManager( 1835): /system/app/OPP.apk changed; collecting certs
D/installd( 1823): DexInv: --- BEGIN '/system/app/OPP.apk' ---
D/dalvikvm( 1928): DexOpt: load 52ms, verify 463ms, opt 12ms
D/installd( 1823): DexInv: --- END '/system/app/OPP.apk' (success) ---
I/PackageManager( 1835): /system/app/PackageInstaller.apk changed; collecting certs
D/installd( 1823): DexInv: --- BEGIN '/system/app/PackageInstaller.apk' ---
D/dalvikvm( 1929): DexOpt: load 25ms, verify 158ms, opt 2ms
D/installd( 1823): DexInv: --- END '/system/app/PackageInstaller.apk' (success) ---
I/PackageManager( 1835): /system/app/Personalization.apk changed; collecting certs
D/installd( 1823): DexInv: --- BEGIN '/system/app/Personalization.apk' ---
D/dalvikvm( 1930): DexOpt: load 21ms, verify 124ms, opt 2ms
D/installd( 1823): DexInv: --- END '/system/app/Personalization.apk' (success) ---
I/PackageManager( 1835): /system/app/PhoneCrashNotifier.apk changed; collecting certs
D/dalvikvm( 1835): GC freed 14733 objects / 908800 bytes in 125ms
D/installd( 1823): DexInv: --- BEGIN '/system/app/PhoneCrashNotifier.apk' ---
D/dalvikvm( 1931): DexOpt: load 22ms, verify 75ms, opt 1ms
D/installd( 1823): DexInv: --- END '/system/app/PhoneCrashNotifier.apk' (success) ---
I/PackageManager( 1835): /system/app/Phone_Util.apk changed; collecting certs
D/installd( 1823): DexInv: --- BEGIN '/system/app/Phone_Util.apk' ---
D/dalvikvm( 1932): DexOpt: load 80ms, verify 163ms, opt 1ms
D/installd( 1823): DexInv: --- END '/system/app/Phone_Util.apk' (success) ---
I/PackageManager( 1835): /system/app/PicoTts.apk changed; collecting certs
D/installd( 1823): DexInv: --- BEGIN '/system/app/PicoTts.apk' ---
D/dalvikvm( 1936): DexOpt: load 53ms, verify 30ms, opt 0ms
I/        ( 1934): ServiceManager: 0xad08
E/AudioHardwareALSA( 1934): Unable to attach mixer to device AndroidPlayback: No such file or directory
E/AudioHardwareALSA( 1934): Unable to attach mixer to device default: No such file or directory
E/AudioHardwareALSA( 1934): Unable to attach mixer to device AndroidRecord: No such file or directory
E/AudioHardwareALSA( 1934): Unable to attach mixer to device default: No such file or directory
D/installd( 1823): DexInv: --- END '/system/app/PicoTts.apk' (success) ---
I/PackageManager( 1835): /system/app/PowerOnOffTest.apk changed; collecting certs
I/DEBUG   ( 1818): *** *** *** *** *** *** *** *** *** *** *** *** *** *** *** ***
I/DEBUG   ( 1818): Build fingerprint: 'Samsung/GT-I5700/GT-I5700/GT-I5700:2.1-update1/ECLAIR/XXJH1:user/ota-rel-keys,release-keys'
I/DEBUG   ( 1818): pid: 1934, tid: 1934  >>> /system/bin/mediaserver <<<
I/DEBUG   ( 1818): signal 11 (SIGSEGV), fault addr 00000010
I/DEBUG   ( 1818):  r0 00000000  r1 8068def4  r2 00000000  r3 00000000
I/DEBUG   ( 1818):  r4 8069f1d4  r5 0000b030  r6 be91db38  r7 0000b041
I/DEBUG   ( 1818):  r8 00000000  r9 0000aec0  10 00000000  fp be91dbd4
I/DEBUG   ( 1818):  ip 00000018  sp be91db38  lr 806241a0  pc 8064905c  cpsr 00000010
D/installd( 1823): DexInv: --- BEGIN '/system/app/PowerOnOffTest.apk' ---
I/DEBUG   ( 1818):          #00  pc 0004905c  /system/lib/libaudio.so
I/DEBUG   ( 1818):          #01  pc 0002419c  /system/lib/libaudio.so
I/DEBUG   ( 1818):          #02  pc 00026fd4  /system/lib/libaudio.so
I/DEBUG   ( 1818):          #03  pc 00027020  /system/lib/libaudio.so
I/DEBUG   ( 1818):          #04  pc 0008ab16  /system/lib/libaudio.so
I/DEBUG   ( 1818):          #05  pc 00022bc2  /system/lib/libaudioflinger.so
I/DEBUG   ( 1818):          #06  pc 00022c46  /system/lib/libaudioflinger.so
I/DEBUG   ( 1818):          #07  pc 0000879e  /system/bin/mediaserver
I/DEBUG   ( 1818):          #08  pc 0000c2c6  /system/lib/libc.so
I/DEBUG   ( 1818):          #09  pc b00018aa  /system/bin/linker
I/DEBUG   ( 1818): 
I/DEBUG   ( 1818): code around pc:
I/DEBUG   ( 1818): 8064904c 8afffffb e1c300b0 e3a00000 e12fff1e 
I/DEBUG   ( 1818): 8064905c e5b03010 e1530000 03a00000 12430004 
I/DEBUG   ( 1818): 8064906c e12fff1e e5902010 e2803010 e1520003 
I/DEBUG   ( 1818): 
I/DEBUG   ( 1818): code around lr:
I/DEBUG   ( 1818): 80624190 e08c9003 ebfff5c2 e5990004 eb0093ae 
I/DEBUG   ( 1818): 806241a0 e2504000 1a000004 ea00002d e1a00004 
I/DEBUG   ( 1818): 806241b0 eb0093b5 e2504000 0a000029 e1a00004 
I/DEBUG   ( 1818): 
I/DEBUG   ( 1818): stack:
I/DEBUG   ( 1818):     be91daf8  40000000  /dev/ashmem/system_properties (deleted)
I/DEBUG   ( 1818):     be91dafc  afe2222b  /system/lib/libc.so
I/DEBUG   ( 1818):     be91db00  8068def0  /system/lib/libaudio.so
I/DEBUG   ( 1818):     be91db04  0000b041  [heap]
I/DEBUG   ( 1818):     be91db08  0000b041  [heap]
I/DEBUG   ( 1818):     be91db0c  00000000  
I/DEBUG   ( 1818):     be91db10  0000aec0  [heap]
I/DEBUG   ( 1818):     be91db14  00000000  
I/DEBUG   ( 1818):     be91db18  be91dbd4  [stack]
I/DEBUG   ( 1818):     be91db1c  0000b041  [heap]
I/DEBUG   ( 1818):     be91db20  00000003  
I/DEBUG   ( 1818):     be91db24  afb05a8b  /system/lib/libcutils.so
I/DEBUG   ( 1818):     be91db28  8069f1d4  /system/lib/libaudio.so
I/DEBUG   ( 1818):     be91db2c  0000b030  [heap]
I/DEBUG   ( 1818):     be91db30  df002777  
I/DEBUG   ( 1818):     be91db34  e3a070ad  
I/DEBUG   ( 1818): #01 be91db38  00000000  
I/DEBUG   ( 1818):     be91db3c  00000000  
I/DEBUG   ( 1818):     be91db40  00000000  
I/DEBUG   ( 1818):     be91db44  00000000  
I/DEBUG   ( 1818):     be91db48  00000000  
I/DEBUG   ( 1818):     be91db4c  00000000  
I/DEBUG   ( 1818):     be91db50  00000000  
I/DEBUG   ( 1818):     be91db54  00000000  
I/DEBUG   ( 1818):     be91db58  00000000  
I/DEBUG   ( 1818):     be91db5c  00000000  
I/DEBUG   ( 1818):     be91db60  00000000  
I/DEBUG   ( 1818):     be91db64  00000000  
I/DEBUG   ( 1818):     be91db68  00000000  
I/DEBUG   ( 1818):     be91db6c  00000000  
I/DEBUG   ( 1818):     be91db70  00000000  
I/DEBUG   ( 1818):     be91db74  00000000  
I/DEBUG   ( 1818):     be91db78  8069dec8  /system/lib/libaudio.so
I/DEBUG   ( 1818):     be91db7c  806240e4  /system/lib/libaudio.so
I/DEBUG   ( 1818):     be91db80  8069dd18  /system/lib/libaudio.so
I/DEBUG   ( 1818):     be91db84  afe0f2c0  /system/lib/libc.so
I/DEBUG   ( 1818):     be91db88  0000029c  
I/DEBUG   ( 1818):     be91db8c  0000036c  
I/DEBUG   ( 1818):     be91db90  0000aec0  [heap]
I/DEBUG   ( 1818):     be91db94  8069dd10  /system/lib/libaudio.so
I/DEBUG   ( 1818):     be91db98  8069f294  /system/lib/libaudio.so
I/DEBUG   ( 1818):     be91db9c  00000000  
I/DEBUG   ( 1818):     be91dba0  8069ee68  /system/lib/libaudio.so
I/DEBUG   ( 1818):     be91dba4  00000000  
I/DEBUG   ( 1818):     be91dba8  00000000  
I/DEBUG   ( 1818):     be91dbac  a5d1be6e  
I/DEBUG   ( 1818):     be91dbb0  40000000  /dev/ashmem/system_properties (deleted)
I/DEBUG   ( 1818):     be91dbb4  0000ae88  [heap]
I/DEBUG   ( 1818):     be91dbb8  00000000  
I/DEBUG   ( 1818):     be91dbbc  0000aec0  [heap]
I/DEBUG   ( 1818):     be91dbc0  00000000  
I/DEBUG   ( 1818):     be91dbc4  00000000  
I/DEBUG   ( 1818):     be91dbc8  00000000  
I/DEBUG   ( 1818):     be91dbcc  00000000  
I/DEBUG   ( 1818):     be91dbd0  00000000  
I/DEBUG   ( 1818):     be91dbd4  80626fd8  /system/lib/libaudio.so
D/dalvikvm( 1937): DexOpt: load 31ms, verify 14ms, opt 1ms
D/installd( 1823): DexInv: --- END '/system/app/PowerOnOffTest.apk' (success) ---
I/PackageManager( 1835): /system/app/Preconfig.apk changed; collecting certs
D/dalvikvm( 1835): GC freed 7941 objects / 555544 bytes in 121ms
D/installd( 1823): DexInv: --- BEGIN '/system/app/Preconfig.apk' ---
D/dalvikvm( 1938): DexOpt: load 30ms, verify 148ms, opt 1ms
D/installd( 1823): DexInv: --- END '/system/app/Preconfig.apk' (success) ---
I/PackageManager( 1835): /system/app/RilFactoryApp.apk changed; collecting certs
D/installd( 1823): DexInv: --- BEGIN '/system/app/RilFactoryApp.apk' ---
D/dalvikvm( 1939): DexOpt: load 18ms, verify 16ms, opt 1ms
D/installd( 1823): DexInv: --- END '/system/app/RilFactoryApp.apk' (success) ---
I/PackageManager( 1835): /system/app/SamsungCamera.apk changed; collecting certs
D/dalvikvm( 1835): GC freed 5923 objects / 369704 bytes in 121ms
D/dalvikvm( 1835): GC freed 3015 objects / 318848 bytes in 120ms
D/dalvikvm( 1835): GC freed 42 objects / 427312 bytes in 116ms
D/dalvikvm( 1835): GC freed 1085 objects / 406888 bytes in 206ms
I/        ( 1941): ServiceManager: 0xad08
E/AudioHardwareALSA( 1941): Unable to attach mixer to device AndroidPlayback: No such file or directory
E/AudioHardwareALSA( 1941): Unable to attach mixer to device default: No such file or directory
E/AudioHardwareALSA( 1941): Unable to attach mixer to device AndroidRecord: No such file or directory
E/AudioHardwareALSA( 1941): Unable to attach mixer to device default: No such file or directory
I/DEBUG   ( 1818): *** *** *** *** *** *** *** *** *** *** *** *** *** *** *** ***
I/DEBUG   ( 1818): Build fingerprint: 'Samsung/GT-I5700/GT-I5700/GT-I5700:2.1-update1/ECLAIR/XXJH1:user/ota-rel-keys,release-keys'
I/DEBUG   ( 1818): pid: 1941, tid: 1941  >>> /system/bin/mediaserver <<<
I/DEBUG   ( 1818): signal 11 (SIGSEGV), fault addr 00000010
I/DEBUG   ( 1818):  r0 00000000  r1 8068def4  r2 00000000  r3 00000000
I/DEBUG   ( 1818):  r4 8069f1d4  r5 0000b030  r6 bee69b38  r7 0000b041
I/DEBUG   ( 1818):  r8 00000000  r9 0000aec0  10 00000000  fp bee69bd4
I/DEBUG   ( 1818):  ip 00000018  sp bee69b38  lr 806241a0  pc 8064905c  cpsr 00000010
D/dalvikvm( 1835): GC freed 3936 objects / 154032 bytes in 219ms
I/DEBUG   ( 1818):          #00  pc 0004905c  /system/lib/libaudio.so
I/DEBUG   ( 1818):          #01  pc 0002419c  /system/lib/libaudio.so
I/DEBUG   ( 1818):          #02  pc 00026fd4  /system/lib/libaudio.so
I/DEBUG   ( 1818):          #03  pc 00027020  /system/lib/libaudio.so
I/DEBUG   ( 1818):          #04  pc 0008ab16  /system/lib/libaudio.so
I/DEBUG   ( 1818):          #05  pc 00022bc2  /system/lib/libaudioflinger.so
I/DEBUG   ( 1818):          #06  pc 00022c46  /system/lib/libaudioflinger.so
I/DEBUG   ( 1818):          #07  pc 0000879e  /system/bin/mediaserver
I/DEBUG   ( 1818):          #08  pc 0000c2c6  /system/lib/libc.so
I/DEBUG   ( 1818):          #09  pc b00018aa  /system/bin/linker
I/DEBUG   ( 1818): 
I/DEBUG   ( 1818): code around pc:
I/DEBUG   ( 1818): 8064904c 8afffffb e1c300b0 e3a00000 e12fff1e 
I/DEBUG   ( 1818): 8064905c e5b03010 e1530000 03a00000 12430004 
I/DEBUG   ( 1818): 8064906c e12fff1e e5902010 e2803010 e1520003 
I/DEBUG   ( 1818): 
I/DEBUG   ( 1818): code around lr:
I/DEBUG   ( 1818): 80624190 e08c9003 ebfff5c2 e5990004 eb0093ae 
I/DEBUG   ( 1818): 806241a0 e2504000 1a000004 ea00002d e1a00004 
I/DEBUG   ( 1818): 806241b0 eb0093b5 e2504000 0a000029 e1a00004 
I/DEBUG   ( 1818): 
I/DEBUG   ( 1818): stack:
I/DEBUG   ( 1818):     bee69af8  40000000  /dev/ashmem/system_properties (deleted)
I/DEBUG   ( 1818):     bee69afc  afe2222b  /system/lib/libc.so
I/DEBUG   ( 1818):     bee69b00  8068def0  /system/lib/libaudio.so
I/DEBUG   ( 1818):     bee69b04  0000b041  [heap]
I/DEBUG   ( 1818):     bee69b08  0000b041  [heap]
I/DEBUG   ( 1818):     bee69b0c  00000000  
I/DEBUG   ( 1818):     bee69b10  0000aec0  [heap]
I/DEBUG   ( 1818):     bee69b14  00000000  
I/DEBUG   ( 1818):     bee69b18  bee69bd4  [stack]
I/DEBUG   ( 1818):     bee69b1c  0000b041  [heap]
I/DEBUG   ( 1818):     bee69b20  00000003  
I/DEBUG   ( 1818):     bee69b24  afb05a8b  /system/lib/libcutils.so
I/DEBUG   ( 1818):     bee69b28  8069f1d4  /system/lib/libaudio.so
I/DEBUG   ( 1818):     bee69b2c  0000b030  [heap]
I/DEBUG   ( 1818):     bee69b30  df002777  
I/DEBUG   ( 1818):     bee69b34  e3a070ad  
I/DEBUG   ( 1818): #01 bee69b38  00000000  
I/DEBUG   ( 1818):     bee69b3c  00000000  
I/DEBUG   ( 1818):     bee69b40  00000000  
I/DEBUG   ( 1818):     bee69b44  00000000  
I/DEBUG   ( 1818):     bee69b48  00000000  
I/DEBUG   ( 1818):     bee69b4c  00000000  
I/DEBUG   ( 1818):     bee69b50  00000000  
I/DEBUG   ( 1818):     bee69b54  00000000  
I/DEBUG   ( 1818):     bee69b58  00000000  
I/DEBUG   ( 1818):     bee69b5c  00000000  
I/DEBUG   ( 1818):     bee69b60  00000000  
I/DEBUG   ( 1818):     bee69b64  00000000  
I/DEBUG   ( 1818):     bee69b68  00000000  
I/DEBUG   ( 1818):     bee69b6c  00000000  
I/DEBUG   ( 1818):     bee69b70  00000000  
I/DEBUG   ( 1818):     bee69b74  00000000  
I/DEBUG   ( 1818):     bee69b78  8069dec8  /system/lib/libaudio.so
I/DEBUG   ( 1818):     bee69b7c  806240e4  /system/lib/libaudio.so
I/DEBUG   ( 1818):     bee69b80  8069dd18  /system/lib/libaudio.so
I/DEBUG   ( 1818):     bee69b84  afe0f2c0  /system/lib/libc.so
I/DEBUG   ( 1818):     bee69b88  0000029c  
I/DEBUG   ( 1818):     bee69b8c  0000036c  
I/DEBUG   ( 1818):     bee69b90  0000aec0  [heap]
I/DEBUG   ( 1818):     bee69b94  8069dd10  /system/lib/libaudio.so
I/DEBUG   ( 1818):     bee69b98  8069f294  /system/lib/libaudio.so
I/DEBUG   ( 1818):     bee69b9c  00000000  
I/DEBUG   ( 1818):     bee69ba0  8069ee68  /system/lib/libaudio.so
I/DEBUG   ( 1818):     bee69ba4  00000000  
I/DEBUG   ( 1818):     bee69ba8  00000000  
I/DEBUG   ( 1818):     bee69bac  7ad7879d  
I/DEBUG   ( 1818):     bee69bb0  40000000  /dev/ashmem/system_properties (deleted)
I/DEBUG   ( 1818):     bee69bb4  0000ae88  [heap]
I/DEBUG   ( 1818):     bee69bb8  00000000  
I/DEBUG   ( 1818):     bee69bbc  0000aec0  [heap]
I/DEBUG   ( 1818):     bee69bc0  00000000  
I/DEBUG   ( 1818):     bee69bc4  00000000  
I/DEBUG   ( 1818):     bee69bc8  00000000  
I/DEBUG   ( 1818):     bee69bcc  00000000  
I/DEBUG   ( 1818):     bee69bd0  00000000  
I/DEBUG   ( 1818):     bee69bd4  80626fd8  /system/lib/libaudio.so
D/dalvikvm( 1835): GC freed 5016 objects / 446984 bytes in 144ms
D/installd( 1823): DexInv: --- BEGIN '/system/app/SamsungCamera.apk' ---
I/        ( 1945): ServiceManager: 0xad08
E/AudioHardwareALSA( 1945): Unable to attach mixer to device AndroidPlayback: No such file or directory
E/AudioHardwareALSA( 1945): Unable to attach mixer to device default: No such file or directory
E/AudioHardwareALSA( 1945): Unable to attach mixer to device AndroidRecord: No such file or directory
E/AudioHardwareALSA( 1945): Unable to attach mixer to device default: No such file or directory
I/DEBUG   ( 1818): *** *** *** *** *** *** *** *** *** *** *** *** *** *** *** ***
I/DEBUG   ( 1818): Build fingerprint: 'Samsung/GT-I5700/GT-I5700/GT-I5700:2.1-update1/ECLAIR/XXJH1:user/ota-rel-keys,release-keys'
I/DEBUG   ( 1818): pid: 1945, tid: 1945  >>> /system/bin/mediaserver <<<
I/DEBUG   ( 1818): signal 11 (SIGSEGV), fault addr 00000010
I/DEBUG   ( 1818):  r0 00000000  r1 8068def4  r2 00000000  r3 00000000
I/DEBUG   ( 1818):  r4 8069f1d4  r5 0000b030  r6 bed87b38  r7 0000b041
I/DEBUG   ( 1818):  r8 00000000  r9 0000aec0  10 00000000  fp bed87bd4
I/DEBUG   ( 1818):  ip 00000018  sp bed87b38  lr 806241a0  pc 8064905c  cpsr 00000010
I/DEBUG   ( 1818):          #00  pc 0004905c  /system/lib/libaudio.so
I/DEBUG   ( 1818):          #01  pc 0002419c  /system/lib/libaudio.so
I/DEBUG   ( 1818):          #02  pc 00026fd4  /system/lib/libaudio.so
I/DEBUG   ( 1818):          #03  pc 00027020  /system/lib/libaudio.so
I/DEBUG   ( 1818):          #04  pc 0008ab16  /system/lib/libaudio.so
I/DEBUG   ( 1818):          #05  pc 00022bc2  /system/lib/libaudioflinger.so
I/DEBUG   ( 1818):          #06  pc 00022c46  /system/lib/libaudioflinger.so
I/DEBUG   ( 1818):          #07  pc 0000879e  /system/bin/mediaserver
I/DEBUG   ( 1818):          #08  pc 0000c2c6  /system/lib/libc.so
I/DEBUG   ( 1818):          #09  pc b00018aa  /system/bin/linker
I/DEBUG   ( 1818): 
I/DEBUG   ( 1818): code around pc:
I/DEBUG   ( 1818): 8064904c 8afffffb e1c300b0 e3a00000 e12fff1e 
I/DEBUG   ( 1818): 8064905c e5b03010 e1530000 03a00000 12430004 
I/DEBUG   ( 1818): 8064906c e12fff1e e5902010 e2803010 e1520003 
I/DEBUG   ( 1818): 
I/DEBUG   ( 1818): code around lr:
I/DEBUG   ( 1818): 80624190 e08c9003 ebfff5c2 e5990004 eb0093ae 
I/DEBUG   ( 1818): 806241a0 e2504000 1a000004 ea00002d e1a00004 
I/DEBUG   ( 1818): 806241b0 eb0093b5 e2504000 0a000029 e1a00004 
I/DEBUG   ( 1818): 
I/DEBUG   ( 1818): stack:
I/DEBUG   ( 1818):     bed87af8  40000000  /dev/ashmem/system_properties (deleted)
I/DEBUG   ( 1818):     bed87afc  afe2222b  /system/lib/libc.so
I/DEBUG   ( 1818):     bed87b00  8068def0  /system/lib/libaudio.so
I/DEBUG   ( 1818):     bed87b04  0000b041  [heap]
I/DEBUG   ( 1818):     bed87b08  0000b041  [heap]
I/DEBUG   ( 1818):     bed87b0c  00000000  
I/DEBUG   ( 1818):     bed87b10  0000aec0  [heap]
I/DEBUG   ( 1818):     bed87b14  00000000  
I/DEBUG   ( 1818):     bed87b18  bed87bd4  [stack]
I/DEBUG   ( 1818):     bed87b1c  0000b041  [heap]
I/DEBUG   ( 1818):     bed87b20  00000003  
I/DEBUG   ( 1818):     bed87b24  afb05a8b  /system/lib/libcutils.so
I/DEBUG   ( 1818):     bed87b28  8069f1d4  /system/lib/libaudio.so
I/DEBUG   ( 1818):     bed87b2c  0000b030  [heap]
I/DEBUG   ( 1818):     bed87b30  df002777  
I/DEBUG   ( 1818):     bed87b34  e3a070ad  
I/DEBUG   ( 1818): #01 bed87b38  00000000  
I/DEBUG   ( 1818):     bed87b3c  00000000  
I/DEBUG   ( 1818):     bed87b40  00000000  
I/DEBUG   ( 1818):     bed87b44  00000000  
I/DEBUG   ( 1818):     bed87b48  00000000  
I/DEBUG   ( 1818):     bed87b4c  00000000  
I/DEBUG   ( 1818):     bed87b50  00000000  
I/DEBUG   ( 1818):     bed87b54  00000000  
I/DEBUG   ( 1818):     bed87b58  00000000  
I/DEBUG   ( 1818):     bed87b5c  00000000  
I/DEBUG   ( 1818):     bed87b60  00000000  
I/DEBUG   ( 1818):     bed87b64  00000000  
I/DEBUG   ( 1818):     bed87b68  00000000  
I/DEBUG   ( 1818):     bed87b6c  00000000  
I/DEBUG   ( 1818):     bed87b70  00000000  
I/DEBUG   ( 1818):     bed87b74  00000000  
I/DEBUG   ( 1818):     bed87b78  8069dec8  /system/lib/libaudio.so
I/DEBUG   ( 1818):     bed87b7c  806240e4  /system/lib/libaudio.so
I/DEBUG   ( 1818):     bed87b80  8069dd18  /system/lib/libaudio.so
I/DEBUG   ( 1818):     bed87b84  afe0f2c0  /system/lib/libc.so
I/DEBUG   ( 1818):     bed87b88  0000029c  
I/DEBUG   ( 1818):     bed87b8c  0000036c  
I/DEBUG   ( 1818):     bed87b90  0000aec0  [heap]
I/DEBUG   ( 1818):     bed87b94  8069dd10  /system/lib/libaudio.so
I/DEBUG   ( 1818):     bed87b98  8069f294  /system/lib/libaudio.so
I/DEBUG   ( 1818):     bed87b9c  00000000  
I/DEBUG   ( 1818):     bed87ba0  8069ee68  /system/lib/libaudio.so
I/DEBUG   ( 1818):     bed87ba4  00000000  
I/DEBUG   ( 1818):     bed87ba8  00000000  
I/DEBUG   ( 1818):     bed87bac  e7afa222  
I/DEBUG   ( 1818):     bed87bb0  40000000  /dev/ashmem/system_properties (deleted)
I/DEBUG   ( 1818):     bed87bb4  0000ae88  [heap]
I/DEBUG   ( 1818):     bed87bb8  00000000  
I/DEBUG   ( 1818):     bed87bbc  0000aec0  [heap]
I/DEBUG   ( 1818):     bed87bc0  00000000  
I/DEBUG   ( 1818):     bed87bc4  00000000  
I/DEBUG   ( 1818):     bed87bc8  00000000  
I/DEBUG   ( 1818):     bed87bcc  00000000  
I/DEBUG   ( 1818):     bed87bd0  00000000  
I/DEBUG   ( 1818):     bed87bd4  80626fd8  /system/lib/libaudio.so
I/        ( 1948): ServiceManager: 0xad08
E/AudioHardwareALSA( 1948): Unable to attach mixer to device AndroidPlayback: No such file or directory
E/AudioHardwareALSA( 1948): Unable to attach mixer to device default: No such file or directory
E/AudioHardwareALSA( 1948): Unable to attach mixer to device AndroidRecord: No such file or directory
E/AudioHardwareALSA( 1948): Unable to attach mixer to device default: No such file or directory
I/DEBUG   ( 1818): *** *** *** *** *** *** *** *** *** *** *** *** *** *** *** ***
I/DEBUG   ( 1818): Build fingerprint: 'Samsung/GT-I5700/GT-I5700/GT-I5700:2.1-update1/ECLAIR/XXJH1:user/ota-rel-keys,release-keys'
I/DEBUG   ( 1818): pid: 1948, tid: 1948  >>> /system/bin/mediaserver <<<
I/DEBUG   ( 1818): signal 11 (SIGSEGV), fault addr 00000010
I/DEBUG   ( 1818):  r0 00000000  r1 8068def4  r2 00000000  r3 00000000
I/DEBUG   ( 1818):  r4 8069f1d4  r5 0000b030  r6 be96db38  r7 0000b041
I/DEBUG   ( 1818):  r8 00000000  r9 0000aec0  10 00000000  fp be96dbd4
I/DEBUG   ( 1818):  ip 00000018  sp be96db38  lr 806241a0  pc 8064905c  cpsr 00000010
I/DEBUG   ( 1818):          #00  pc 0004905c  /system/lib/libaudio.so
I/DEBUG   ( 1818):          #01  pc 0002419c  /system/lib/libaudio.so
I/DEBUG   ( 1818):          #02  pc 00026fd4  /system/lib/libaudio.so
I/DEBUG   ( 1818):          #03  pc 00027020  /system/lib/libaudio.so
I/DEBUG   ( 1818):          #04  pc 0008ab16  /system/lib/libaudio.so
I/DEBUG   ( 1818):          #05  pc 00022bc2  /system/lib/libaudioflinger.so
I/DEBUG   ( 1818):          #06  pc 00022c46  /system/lib/libaudioflinger.so
I/DEBUG   ( 1818):          #07  pc 0000879e  /system/bin/mediaserver
I/DEBUG   ( 1818):          #08  pc 0000c2c6  /system/lib/libc.so
I/DEBUG   ( 1818):          #09  pc b00018aa  /system/bin/linker
I/DEBUG   ( 1818): 
I/DEBUG   ( 1818): code around pc:
I/DEBUG   ( 1818): 8064904c 8afffffb e1c300b0 e3a00000 e12fff1e 
I/DEBUG   ( 1818): 8064905c e5b03010 e1530000 03a00000 12430004 
I/DEBUG   ( 1818): 8064906c e12fff1e e5902010 e2803010 e1520003 
I/DEBUG   ( 1818): 
I/DEBUG   ( 1818): code around lr:
I/DEBUG   ( 1818): 80624190 e08c9003 ebfff5c2 e5990004 eb0093ae 
I/DEBUG   ( 1818): 806241a0 e2504000 1a000004 ea00002d e1a00004 
I/DEBUG   ( 1818): 806241b0 eb0093b5 e2504000 0a000029 e1a00004 
I/DEBUG   ( 1818): 
I/DEBUG   ( 1818): stack:
I/DEBUG   ( 1818):     be96daf8  40000000  /dev/ashmem/system_properties (deleted)
I/DEBUG   ( 1818):     be96dafc  afe2222b  /system/lib/libc.so
I/DEBUG   ( 1818):     be96db00  8068def0  /system/lib/libaudio.so
I/DEBUG   ( 1818):     be96db04  0000b041  [heap]
I/DEBUG   ( 1818):     be96db08  0000b041  [heap]
I/DEBUG   ( 1818):     be96db0c  00000000  
I/DEBUG   ( 1818):     be96db10  0000aec0  [heap]
I/DEBUG   ( 1818):     be96db14  00000000  
I/DEBUG   ( 1818):     be96db18  be96dbd4  [stack]
I/DEBUG   ( 1818):     be96db1c  0000b041  [heap]
I/DEBUG   ( 1818):     be96db20  00000003  
I/DEBUG   ( 1818):     be96db24  afb05a8b  /system/lib/libcutils.so
I/DEBUG   ( 1818):     be96db28  8069f1d4  /system/lib/libaudio.so
I/DEBUG   ( 1818):     be96db2c  0000b030  [heap]
I/DEBUG   ( 1818):     be96db30  df002777  
I/DEBUG   ( 1818):     be96db34  e3a070ad  
I/DEBUG   ( 1818): #01 be96db38  00000000  
I/DEBUG   ( 1818):     be96db3c  00000000  
I/DEBUG   ( 1818):     be96db40  00000000  
I/DEBUG   ( 1818):     be96db44  00000000  
I/DEBUG   ( 1818):     be96db48  00000000  
I/DEBUG   ( 1818):     be96db4c  00000000  
I/DEBUG   ( 1818):     be96db50  00000000  
I/DEBUG   ( 1818):     be96db54  00000000  
I/DEBUG   ( 1818):     be96db58  00000000  
I/DEBUG   ( 1818):     be96db5c  00000000  
I/DEBUG   ( 1818):     be96db60  00000000  
I/DEBUG   ( 1818):     be96db64  00000000  
I/DEBUG   ( 1818):     be96db68  00000000  
I/DEBUG   ( 1818):     be96db6c  00000000  
I/DEBUG   ( 1818):     be96db70  00000000  
I/DEBUG   ( 1818):     be96db74  00000000  
I/DEBUG   ( 1818):     be96db78  8069dec8  /system/lib/libaudio.so
I/DEBUG   ( 1818):     be96db7c  806240e4  /system/lib/libaudio.so
I/DEBUG   ( 1818):     be96db80  8069dd18  /system/lib/libaudio.so
I/DEBUG   ( 1818):     be96db84  afe0f2c0  /system/lib/libc.so
I/DEBUG   ( 1818):     be96db88  0000029c  
I/DEBUG   ( 1818):     be96db8c  0000036c  
I/DEBUG   ( 1818):     be96db90  0000aec0  [heap]
I/DEBUG   ( 1818):     be96db94  8069dd10  /system/lib/libaudio.so
I/DEBUG   ( 1818):     be96db98  8069f294  /system/lib/libaudio.so
I/DEBUG   ( 1818):     be96db9c  00000000  
I/DEBUG   ( 1818):     be96dba0  8069ee68  /system/lib/libaudio.so
I/DEBUG   ( 1818):     be96dba4  00000000  
I/DEBUG   ( 1818):     be96dba8  00000000  
I/DEBUG   ( 1818):     be96dbac  6b25fd85  
I/DEBUG   ( 1818):     be96dbb0  40000000  /dev/ashmem/system_properties (deleted)
I/DEBUG   ( 1818):     be96dbb4  0000ae88  [heap]
I/DEBUG   ( 1818):     be96dbb8  00000000  
I/DEBUG   ( 1818):     be96dbbc  0000aec0  [heap]
I/DEBUG   ( 1818):     be96dbc0  00000000  
I/DEBUG   ( 1818):     be96dbc4  00000000  
I/DEBUG   ( 1818):     be96dbc8  00000000  
I/DEBUG   ( 1818):     be96dbcc  00000000  
I/DEBUG   ( 1818):     be96dbd0  00000000  
I/DEBUG   ( 1818):     be96dbd4  80626fd8  /system/lib/libaudio.so
I/        ( 1951): ServiceManager: 0xad08
E/AudioHardwareALSA( 1951): Unable to attach mixer to device AndroidPlayback: No such file or directory
E/AudioHardwareALSA( 1951): Unable to attach mixer to device default: No such file or directory
E/AudioHardwareALSA( 1951): Unable to attach mixer to device AndroidRecord: No such file or directory
E/AudioHardwareALSA( 1951): Unable to attach mixer to device default: No such file or directory
I/DEBUG   ( 1818): *** *** *** *** *** *** *** *** *** *** *** *** *** *** *** ***
I/DEBUG   ( 1818): Build fingerprint: 'Samsung/GT-I5700/GT-I5700/GT-I5700:2.1-update1/ECLAIR/XXJH1:user/ota-rel-keys,release-keys'
I/DEBUG   ( 1818): pid: 1951, tid: 1951  >>> /system/bin/mediaserver <<<
I/DEBUG   ( 1818): signal 11 (SIGSEGV), fault addr 00000010
I/DEBUG   ( 1818):  r0 00000000  r1 8068def4  r2 00000000  r3 00000000
I/DEBUG   ( 1818):  r4 8069f1d4  r5 0000b030  r6 bef95b38  r7 0000b041
I/DEBUG   ( 1818):  r8 00000000  r9 0000aec0  10 00000000  fp bef95bd4
I/DEBUG   ( 1818):  ip 00000018  sp bef95b38  lr 806241a0  pc 8064905c  cpsr 00000010
I/DEBUG   ( 1818):          #00  pc 0004905c  /system/lib/libaudio.so
I/DEBUG   ( 1818):          #01  pc 0002419c  /system/lib/libaudio.so
I/DEBUG   ( 1818):          #02  pc 00026fd4  /system/lib/libaudio.so
I/DEBUG   ( 1818):          #03  pc 00027020  /system/lib/libaudio.so
I/DEBUG   ( 1818):          #04  pc 0008ab16  /system/lib/libaudio.so
I/DEBUG   ( 1818):          #05  pc 00022bc2  /system/lib/libaudioflinger.so
I/DEBUG   ( 1818):          #06  pc 00022c46  /system/lib/libaudioflinger.so
I/DEBUG   ( 1818):          #07  pc 0000879e  /system/bin/mediaserver
I/DEBUG   ( 1818):          #08  pc 0000c2c6  /system/lib/libc.so
I/DEBUG   ( 1818):          #09  pc b00018aa  /system/bin/linker
I/DEBUG   ( 1818): 
I/DEBUG   ( 1818): code around pc:
I/DEBUG   ( 1818): 8064904c 8afffffb e1c300b0 e3a00000 e12fff1e 
I/DEBUG   ( 1818): 8064905c e5b03010 e1530000 03a00000 12430004 
I/DEBUG   ( 1818): 8064906c e12fff1e e5902010 e2803010 e1520003 
I/DEBUG   ( 1818): 
I/DEBUG   ( 1818): code around lr:
I/DEBUG   ( 1818): 80624190 e08c9003 ebfff5c2 e5990004 eb0093ae 
I/DEBUG   ( 1818): 806241a0 e2504000 1a000004 ea00002d e1a00004 
I/DEBUG   ( 1818): 806241b0 eb0093b5 e2504000 0a000029 e1a00004 
I/DEBUG   ( 1818): 
I/DEBUG   ( 1818): stack:
I/DEBUG   ( 1818):     bef95af8  40000000  /dev/ashmem/system_properties (deleted)
I/DEBUG   ( 1818):     bef95afc  afe2222b  /system/lib/libc.so
I/DEBUG   ( 1818):     bef95b00  8068def0  /system/lib/libaudio.so
I/DEBUG   ( 1818):     bef95b04  0000b041  [heap]
I/DEBUG   ( 1818):     bef95b08  0000b041  [heap]
I/DEBUG   ( 1818):     bef95b0c  00000000  
I/DEBUG   ( 1818):     bef95b10  0000aec0  [heap]
I/DEBUG   ( 1818):     bef95b14  00000000  
I/DEBUG   ( 1818):     bef95b18  bef95bd4  [stack]
I/DEBUG   ( 1818):     bef95b1c  0000b041  [heap]
I/DEBUG   ( 1818):     bef95b20  00000003  
I/DEBUG   ( 1818):     bef95b24  afb05a8b  /system/lib/libcutils.so
I/DEBUG   ( 1818):     bef95b28  8069f1d4  /system/lib/libaudio.so
I/DEBUG   ( 1818):     bef95b2c  0000b030  [heap]
I/DEBUG   ( 1818):     bef95b30  df002777  
I/DEBUG   ( 1818):     bef95b34  e3a070ad  
I/DEBUG   ( 1818): #01 bef95b38  00000000  
I/DEBUG   ( 1818):     bef95b3c  00000000  
I/DEBUG   ( 1818):     bef95b40  00000000  
I/DEBUG   ( 1818):     bef95b44  00000000  
I/DEBUG   ( 1818):     bef95b48  00000000  
I/DEBUG   ( 1818):     bef95b4c  00000000  
I/DEBUG   ( 1818):     bef95b50  00000000  
I/DEBUG   ( 1818):     bef95b54  00000000  
I/DEBUG   ( 1818):     bef95b58  00000000  
I/DEBUG   ( 1818):     bef95b5c  00000000  
I/DEBUG   ( 1818):     bef95b60  00000000  
I/DEBUG   ( 1818):     bef95b64  00000000  
I/DEBUG   ( 1818):     bef95b68  00000000  
I/DEBUG   ( 1818):     bef95b6c  00000000  
I/DEBUG   ( 1818):     bef95b70  00000000  
I/DEBUG   ( 1818):     bef95b74  00000000  
I/DEBUG   ( 1818):     bef95b78  8069dec8  /system/lib/libaudio.so
I/DEBUG   ( 1818):     bef95b7c  806240e4  /system/lib/libaudio.so
I/DEBUG   ( 1818):     bef95b80  8069dd18  /system/lib/libaudio.so
I/DEBUG   ( 1818):     bef95b84  afe0f2c0  /system/lib/libc.so
I/DEBUG   ( 1818):     bef95b88  0000029c  
D/dalvikvm( 1943): DexOpt: load 2032ms, verify 9665ms, opt 491ms
I/DEBUG   ( 1818):     bef95b8c  0000036c  
I/DEBUG   ( 1818):     bef95b90  0000aec0  [heap]
I/DEBUG   ( 1818):     bef95b94  8069dd10  /system/lib/libaudio.so
I/DEBUG   ( 1818):     bef95b98  8069f294  /system/lib/libaudio.so
I/DEBUG   ( 1818):     bef95b9c  00000000  
I/DEBUG   ( 1818):     bef95ba0  8069ee68  /system/lib/libaudio.so
I/DEBUG   ( 1818):     bef95ba4  00000000  
I/DEBUG   ( 1818):     bef95ba8  00000000  
I/DEBUG   ( 1818):     bef95bac  ff524130  
I/DEBUG   ( 1818):     bef95bb0  40000000  /dev/ashmem/system_properties (deleted)
I/DEBUG   ( 1818):     bef95bb4  0000ae88  [heap]
I/DEBUG   ( 1818):     bef95bb8  00000000  
I/DEBUG   ( 1818):     bef95bbc  0000aec0  [heap]
I/DEBUG   ( 1818):     bef95bc0  00000000  
I/DEBUG   ( 1818):     bef95bc4  00000000  
I/DEBUG   ( 1818):     bef95bc8  00000000  
I/DEBUG   ( 1818):     bef95bcc  00000000  
I/DEBUG   ( 1818):     bef95bd0  00000000  
I/DEBUG   ( 1818):     bef95bd4  80626fd8  /system/lib/libaudio.so
D/installd( 1823): DexInv: --- END '/system/app/SamsungCamera.apk' (success) ---
I/PackageManager( 1835): /system/app/Settings.apk changed; collecting certs
D/dalvikvm( 1835): GC freed 7183 objects / 760240 bytes in 648ms
D/installd( 1823): DexInv: --- BEGIN '/system/app/Settings.apk' ---
I/        ( 1954): ServiceManager: 0xad08
E/AudioHardwareALSA( 1954): Unable to attach mixer to device AndroidPlayback: No such file or directory
E/AudioHardwareALSA( 1954): Unable to attach mixer to device default: No such file or directory
E/AudioHardwareALSA( 1954): Unable to attach mixer to device AndroidRecord: No such file or directory
E/AudioHardwareALSA( 1954): Unable to attach mixer to device default: No such file or directory
I/DEBUG   ( 1818): *** *** *** *** *** *** *** *** *** *** *** *** *** *** *** ***
I/DEBUG   ( 1818): Build fingerprint: 'Samsung/GT-I5700/GT-I5700/GT-I5700:2.1-update1/ECLAIR/XXJH1:user/ota-rel-keys,release-keys'
I/DEBUG   ( 1818): pid: 1954, tid: 1954  >>> /system/bin/mediaserver <<<
I/DEBUG   ( 1818): signal 11 (SIGSEGV), fault addr 00000010
I/DEBUG   ( 1818):  r0 00000000  r1 8068def4  r2 00000000  r3 00000000
I/DEBUG   ( 1818):  r4 8069f1d4  r5 0000b030  r6 bed47b38  r7 0000b041
I/DEBUG   ( 1818):  r8 00000000  r9 0000aec0  10 00000000  fp bed47bd4
I/DEBUG   ( 1818):  ip 00000018  sp bed47b38  lr 806241a0  pc 8064905c  cpsr 00000010
I/DEBUG   ( 1818):          #00  pc 0004905c  /system/lib/libaudio.so
I/DEBUG   ( 1818):          #01  pc 0002419c  /system/lib/libaudio.so
I/DEBUG   ( 1818):          #02  pc 00026fd4  /system/lib/libaudio.so
I/DEBUG   ( 1818):          #03  pc 00027020  /system/lib/libaudio.so
I/DEBUG   ( 1818):          #04  pc 0008ab16  /system/lib/libaudio.so
I/DEBUG   ( 1818):          #05  pc 00022bc2  /system/lib/libaudioflinger.so
I/DEBUG   ( 1818):          #06  pc 00022c46  /system/lib/libaudioflinger.so
I/DEBUG   ( 1818):          #07  pc 0000879e  /system/bin/mediaserver
I/DEBUG   ( 1818):          #08  pc 0000c2c6  /system/lib/libc.so
I/DEBUG   ( 1818):          #09  pc b00018aa  /system/bin/linker
I/DEBUG   ( 1818): 
I/DEBUG   ( 1818): code around pc:
I/DEBUG   ( 1818): 8064904c 8afffffb e1c300b0 e3a00000 e12fff1e 
I/DEBUG   ( 1818): 8064905c e5b03010 e1530000 03a00000 12430004 
I/DEBUG   ( 1818): 8064906c e12fff1e e5902010 e2803010 e1520003 
I/DEBUG   ( 1818): 
I/DEBUG   ( 1818): code around lr:
I/DEBUG   ( 1818): 80624190 e08c9003 ebfff5c2 e5990004 eb0093ae 
I/DEBUG   ( 1818): 806241a0 e2504000 1a000004 ea00002d e1a00004 
I/DEBUG   ( 1818): 806241b0 eb0093b5 e2504000 0a000029 e1a00004 
I/DEBUG   ( 1818): 
I/DEBUG   ( 1818): stack:
I/DEBUG   ( 1818):     bed47af8  40000000  /dev/ashmem/system_properties (deleted)
I/DEBUG   ( 1818):     bed47afc  afe2222b  /system/lib/libc.so
I/DEBUG   ( 1818):     bed47b00  8068def0  /system/lib/libaudio.so
I/DEBUG   ( 1818):     bed47b04  0000b041  [heap]
I/DEBUG   ( 1818):     bed47b08  0000b041  [heap]
I/DEBUG   ( 1818):     bed47b0c  00000000  
I/DEBUG   ( 1818):     bed47b10  0000aec0  [heap]
I/DEBUG   ( 1818):     bed47b14  00000000  
I/DEBUG   ( 1818):     bed47b18  bed47bd4  [stack]
I/DEBUG   ( 1818):     bed47b1c  0000b041  [heap]
I/DEBUG   ( 1818):     bed47b20  00000003  
I/DEBUG   ( 1818):     bed47b24  afb05a8b  /system/lib/libcutils.so
I/DEBUG   ( 1818):     bed47b28  8069f1d4  /system/lib/libaudio.so
I/DEBUG   ( 1818):     bed47b2c  0000b030  [heap]
I/DEBUG   ( 1818):     bed47b30  df002777  
I/DEBUG   ( 1818):     bed47b34  e3a070ad  
I/DEBUG   ( 1818): #01 bed47b38  00000000  
I/DEBUG   ( 1818):     bed47b3c  00000000  
I/DEBUG   ( 1818):     bed47b40  00000000  
I/DEBUG   ( 1818):     bed47b44  00000000  
I/DEBUG   ( 1818):     bed47b48  00000000  
I/DEBUG   ( 1818):     bed47b4c  00000000  
I/DEBUG   ( 1818):     bed47b50  00000000  
I/DEBUG   ( 1818):     bed47b54  00000000  
I/DEBUG   ( 1818):     bed47b58  00000000  
I/DEBUG   ( 1818):     bed47b5c  00000000  
I/DEBUG   ( 1818):     bed47b60  00000000  
I/DEBUG   ( 1818):     bed47b64  00000000  
I/DEBUG   ( 1818):     bed47b68  00000000  
I/DEBUG   ( 1818):     bed47b6c  00000000  
I/DEBUG   ( 1818):     bed47b70  00000000  
I/DEBUG   ( 1818):     bed47b74  00000000  
I/DEBUG   ( 1818):     bed47b78  8069dec8  /system/lib/libaudio.so
I/DEBUG   ( 1818):     bed47b7c  806240e4  /system/lib/libaudio.so
I/DEBUG   ( 1818):     bed47b80  8069dd18  /system/lib/libaudio.so
I/DEBUG   ( 1818):     bed47b84  afe0f2c0  /system/lib/libc.so
I/DEBUG   ( 1818):     bed47b88  0000029c  
I/DEBUG   ( 1818):     bed47b8c  0000036c  
I/DEBUG   ( 1818):     bed47b90  0000aec0  [heap]
I/DEBUG   ( 1818):     bed47b94  8069dd10  /system/lib/libaudio.so
I/DEBUG   ( 1818):     bed47b98  8069f294  /system/lib/libaudio.so
I/DEBUG   ( 1818):     bed47b9c  00000000  
I/DEBUG   ( 1818):     bed47ba0  8069ee68  /system/lib/libaudio.so
I/DEBUG   ( 1818):     bed47ba4  00000000  
I/DEBUG   ( 1818):     bed47ba8  00000000  
I/DEBUG   ( 1818):     bed47bac  13eb9a5a  
I/DEBUG   ( 1818):     bed47bb0  40000000  /dev/ashmem/system_properties (deleted)
I/DEBUG   ( 1818):     bed47bb4  0000ae88  [heap]
I/DEBUG   ( 1818):     bed47bb8  00000000  
I/DEBUG   ( 1818):     bed47bbc  0000aec0  [heap]
I/DEBUG   ( 1818):     bed47bc0  00000000  
I/DEBUG   ( 1818):     bed47bc4  00000000  
I/DEBUG   ( 1818):     bed47bc8  00000000  
I/DEBUG   ( 1818):     bed47bcc  00000000  
I/DEBUG   ( 1818):     bed47bd0  00000000  
I/DEBUG   ( 1818):     bed47bd4  80626fd8  /system/lib/libaudio.so
I/        ( 1958): ServiceManager: 0xad08
E/AudioHardwareALSA( 1958): Unable to attach mixer to device AndroidPlayback: No such file or directory
E/AudioHardwareALSA( 1958): Unable to attach mixer to device default: No such file or directory
E/AudioHardwareALSA( 1958): Unable to attach mixer to device AndroidRecord: No such file or directory
E/AudioHardwareALSA( 1958): Unable to attach mixer to device default: No such file or directory
I/DEBUG   ( 1818): *** *** *** *** *** *** *** *** *** *** *** *** *** *** *** ***
I/DEBUG   ( 1818): Build fingerprint: 'Samsung/GT-I5700/GT-I5700/GT-I5700:2.1-update1/ECLAIR/XXJH1:user/ota-rel-keys,release-keys'
I/DEBUG   ( 1818): pid: 1958, tid: 1958  >>> /system/bin/mediaserver <<<
I/DEBUG   ( 1818): signal 11 (SIGSEGV), fault addr 00000010
I/DEBUG   ( 1818):  r0 00000000  r1 8068def4  r2 00000000  r3 00000000
I/DEBUG   ( 1818):  r4 8069f1d4  r5 0000b030  r6 bea0bb38  r7 0000b041
I/DEBUG   ( 1818):  r8 00000000  r9 0000aec0  10 00000000  fp bea0bbd4
I/DEBUG   ( 1818):  ip 00000018  sp bea0bb38  lr 806241a0  pc 8064905c  cpsr 00000010
I/DEBUG   ( 1818):          #00  pc 0004905c  /system/lib/libaudio.so
I/DEBUG   ( 1818):          #01  pc 0002419c  /system/lib/libaudio.so
I/DEBUG   ( 1818):          #02  pc 00026fd4  /system/lib/libaudio.so
I/DEBUG   ( 1818):          #03  pc 00027020  /system/lib/libaudio.so
