I/DEBUG   ( 1818):          #04  pc 0008ab16  /system/lib/libaudio.so
I/DEBUG   ( 1818):          #05  pc 00022bc2  /system/lib/libaudioflinger.so
I/DEBUG   ( 1818):          #06  pc 00022c46  /system/lib/libaudioflinger.so
I/DEBUG   ( 1818):          #07  pc 0000879e  /system/bin/mediaserver
I/DEBUG   ( 1818):          #08  pc 0000c2c6  /system/lib/libc.so
I/DEBUG   ( 1818):          #09  pc b00018aa  /system/bin/linker
I/DEBUG   ( 1818): 
I/DEBUG   ( 1818): code around pc:
I/DEBUG   ( 1818): 8064904c 8afffffb e1c300b0 e3a00000 e12fff1e 
I/DEBUG   ( 1818): 8064905c e5b03010 e1530000 03a00000 12430004 
I/DEBUG   ( 1818): 8064906c e12fff1e e5902010 e2803010 e1520003 
I/DEBUG   ( 1818): 
I/DEBUG   ( 1818): code around lr:
I/DEBUG   ( 1818): 80624190 e08c9003 ebfff5c2 e5990004 eb0093ae 
I/DEBUG   ( 1818): 806241a0 e2504000 1a000004 ea00002d e1a00004 
I/DEBUG   ( 1818): 806241b0 eb0093b5 e2504000 0a000029 e1a00004 
I/DEBUG   ( 1818): 
I/DEBUG   ( 1818): stack:
I/DEBUG   ( 1818):     bea0baf8  40000000  /dev/ashmem/system_properties (deleted)
I/DEBUG   ( 1818):     bea0bafc  afe2222b  /system/lib/libc.so
I/DEBUG   ( 1818):     bea0bb00  8068def0  /system/lib/libaudio.so
I/DEBUG   ( 1818):     bea0bb04  0000b041  [heap]
I/DEBUG   ( 1818):     bea0bb08  0000b041  [heap]
I/DEBUG   ( 1818):     bea0bb0c  00000000  
I/DEBUG   ( 1818):     bea0bb10  0000aec0  [heap]
I/DEBUG   ( 1818):     bea0bb14  00000000  
I/DEBUG   ( 1818):     bea0bb18  bea0bbd4  [stack]
I/DEBUG   ( 1818):     bea0bb1c  0000b041  [heap]
I/DEBUG   ( 1818):     bea0bb20  00000003  
I/DEBUG   ( 1818):     bea0bb24  afb05a8b  /system/lib/libcutils.so
I/DEBUG   ( 1818):     bea0bb28  8069f1d4  /system/lib/libaudio.so
I/DEBUG   ( 1818):     bea0bb2c  0000b030  [heap]
I/DEBUG   ( 1818):     bea0bb30  df002777  
I/DEBUG   ( 1818):     bea0bb34  e3a070ad  
I/DEBUG   ( 1818): #01 bea0bb38  00000000  
I/DEBUG   ( 1818):     bea0bb3c  00000000  
I/DEBUG   ( 1818):     bea0bb40  00000000  
I/DEBUG   ( 1818):     bea0bb44  00000000  
I/DEBUG   ( 1818):     bea0bb48  00000000  
I/DEBUG   ( 1818):     bea0bb4c  00000000  
I/DEBUG   ( 1818):     bea0bb50  00000000  
I/DEBUG   ( 1818):     bea0bb54  00000000  
I/DEBUG   ( 1818):     bea0bb58  00000000  
I/DEBUG   ( 1818):     bea0bb5c  00000000  
I/DEBUG   ( 1818):     bea0bb60  00000000  
I/DEBUG   ( 1818):     bea0bb64  00000000  
I/DEBUG   ( 1818):     bea0bb68  00000000  
I/DEBUG   ( 1818):     bea0bb6c  00000000  
I/DEBUG   ( 1818):     bea0bb70  00000000  
I/DEBUG   ( 1818):     bea0bb74  00000000  
I/DEBUG   ( 1818):     bea0bb78  8069dec8  /system/lib/libaudio.so
I/DEBUG   ( 1818):     bea0bb7c  806240e4  /system/lib/libaudio.so
I/DEBUG   ( 1818):     bea0bb80  8069dd18  /system/lib/libaudio.so
I/DEBUG   ( 1818):     bea0bb84  afe0f2c0  /system/lib/libc.so
I/DEBUG   ( 1818):     bea0bb88  0000029c  
I/DEBUG   ( 1818):     bea0bb8c  0000036c  
I/DEBUG   ( 1818):     bea0bb90  0000aec0  [heap]
I/DEBUG   ( 1818):     bea0bb94  8069dd10  /system/lib/libaudio.so
I/DEBUG   ( 1818):     bea0bb98  8069f294  /system/lib/libaudio.so
I/DEBUG   ( 1818):     bea0bb9c  00000000  
I/DEBUG   ( 1818):     bea0bba0  8069ee68  /system/lib/libaudio.so
I/DEBUG   ( 1818):     bea0bba4  00000000  
I/DEBUG   ( 1818):     bea0bba8  00000000  
I/DEBUG   ( 1818):     bea0bbac  7419df9f  
I/DEBUG   ( 1818):     bea0bbb0  40000000  /dev/ashmem/system_properties (deleted)
I/DEBUG   ( 1818):     bea0bbb4  0000ae88  [heap]
I/DEBUG   ( 1818):     bea0bbb8  00000000  
I/DEBUG   ( 1818):     bea0bbbc  0000aec0  [heap]
I/DEBUG   ( 1818):     bea0bbc0  00000000  
I/DEBUG   ( 1818):     bea0bbc4  00000000  
I/DEBUG   ( 1818):     bea0bbc8  00000000  
I/DEBUG   ( 1818):     bea0bbcc  00000000  
I/DEBUG   ( 1818):     bea0bbd0  00000000  
I/DEBUG   ( 1818):     bea0bbd4  80626fd8  /system/lib/libaudio.so
I/        ( 1961): ServiceManager: 0xad08
E/AudioHardwareALSA( 1961): Unable to attach mixer to device AndroidPlayback: No such file or directory
E/AudioHardwareALSA( 1961): Unable to attach mixer to device default: No such file or directory
E/AudioHardwareALSA( 1961): Unable to attach mixer to device AndroidRecord: No such file or directory
E/AudioHardwareALSA( 1961): Unable to attach mixer to device default: No such file or directory
D/dalvikvm( 1956): DexOpt: load 995ms, verify 6477ms, opt 203ms
I/DEBUG   ( 1818): *** *** *** *** *** *** *** *** *** *** *** *** *** *** *** ***
I/DEBUG   ( 1818): Build fingerprint: 'Samsung/GT-I5700/GT-I5700/GT-I5700:2.1-update1/ECLAIR/XXJH1:user/ota-rel-keys,release-keys'
I/DEBUG   ( 1818): pid: 1961, tid: 1961  >>> /system/bin/mediaserver <<<
I/DEBUG   ( 1818): signal 11 (SIGSEGV), fault addr 00000010
I/DEBUG   ( 1818):  r0 00000000  r1 8068def4  r2 00000000  r3 00000000
I/DEBUG   ( 1818):  r4 8069f1d4  r5 0000b030  r6 be974b38  r7 0000b041
I/DEBUG   ( 1818):  r8 00000000  r9 0000aec0  10 00000000  fp be974bd4
I/DEBUG   ( 1818):  ip 00000018  sp be974b38  lr 806241a0  pc 8064905c  cpsr 00000010
I/DEBUG   ( 1818):          #00  pc 0004905c  /system/lib/libaudio.so
I/DEBUG   ( 1818):          #01  pc 0002419c  /system/lib/libaudio.so
I/DEBUG   ( 1818):          #02  pc 00026fd4  /system/lib/libaudio.so
I/DEBUG   ( 1818):          #03  pc 00027020  /system/lib/libaudio.so
I/DEBUG   ( 1818):          #04  pc 0008ab16  /system/lib/libaudio.so
I/DEBUG   ( 1818):          #05  pc 00022bc2  /system/lib/libaudioflinger.so
I/DEBUG   ( 1818):          #06  pc 00022c46  /system/lib/libaudioflinger.so
I/DEBUG   ( 1818):          #07  pc 0000879e  /system/bin/mediaserver
I/DEBUG   ( 1818):          #08  pc 0000c2c6  /system/lib/libc.so
I/DEBUG   ( 1818):          #09  pc b00018aa  /system/bin/linker
I/DEBUG   ( 1818): 
I/DEBUG   ( 1818): code around pc:
I/DEBUG   ( 1818): 8064904c 8afffffb e1c300b0 e3a00000 e12fff1e 
I/DEBUG   ( 1818): 8064905c e5b03010 e1530000 03a00000 12430004 
I/DEBUG   ( 1818): 8064906c e12fff1e e5902010 e2803010 e1520003 
I/DEBUG   ( 1818): 
I/DEBUG   ( 1818): code around lr:
I/DEBUG   ( 1818): 80624190 e08c9003 ebfff5c2 e5990004 eb0093ae 
I/DEBUG   ( 1818): 806241a0 e2504000 1a000004 ea00002d e1a00004 
I/DEBUG   ( 1818): 806241b0 eb0093b5 e2504000 0a000029 e1a00004 
I/DEBUG   ( 1818): 
I/DEBUG   ( 1818): stack:
I/DEBUG   ( 1818):     be974af8  40000000  /dev/ashmem/system_properties (deleted)
I/DEBUG   ( 1818):     be974afc  afe2222b  /system/lib/libc.so
I/DEBUG   ( 1818):     be974b00  8068def0  /system/lib/libaudio.so
I/DEBUG   ( 1818):     be974b04  0000b041  [heap]
I/DEBUG   ( 1818):     be974b08  0000b041  [heap]
I/DEBUG   ( 1818):     be974b0c  00000000  
I/DEBUG   ( 1818):     be974b10  0000aec0  [heap]
I/DEBUG   ( 1818):     be974b14  00000000  
I/DEBUG   ( 1818):     be974b18  be974bd4  [stack]
I/DEBUG   ( 1818):     be974b1c  0000b041  [heap]
I/DEBUG   ( 1818):     be974b20  00000003  
I/DEBUG   ( 1818):     be974b24  afb05a8b  /system/lib/libcutils.so
I/DEBUG   ( 1818):     be974b28  8069f1d4  /system/lib/libaudio.so
I/DEBUG   ( 1818):     be974b2c  0000b030  [heap]
I/DEBUG   ( 1818):     be974b30  df002777  
I/DEBUG   ( 1818):     be974b34  e3a070ad  
I/DEBUG   ( 1818): #01 be974b38  00000000  
I/DEBUG   ( 1818):     be974b3c  00000000  
I/DEBUG   ( 1818):     be974b40  00000000  
I/DEBUG   ( 1818):     be974b44  00000000  
I/DEBUG   ( 1818):     be974b48  00000000  
I/DEBUG   ( 1818):     be974b4c  00000000  
I/DEBUG   ( 1818):     be974b50  00000000  
I/DEBUG   ( 1818):     be974b54  00000000  
I/DEBUG   ( 1818):     be974b58  00000000  
I/DEBUG   ( 1818):     be974b5c  00000000  
I/DEBUG   ( 1818):     be974b60  00000000  
I/DEBUG   ( 1818):     be974b64  00000000  
I/DEBUG   ( 1818):     be974b68  00000000  
I/DEBUG   ( 1818):     be974b6c  00000000  
I/DEBUG   ( 1818):     be974b70  00000000  
I/DEBUG   ( 1818):     be974b74  00000000  
I/DEBUG   ( 1818):     be974b78  8069dec8  /system/lib/libaudio.so
I/DEBUG   ( 1818):     be974b7c  806240e4  /system/lib/libaudio.so
I/DEBUG   ( 1818):     be974b80  8069dd18  /system/lib/libaudio.so
I/DEBUG   ( 1818):     be974b84  afe0f2c0  /system/lib/libc.so
I/DEBUG   ( 1818):     be974b88  0000029c  
I/DEBUG   ( 1818):     be974b8c  0000036c  
I/DEBUG   ( 1818):     be974b90  0000aec0  [heap]
I/DEBUG   ( 1818):     be974b94  8069dd10  /system/lib/libaudio.so
I/DEBUG   ( 1818):     be974b98  8069f294  /system/lib/libaudio.so
I/DEBUG   ( 1818):     be974b9c  00000000  
I/DEBUG   ( 1818):     be974ba0  8069ee68  /system/lib/libaudio.so
I/DEBUG   ( 1818):     be974ba4  00000000  
I/DEBUG   ( 1818):     be974ba8  00000000  
I/DEBUG   ( 1818):     be974bac  523de5a8  
I/DEBUG   ( 1818):     be974bb0  40000000  /dev/ashmem/system_properties (deleted)
I/DEBUG   ( 1818):     be974bb4  0000ae88  [heap]
I/DEBUG   ( 1818):     be974bb8  00000000  
I/DEBUG   ( 1818):     be974bbc  0000aec0  [heap]
I/DEBUG   ( 1818):     be974bc0  00000000  
I/DEBUG   ( 1818):     be974bc4  00000000  
I/DEBUG   ( 1818):     be974bc8  00000000  
I/DEBUG   ( 1818):     be974bcc  00000000  
I/DEBUG   ( 1818):     be974bd0  00000000  
I/DEBUG   ( 1818):     be974bd4  80626fd8  /system/lib/libaudio.so
D/installd( 1823): DexInv: --- END '/system/app/Settings.apk' (success) ---
I/PackageManager( 1835): /system/app/SettingsProvider.apk changed; collecting certs
D/installd( 1823): DexInv: --- BEGIN '/system/app/SettingsProvider.apk' ---
D/dalvikvm( 1966): DexOpt: load 63ms, verify 530ms, opt 4ms
D/installd( 1823): DexInv: --- END '/system/app/SettingsProvider.apk' (success) ---
I/PackageManager( 1835): /system/app/Stk.apk changed; collecting certs
D/installd( 1823): DexInv: --- BEGIN '/system/app/Stk.apk' ---
I/        ( 1964): ServiceManager: 0xad08
E/AudioHardwareALSA( 1964): Unable to attach mixer to device AndroidPlayback: No such file or directory
E/AudioHardwareALSA( 1964): Unable to attach mixer to device default: No such file or directory
E/AudioHardwareALSA( 1964): Unable to attach mixer to device AndroidRecord: No such file or directory
E/AudioHardwareALSA( 1964): Unable to attach mixer to device default: No such file or directory
I/DEBUG   ( 1818): *** *** *** *** *** *** *** *** *** *** *** *** *** *** *** ***
I/DEBUG   ( 1818): Build fingerprint: 'Samsung/GT-I5700/GT-I5700/GT-I5700:2.1-update1/ECLAIR/XXJH1:user/ota-rel-keys,release-keys'
I/DEBUG   ( 1818): pid: 1964, tid: 1964  >>> /system/bin/mediaserver <<<
I/DEBUG   ( 1818): signal 11 (SIGSEGV), fault addr 00000010
I/DEBUG   ( 1818):  r0 00000000  r1 8068def4  r2 00000000  r3 00000000
I/DEBUG   ( 1818):  r4 8069f1d4  r5 0000b030  r6 be99eb38  r7 0000b041
I/DEBUG   ( 1818):  r8 00000000  r9 0000aec0  10 00000000  fp be99ebd4
I/DEBUG   ( 1818):  ip 00000018  sp be99eb38  lr 806241a0  pc 8064905c  cpsr 00000010
I/DEBUG   ( 1818):          #00  pc 0004905c  /system/lib/libaudio.so
I/DEBUG   ( 1818):          #01  pc 0002419c  /system/lib/libaudio.so
I/DEBUG   ( 1818):          #02  pc 00026fd4  /system/lib/libaudio.so
I/DEBUG   ( 1818):          #03  pc 00027020  /system/lib/libaudio.so
I/DEBUG   ( 1818):          #04  pc 0008ab16  /system/lib/libaudio.so
I/DEBUG   ( 1818):          #05  pc 00022bc2  /system/lib/libaudioflinger.so
I/DEBUG   ( 1818):          #06  pc 00022c46  /system/lib/libaudioflinger.so
I/DEBUG   ( 1818):          #07  pc 0000879e  /system/bin/mediaserver
I/DEBUG   ( 1818):          #08  pc 0000c2c6  /system/lib/libc.so
I/DEBUG   ( 1818):          #09  pc b00018aa  /system/bin/linker
I/DEBUG   ( 1818): 
I/DEBUG   ( 1818): code around pc:
I/DEBUG   ( 1818): 8064904c 8afffffb e1c300b0 e3a00000 e12fff1e 
I/DEBUG   ( 1818): 8064905c e5b03010 e1530000 03a00000 12430004 
I/DEBUG   ( 1818): 8064906c e12fff1e e5902010 e2803010 e1520003 
I/DEBUG   ( 1818): 
I/DEBUG   ( 1818): code around lr:
I/DEBUG   ( 1818): 80624190 e08c9003 ebfff5c2 e5990004 eb0093ae 
I/DEBUG   ( 1818): 806241a0 e2504000 1a000004 ea00002d e1a00004 
I/DEBUG   ( 1818): 806241b0 eb0093b5 e2504000 0a000029 e1a00004 
I/DEBUG   ( 1818): 
I/DEBUG   ( 1818): stack:
I/DEBUG   ( 1818):     be99eaf8  40000000  /dev/ashmem/system_properties (deleted)
I/DEBUG   ( 1818):     be99eafc  afe2222b  /system/lib/libc.so
I/DEBUG   ( 1818):     be99eb00  8068def0  /system/lib/libaudio.so
I/DEBUG   ( 1818):     be99eb04  0000b041  [heap]
I/DEBUG   ( 1818):     be99eb08  0000b041  [heap]
I/DEBUG   ( 1818):     be99eb0c  00000000  
I/DEBUG   ( 1818):     be99eb10  0000aec0  [heap]
I/DEBUG   ( 1818):     be99eb14  00000000  
I/DEBUG   ( 1818):     be99eb18  be99ebd4  [stack]
I/DEBUG   ( 1818):     be99eb1c  0000b041  [heap]
I/DEBUG   ( 1818):     be99eb20  00000003  
I/DEBUG   ( 1818):     be99eb24  afb05a8b  /system/lib/libcutils.so
I/DEBUG   ( 1818):     be99eb28  8069f1d4  /system/lib/libaudio.so
I/DEBUG   ( 1818):     be99eb2c  0000b030  [heap]
I/DEBUG   ( 1818):     be99eb30  df002777  
I/DEBUG   ( 1818):     be99eb34  e3a070ad  
I/DEBUG   ( 1818): #01 be99eb38  00000000  
I/DEBUG   ( 1818):     be99eb3c  00000000  
I/DEBUG   ( 1818):     be99eb40  00000000  
I/DEBUG   ( 1818):     be99eb44  00000000  
I/DEBUG   ( 1818):     be99eb48  00000000  
I/DEBUG   ( 1818):     be99eb4c  00000000  
I/DEBUG   ( 1818):     be99eb50  00000000  
I/DEBUG   ( 1818):     be99eb54  00000000  
I/DEBUG   ( 1818):     be99eb58  00000000  
I/DEBUG   ( 1818):     be99eb5c  00000000  
I/DEBUG   ( 1818):     be99eb60  00000000  
I/DEBUG   ( 1818):     be99eb64  00000000  
I/DEBUG   ( 1818):     be99eb68  00000000  
I/DEBUG   ( 1818):     be99eb6c  00000000  
I/DEBUG   ( 1818):     be99eb70  00000000  
I/DEBUG   ( 1818):     be99eb74  00000000  
I/DEBUG   ( 1818):     be99eb78  8069dec8  /system/lib/libaudio.so
I/DEBUG   ( 1818):     be99eb7c  806240e4  /system/lib/libaudio.so
I/DEBUG   ( 1818):     be99eb80  8069dd18  /system/lib/libaudio.so
I/DEBUG   ( 1818):     be99eb84  afe0f2c0  /system/lib/libc.so
I/DEBUG   ( 1818):     be99eb88  0000029c  
I/DEBUG   ( 1818):     be99eb8c  0000036c  
I/DEBUG   ( 1818):     be99eb90  0000aec0  [heap]
I/DEBUG   ( 1818):     be99eb94  8069dd10  /system/lib/libaudio.so
I/DEBUG   ( 1818):     be99eb98  8069f294  /system/lib/libaudio.so
I/DEBUG   ( 1818):     be99eb9c  00000000  
I/DEBUG   ( 1818):     be99eba0  8069ee68  /system/lib/libaudio.so
I/DEBUG   ( 1818):     be99eba4  00000000  
I/DEBUG   ( 1818):     be99eba8  00000000  
I/DEBUG   ( 1818):     be99ebac  dd178784  
I/DEBUG   ( 1818):     be99ebb0  40000000  /dev/ashmem/system_properties (deleted)
I/DEBUG   ( 1818):     be99ebb4  0000ae88  [heap]
I/DEBUG   ( 1818):     be99ebb8  00000000  
I/DEBUG   ( 1818):     be99ebbc  0000aec0  [heap]
I/DEBUG   ( 1818):     be99ebc0  00000000  
I/DEBUG   ( 1818):     be99ebc4  00000000  
I/DEBUG   ( 1818):     be99ebc8  00000000  
I/DEBUG   ( 1818):     be99ebcc  00000000  
I/DEBUG   ( 1818):     be99ebd0  00000000  
I/DEBUG   ( 1818):     be99ebd4  80626fd8  /system/lib/libaudio.so
D/dalvikvm( 1967): DexOpt: load 170ms, verify 973ms, opt 6ms
I/        ( 1969): ServiceManager: 0xad08
E/AudioHardwareALSA( 1969): Unable to attach mixer to device AndroidPlayback: No such file or directory
E/AudioHardwareALSA( 1969): Unable to attach mixer to device default: No such file or directory
E/AudioHardwareALSA( 1969): Unable to attach mixer to device AndroidRecord: No such file or directory
E/AudioHardwareALSA( 1969): Unable to attach mixer to device default: No such file or directory
I/DEBUG   ( 1818): *** *** *** *** *** *** *** *** *** *** *** *** *** *** *** ***
I/DEBUG   ( 1818): Build fingerprint: 'Samsung/GT-I5700/GT-I5700/GT-I5700:2.1-update1/ECLAIR/XXJH1:user/ota-rel-keys,release-keys'
I/DEBUG   ( 1818): pid: 1969, tid: 1969  >>> /system/bin/mediaserver <<<
I/DEBUG   ( 1818): signal 11 (SIGSEGV), fault addr 00000010
I/DEBUG   ( 1818):  r0 00000000  r1 8068def4  r2 00000000  r3 00000000
I/DEBUG   ( 1818):  r4 8069f1d4  r5 0000b030  r6 bea9ab38  r7 0000b041
I/DEBUG   ( 1818):  r8 00000000  r9 0000aec0  10 00000000  fp bea9abd4
I/DEBUG   ( 1818):  ip 00000018  sp bea9ab38  lr 806241a0  pc 8064905c  cpsr 00000010
I/DEBUG   ( 1818):          #00  pc 0004905c  /system/lib/libaudio.so
I/DEBUG   ( 1818):          #01  pc 0002419c  /system/lib/libaudio.so
I/DEBUG   ( 1818):          #02  pc 00026fd4  /system/lib/libaudio.so
I/DEBUG   ( 1818):          #03  pc 00027020  /system/lib/libaudio.so
I/DEBUG   ( 1818):          #04  pc 0008ab16  /system/lib/libaudio.so
I/DEBUG   ( 1818):          #05  pc 00022bc2  /system/lib/libaudioflinger.so
I/DEBUG   ( 1818):          #06  pc 00022c46  /system/lib/libaudioflinger.so
I/DEBUG   ( 1818):          #07  pc 0000879e  /system/bin/mediaserver
I/DEBUG   ( 1818):          #08  pc 0000c2c6  /system/lib/libc.so
I/DEBUG   ( 1818):          #09  pc b00018aa  /system/bin/linker
I/DEBUG   ( 1818): 
I/DEBUG   ( 1818): code around pc:
I/DEBUG   ( 1818): 8064904c 8afffffb e1c300b0 e3a00000 e12fff1e 
I/DEBUG   ( 1818): 8064905c e5b03010 e1530000 03a00000 12430004 
I/DEBUG   ( 1818): 8064906c e12fff1e e5902010 e2803010 e1520003 
I/DEBUG   ( 1818): 
I/DEBUG   ( 1818): code around lr:
I/DEBUG   ( 1818): 80624190 e08c9003 ebfff5c2 e5990004 eb0093ae 
I/DEBUG   ( 1818): 806241a0 e2504000 1a000004 ea00002d e1a00004 
I/DEBUG   ( 1818): 806241b0 eb0093b5 e2504000 0a000029 e1a00004 
I/DEBUG   ( 1818): 
I/DEBUG   ( 1818): stack:
I/DEBUG   ( 1818):     bea9aaf8  40000000  /dev/ashmem/system_properties (deleted)
I/DEBUG   ( 1818):     bea9aafc  afe2222b  /system/lib/libc.so
I/DEBUG   ( 1818):     bea9ab00  8068def0  /system/lib/libaudio.so
I/DEBUG   ( 1818):     bea9ab04  0000b041  [heap]
I/DEBUG   ( 1818):     bea9ab08  0000b041  [heap]
I/DEBUG   ( 1818):     bea9ab0c  00000000  
I/DEBUG   ( 1818):     bea9ab10  0000aec0  [heap]
I/DEBUG   ( 1818):     bea9ab14  00000000  
I/DEBUG   ( 1818):     bea9ab18  bea9abd4  [stack]
I/DEBUG   ( 1818):     bea9ab1c  0000b041  [heap]
I/DEBUG   ( 1818):     bea9ab20  00000003  
I/DEBUG   ( 1818):     bea9ab24  afb05a8b  /system/lib/libcutils.so
D/installd( 1823): DexInv: --- END '/system/app/Stk.apk' (success) ---
I/DEBUG   ( 1818):     bea9ab28  8069f1d4  /system/lib/libaudio.so
I/DEBUG   ( 1818):     bea9ab2c  0000b030  [heap]
I/DEBUG   ( 1818):     bea9ab30  df002777  
I/DEBUG   ( 1818):     bea9ab34  e3a070ad  
I/DEBUG   ( 1818): #01 bea9ab38  00000000  
I/DEBUG   ( 1818):     bea9ab3c  00000000  
I/DEBUG   ( 1818):     bea9ab40  00000000  
I/DEBUG   ( 1818):     bea9ab44  00000000  
I/DEBUG   ( 1818):     bea9ab48  00000000  
I/DEBUG   ( 1818):     bea9ab4c  00000000  
I/DEBUG   ( 1818):     bea9ab50  00000000  
I/DEBUG   ( 1818):     bea9ab54  00000000  
I/DEBUG   ( 1818):     bea9ab58  00000000  
I/DEBUG   ( 1818):     bea9ab5c  00000000  
I/DEBUG   ( 1818):     bea9ab60  00000000  
I/DEBUG   ( 1818):     bea9ab64  00000000  
I/DEBUG   ( 1818):     bea9ab68  00000000  
I/DEBUG   ( 1818):     bea9ab6c  00000000  
I/DEBUG   ( 1818):     bea9ab70  00000000  
I/DEBUG   ( 1818):     bea9ab74  00000000  
I/DEBUG   ( 1818):     bea9ab78  8069dec8  /system/lib/libaudio.so
I/DEBUG   ( 1818):     bea9ab7c  806240e4  /system/lib/libaudio.so
I/DEBUG   ( 1818):     bea9ab80  8069dd18  /system/lib/libaudio.so
I/DEBUG   ( 1818):     bea9ab84  afe0f2c0  /system/lib/libc.so
I/DEBUG   ( 1818):     bea9ab88  0000029c  
I/DEBUG   ( 1818):     bea9ab8c  0000036c  
I/DEBUG   ( 1818):     bea9ab90  0000aec0  [heap]
I/DEBUG   ( 1818):     bea9ab94  8069dd10  /system/lib/libaudio.so
I/DEBUG   ( 1818):     bea9ab98  8069f294  /system/lib/libaudio.so
I/DEBUG   ( 1818):     bea9ab9c  00000000  
I/DEBUG   ( 1818):     bea9aba0  8069ee68  /system/lib/libaudio.so
I/DEBUG   ( 1818):     bea9aba4  00000000  
I/DEBUG   ( 1818):     bea9aba8  00000000  
I/DEBUG   ( 1818):     bea9abac  3a4c91a5  
I/DEBUG   ( 1818):     bea9abb0  40000000  /dev/ashmem/system_properties (deleted)
I/DEBUG   ( 1818):     bea9abb4  0000ae88  [heap]
I/DEBUG   ( 1818):     bea9abb8  00000000  
I/DEBUG   ( 1818):     bea9abbc  0000aec0  [heap]
I/DEBUG   ( 1818):     bea9abc0  00000000  
I/DEBUG   ( 1818):     bea9abc4  00000000  
I/DEBUG   ( 1818):     bea9abc8  00000000  
I/DEBUG   ( 1818):     bea9abcc  00000000  
I/DEBUG   ( 1818):     bea9abd0  00000000  
I/DEBUG   ( 1818):     bea9abd4  80626fd8  /system/lib/libaudio.so
I/PackageManager( 1835): /system/app/Superuser.apk changed; collecting certs
D/installd( 1823): DexInv: --- BEGIN '/system/app/Superuser.apk' ---
D/dalvikvm( 1971): DexOpt: load 290ms, verify 457ms, opt 8ms
D/installd( 1823): DexInv: --- END '/system/app/Superuser.apk' (success) ---
I/PackageManager( 1835): /system/app/TelephonyProvider.apk changed; collecting certs
D/installd( 1823): DexInv: --- BEGIN '/system/app/TelephonyProvider.apk' ---
D/dalvikvm( 1975): DexOpt: load 70ms, verify 1081ms, opt 41ms
I/        ( 1973): ServiceManager: 0xad08
E/AudioHardwareALSA( 1973): Unable to attach mixer to device AndroidPlayback: No such file or directory
E/AudioHardwareALSA( 1973): Unable to attach mixer to device default: No such file or directory
E/AudioHardwareALSA( 1973): Unable to attach mixer to device AndroidRecord: No such file or directory
E/AudioHardwareALSA( 1973): Unable to attach mixer to device default: No such file or directory
I/DEBUG   ( 1818): *** *** *** *** *** *** *** *** *** *** *** *** *** *** *** ***
I/DEBUG   ( 1818): Build fingerprint: 'Samsung/GT-I5700/GT-I5700/GT-I5700:2.1-update1/ECLAIR/XXJH1:user/ota-rel-keys,release-keys'
I/DEBUG   ( 1818): pid: 1973, tid: 1973  >>> /system/bin/mediaserver <<<
I/DEBUG   ( 1818): signal 11 (SIGSEGV), fault addr 00000010
I/DEBUG   ( 1818):  r0 00000000  r1 8068def4  r2 00000000  r3 00000000
I/DEBUG   ( 1818):  r4 8069f1d4  r5 0000b030  r6 becf4b38  r7 0000b041
I/DEBUG   ( 1818):  r8 00000000  r9 0000aec0  10 00000000  fp becf4bd4
I/DEBUG   ( 1818):  ip 00000018  sp becf4b38  lr 806241a0  pc 8064905c  cpsr 00000010
