I/DEBUG   ( 1818):     bef37b58  00000000  
I/DEBUG   ( 1818):     bef37b5c  00000000  
I/DEBUG   ( 1818):     bef37b60  00000000  
I/DEBUG   ( 1818):     bef37b64  00000000  
I/DEBUG   ( 1818):     bef37b68  00000000  
I/DEBUG   ( 1818):     bef37b6c  00000000  
I/DEBUG   ( 1818):     bef37b70  00000000  
I/DEBUG   ( 1818):     bef37b74  00000000  
I/DEBUG   ( 1818):     bef37b78  8069dec8  /system/lib/libaudio.so
I/DEBUG   ( 1818):     bef37b7c  806240e4  /system/lib/libaudio.so
I/DEBUG   ( 1818):     bef37b80  8069dd18  /system/lib/libaudio.so
I/DEBUG   ( 1818):     bef37b84  afe0f2c0  /system/lib/libc.so
I/DEBUG   ( 1818):     bef37b88  0000029c  
I/DEBUG   ( 1818):     bef37b8c  0000036c  
I/DEBUG   ( 1818):     bef37b90  0000aec0  [heap]
I/DEBUG   ( 1818):     bef37b94  8069dd10  /system/lib/libaudio.so
I/DEBUG   ( 1818):     bef37b98  8069f294  /system/lib/libaudio.so
I/DEBUG   ( 1818):     bef37b9c  00000000  
I/DEBUG   ( 1818):     bef37ba0  8069ee68  /system/lib/libaudio.so
I/DEBUG   ( 1818):     bef37ba4  00000000  
I/DEBUG   ( 1818):     bef37ba8  00000000  
I/DEBUG   ( 1818):     bef37bac  478ef914  
I/DEBUG   ( 1818):     bef37bb0  40000000  /dev/ashmem/system_properties (deleted)
I/DEBUG   ( 1818):     bef37bb4  0000ae88  [heap]
I/DEBUG   ( 1818):     bef37bb8  00000000  
I/DEBUG   ( 1818):     bef37bbc  0000aec0  [heap]
I/DEBUG   ( 1818):     bef37bc0  00000000  
I/DEBUG   ( 1818):     bef37bc4  00000000  
I/DEBUG   ( 1818):     bef37bc8  00000000  
I/DEBUG   ( 1818):     bef37bcc  00000000  
I/DEBUG   ( 1818):     bef37bd0  00000000  
I/DEBUG   ( 1818):     bef37bd4  80626fd8  /system/lib/libaudio.so
D/installd( 1823): DexInv: --- END '/system/framework/svc.jar' (success) ---
D/PackageManager( 1835): Scanning app dir /system/framework
D/dalvikvm( 1835): GC freed 4258 objects / 207976 bytes in 101ms
I/PackageManager( 1835): /system/framework/framework-res.apk changed; collecting certs
D/dalvikvm( 1835): GC freed 2052 objects / 297488 bytes in 96ms
D/dalvikvm( 1835): GC freed 1902 objects / 281448 bytes in 94ms
D/dalvikvm( 1835): GC freed 3 objects / 59592 bytes in 93ms
I/dalvikvm-heap( 1835): Grow heap (frag case) to 5.209MB for 240922-byte allocation
D/dalvikvm( 1835): GC freed 51 objects / 2008 bytes in 112ms
D/dalvikvm( 1835): GC freed 3 objects / 120408 bytes in 105ms
D/dalvikvm( 1835): GC freed 29 objects / 301968 bytes in 105ms
D/dalvikvm( 1835): GC freed 5 objects / 58928 bytes in 105ms
D/dalvikvm( 1835): GC freed 3 objects / 118400 bytes in 103ms
D/dalvikvm( 1835): GC freed 15 objects / 275368 bytes in 97ms
D/dalvikvm( 1835): GC freed 5 objects / 140448 bytes in 105ms
D/dalvikvm( 1835): GC freed 2718 objects / 302720 bytes in 119ms
D/dalvikvm( 1835): GC freed 3897 objects / 164880 bytes in 212ms
I/        ( 1876): ServiceManager: 0xad08
E/AudioHardwareALSA( 1876): Unable to attach mixer to device AndroidPlayback: No such file or directory
E/AudioHardwareALSA( 1876): Unable to attach mixer to device default: No such file or directory
E/AudioHardwareALSA( 1876): Unable to attach mixer to device AndroidRecord: No such file or directory
E/AudioHardwareALSA( 1876): Unable to attach mixer to device default: No such file or directory
I/DEBUG   ( 1818): *** *** *** *** *** *** *** *** *** *** *** *** *** *** *** ***
I/DEBUG   ( 1818): Build fingerprint: 'Samsung/GT-I5700/GT-I5700/GT-I5700:2.1-update1/ECLAIR/XXJH1:user/ota-rel-keys,release-keys'
I/DEBUG   ( 1818): pid: 1876, tid: 1876  >>> /system/bin/mediaserver <<<
I/DEBUG   ( 1818): signal 11 (SIGSEGV), fault addr 00000010
I/DEBUG   ( 1818):  r0 00000000  r1 8068def4  r2 00000000  r3 00000000
I/DEBUG   ( 1818):  r4 8069f1d4  r5 0000b030  r6 bef78b38  r7 0000b041
I/DEBUG   ( 1818):  r8 00000000  r9 0000aec0  10 00000000  fp bef78bd4
I/DEBUG   ( 1818):  ip 00000018  sp bef78b38  lr 806241a0  pc 8064905c  cpsr 00000010
I/DEBUG   ( 1818):          #00  pc 0004905c  /system/lib/libaudio.so
I/DEBUG   ( 1818):          #01  pc 0002419c  /system/lib/libaudio.so
I/DEBUG   ( 1818):          #02  pc 00026fd4  /system/lib/libaudio.so
I/DEBUG   ( 1818):          #03  pc 00027020  /system/lib/libaudio.so
I/DEBUG   ( 1818):          #04  pc 0008ab16  /system/lib/libaudio.so
I/DEBUG   ( 1818):          #05  pc 00022bc2  /system/lib/libaudioflinger.so
I/DEBUG   ( 1818):          #06  pc 00022c46  /system/lib/libaudioflinger.so
I/DEBUG   ( 1818):          #07  pc 0000879e  /system/bin/mediaserver
I/DEBUG   ( 1818):          #08  pc 0000c2c6  /system/lib/libc.so
I/DEBUG   ( 1818):          #09  pc b00018aa  /system/bin/linker
I/DEBUG   ( 1818): 
I/DEBUG   ( 1818): code around pc:
I/DEBUG   ( 1818): 8064904c 8afffffb e1c300b0 e3a00000 e12fff1e 
I/DEBUG   ( 1818): 8064905c e5b03010 e1530000 03a00000 12430004 
I/DEBUG   ( 1818): 8064906c e12fff1e e5902010 e2803010 e1520003 
I/DEBUG   ( 1818): 
I/DEBUG   ( 1818): code around lr:
I/DEBUG   ( 1818): 80624190 e08c9003 ebfff5c2 e5990004 eb0093ae 
I/DEBUG   ( 1818): 806241a0 e2504000 1a000004 ea00002d e1a00004 
I/DEBUG   ( 1818): 806241b0 eb0093b5 e2504000 0a000029 e1a00004 
I/DEBUG   ( 1818): 
I/DEBUG   ( 1818): stack:
I/DEBUG   ( 1818):     bef78af8  40000000  /dev/ashmem/system_properties (deleted)
I/DEBUG   ( 1818):     bef78afc  afe2222b  /system/lib/libc.so
I/DEBUG   ( 1818):     bef78b00  8068def0  /system/lib/libaudio.so
I/DEBUG   ( 1818):     bef78b04  0000b041  [heap]
I/DEBUG   ( 1818):     bef78b08  0000b041  [heap]
I/DEBUG   ( 1818):     bef78b0c  00000000  
I/DEBUG   ( 1818):     bef78b10  0000aec0  [heap]
I/DEBUG   ( 1818):     bef78b14  00000000  
I/DEBUG   ( 1818):     bef78b18  bef78bd4  [stack]
I/DEBUG   ( 1818):     bef78b1c  0000b041  [heap]
I/DEBUG   ( 1818):     bef78b20  00000003  
I/DEBUG   ( 1818):     bef78b24  afb05a8b  /system/lib/libcutils.so
I/DEBUG   ( 1818):     bef78b28  8069f1d4  /system/lib/libaudio.so
I/DEBUG   ( 1818):     bef78b2c  0000b030  [heap]
I/DEBUG   ( 1818):     bef78b30  df002777  
I/DEBUG   ( 1818):     bef78b34  e3a070ad  
I/DEBUG   ( 1818): #01 bef78b38  00000000  
I/DEBUG   ( 1818):     bef78b3c  00000000  
I/DEBUG   ( 1818):     bef78b40  00000000  
I/DEBUG   ( 1818):     bef78b44  00000000  
I/DEBUG   ( 1818):     bef78b48  00000000  
I/DEBUG   ( 1818):     bef78b4c  00000000  
I/DEBUG   ( 1818):     bef78b50  00000000  
I/DEBUG   ( 1818):     bef78b54  00000000  
I/DEBUG   ( 1818):     bef78b58  00000000  
I/DEBUG   ( 1818):     bef78b5c  00000000  
I/DEBUG   ( 1818):     bef78b60  00000000  
I/DEBUG   ( 1818):     bef78b64  00000000  
I/DEBUG   ( 1818):     bef78b68  00000000  
I/DEBUG   ( 1818):     bef78b6c  00000000  
I/DEBUG   ( 1818):     bef78b70  00000000  
I/DEBUG   ( 1818):     bef78b74  00000000  
I/DEBUG   ( 1818):     bef78b78  8069dec8  /system/lib/libaudio.so
I/DEBUG   ( 1818):     bef78b7c  806240e4  /system/lib/libaudio.so
I/DEBUG   ( 1818):     bef78b80  8069dd18  /system/lib/libaudio.so
I/DEBUG   ( 1818):     bef78b84  afe0f2c0  /system/lib/libc.so
I/DEBUG   ( 1818):     bef78b88  0000029c  
I/DEBUG   ( 1818):     bef78b8c  0000036c  
I/DEBUG   ( 1818):     bef78b90  0000aec0  [heap]
I/DEBUG   ( 1818):     bef78b94  8069dd10  /system/lib/libaudio.so
I/DEBUG   ( 1818):     bef78b98  8069f294  /system/lib/libaudio.so
I/DEBUG   ( 1818):     bef78b9c  00000000  
I/DEBUG   ( 1818):     bef78ba0  8069ee68  /system/lib/libaudio.so
I/DEBUG   ( 1818):     bef78ba4  00000000  
I/DEBUG   ( 1818):     bef78ba8  00000000  
I/DEBUG   ( 1818):     bef78bac  20341185  
I/DEBUG   ( 1818):     bef78bb0  40000000  /dev/ashmem/system_properties (deleted)
I/DEBUG   ( 1818):     bef78bb4  0000ae88  [heap]
I/DEBUG   ( 1818):     bef78bb8  00000000  
I/DEBUG   ( 1818):     bef78bbc  0000aec0  [heap]
I/DEBUG   ( 1818):     bef78bc0  00000000  
I/DEBUG   ( 1818):     bef78bc4  00000000  
I/DEBUG   ( 1818):     bef78bc8  00000000  
I/DEBUG   ( 1818):     bef78bcc  00000000  
I/DEBUG   ( 1818):     bef78bd0  00000000  
I/DEBUG   ( 1818):     bef78bd4  80626fd8  /system/lib/libaudio.so
D/dalvikvm( 1835): GC freed 5165 objects / 533104 bytes in 150ms
D/PackageManager( 1835): Scanning app dir /system/app
I/PackageManager( 1835): /system/app/AccountAndSyncSettings.apk changed; collecting certs
D/installd( 1823): DexInv: --- BEGIN '/system/app/AccountAndSyncSettings.apk' ---
D/dalvikvm( 1878): DexOpt: load 40ms, verify 248ms, opt 5ms
D/installd( 1823): DexInv: --- END '/system/app/AccountAndSyncSettings.apk' (success) ---
I/PackageManager( 1835): /system/app/ApplicationsProvider.apk changed; collecting certs
I/PackageManager( 1835): New shared user android.uid.shared: id=10000
D/installd( 1823): DexInv: --- BEGIN '/system/app/ApplicationsProvider.apk' ---
D/dalvikvm( 1879): DexOpt: load 28ms, verify 48ms, opt 1ms
D/installd( 1823): DexInv: --- END '/system/app/ApplicationsProvider.apk' (success) ---
W/PackageParser( 1835): Problem in package /system/app/AudioTestApp.apk:
W/PackageParser( 1835): Unknown element under <activity>: action at /system/app/AudioTestApp.apk Binary XML file line #13
W/PackageParser( 1835): Problem in package /system/app/AudioTestApp.apk:
W/PackageParser( 1835): Unknown element under <activity>: category at /system/app/AudioTestApp.apk Binary XML file line #14
I/PackageManager( 1835): /system/app/AudioTestApp.apk changed; collecting certs
D/dalvikvm( 1835): GC freed 11288 objects / 937112 bytes in 331ms
D/installd( 1823): DexInv: --- BEGIN '/system/app/AudioTestApp.apk' ---
D/dalvikvm( 1883): DexOpt: load 75ms, verify 370ms, opt 8ms
D/installd( 1823): DexInv: --- END '/system/app/AudioTestApp.apk' (success) ---
I/PackageManager( 1835): /system/app/BluetoothTest.apk changed; collecting certs
D/installd( 1823): DexInv: --- BEGIN '/system/app/BluetoothTest.apk' ---
I/        ( 1881): ServiceManager: 0xad08
E/AudioHardwareALSA( 1881): Unable to attach mixer to device AndroidPlayback: No such file or directory
E/AudioHardwareALSA( 1881): Unable to attach mixer to device default: No such file or directory
E/AudioHardwareALSA( 1881): Unable to attach mixer to device AndroidRecord: No such file or directory
E/AudioHardwareALSA( 1881): Unable to attach mixer to device default: No such file or directory
I/DEBUG   ( 1818): *** *** *** *** *** *** *** *** *** *** *** *** *** *** *** ***
I/DEBUG   ( 1818): Build fingerprint: 'Samsung/GT-I5700/GT-I5700/GT-I5700:2.1-update1/ECLAIR/XXJH1:user/ota-rel-keys,release-keys'
I/DEBUG   ( 1818): pid: 1881, tid: 1881  >>> /system/bin/mediaserver <<<
I/DEBUG   ( 1818): signal 11 (SIGSEGV), fault addr 00000010
I/DEBUG   ( 1818):  r0 00000000  r1 8068def4  r2 00000000  r3 00000000
I/DEBUG   ( 1818):  r4 8069f1d4  r5 0000b030  r6 be8e5b38  r7 0000b041
I/DEBUG   ( 1818):  r8 00000000  r9 0000aec0  10 00000000  fp be8e5bd4
I/DEBUG   ( 1818):  ip 00000018  sp be8e5b38  lr 806241a0  pc 8064905c  cpsr 00000010
I/DEBUG   ( 1818):          #00  pc 0004905c  /system/lib/libaudio.so
D/dalvikvm( 1884): DexOpt: load 32ms, verify 157ms, opt 1ms
I/DEBUG   ( 1818):          #01  pc 0002419c  /system/lib/libaudio.so
I/DEBUG   ( 1818):          #02  pc 00026fd4  /system/lib/libaudio.so
I/DEBUG   ( 1818):          #03  pc 00027020  /system/lib/libaudio.so
I/DEBUG   ( 1818):          #04  pc 0008ab16  /system/lib/libaudio.so
I/DEBUG   ( 1818):          #05  pc 00022bc2  /system/lib/libaudioflinger.so
I/DEBUG   ( 1818):          #06  pc 00022c46  /system/lib/libaudioflinger.so
I/DEBUG   ( 1818):          #07  pc 0000879e  /system/bin/mediaserver
I/DEBUG   ( 1818):          #08  pc 0000c2c6  /system/lib/libc.so
I/DEBUG   ( 1818):          #09  pc b00018aa  /system/bin/linker
I/DEBUG   ( 1818): 
I/DEBUG   ( 1818): code around pc:
I/DEBUG   ( 1818): 8064904c 8afffffb e1c300b0 e3a00000 e12fff1e 
I/DEBUG   ( 1818): 8064905c e5b03010 e1530000 03a00000 12430004 
I/DEBUG   ( 1818): 8064906c e12fff1e e5902010 e2803010 e1520003 
I/DEBUG   ( 1818): 
I/DEBUG   ( 1818): code around lr:
I/DEBUG   ( 1818): 80624190 e08c9003 ebfff5c2 e5990004 eb0093ae 
I/DEBUG   ( 1818): 806241a0 e2504000 1a000004 ea00002d e1a00004 
I/DEBUG   ( 1818): 806241b0 eb0093b5 e2504000 0a000029 e1a00004 
I/DEBUG   ( 1818): 
I/DEBUG   ( 1818): stack:
I/DEBUG   ( 1818):     be8e5af8  40000000  /dev/ashmem/system_properties (deleted)
I/DEBUG   ( 1818):     be8e5afc  afe2222b  /system/lib/libc.so
I/DEBUG   ( 1818):     be8e5b00  8068def0  /system/lib/libaudio.so
I/DEBUG   ( 1818):     be8e5b04  0000b041  [heap]
I/DEBUG   ( 1818):     be8e5b08  0000b041  [heap]
I/DEBUG   ( 1818):     be8e5b0c  00000000  
I/DEBUG   ( 1818):     be8e5b10  0000aec0  [heap]
I/DEBUG   ( 1818):     be8e5b14  00000000  
I/DEBUG   ( 1818):     be8e5b18  be8e5bd4  [stack]
I/DEBUG   ( 1818):     be8e5b1c  0000b041  [heap]
I/DEBUG   ( 1818):     be8e5b20  00000003  
I/DEBUG   ( 1818):     be8e5b24  afb05a8b  /system/lib/libcutils.so
I/DEBUG   ( 1818):     be8e5b28  8069f1d4  /system/lib/libaudio.so
I/DEBUG   ( 1818):     be8e5b2c  0000b030  [heap]
I/DEBUG   ( 1818):     be8e5b30  df002777  
I/DEBUG   ( 1818):     be8e5b34  e3a070ad  
I/DEBUG   ( 1818): #01 be8e5b38  00000000  
I/DEBUG   ( 1818):     be8e5b3c  00000000  
I/DEBUG   ( 1818):     be8e5b40  00000000  
I/DEBUG   ( 1818):     be8e5b44  00000000  
I/DEBUG   ( 1818):     be8e5b48  00000000  
I/DEBUG   ( 1818):     be8e5b4c  00000000  
I/DEBUG   ( 1818):     be8e5b50  00000000  
I/DEBUG   ( 1818):     be8e5b54  00000000  
I/DEBUG   ( 1818):     be8e5b58  00000000  
I/DEBUG   ( 1818):     be8e5b5c  00000000  
I/DEBUG   ( 1818):     be8e5b60  00000000  
I/DEBUG   ( 1818):     be8e5b64  00000000  
I/DEBUG   ( 1818):     be8e5b68  00000000  
I/DEBUG   ( 1818):     be8e5b6c  00000000  
I/DEBUG   ( 1818):     be8e5b70  00000000  
I/DEBUG   ( 1818):     be8e5b74  00000000  
I/DEBUG   ( 1818):     be8e5b78  8069dec8  /system/lib/libaudio.so
I/DEBUG   ( 1818):     be8e5b7c  806240e4  /system/lib/libaudio.so
I/DEBUG   ( 1818):     be8e5b80  8069dd18  /system/lib/libaudio.so
I/DEBUG   ( 1818):     be8e5b84  afe0f2c0  /system/lib/libc.so
I/DEBUG   ( 1818):     be8e5b88  0000029c  
I/DEBUG   ( 1818):     be8e5b8c  0000036c  
I/DEBUG   ( 1818):     be8e5b90  0000aec0  [heap]
I/DEBUG   ( 1818):     be8e5b94  8069dd10  /system/lib/libaudio.so
I/DEBUG   ( 1818):     be8e5b98  8069f294  /system/lib/libaudio.so
I/DEBUG   ( 1818):     be8e5b9c  00000000  
I/DEBUG   ( 1818):     be8e5ba0  8069ee68  /system/lib/libaudio.so
I/DEBUG   ( 1818):     be8e5ba4  00000000  
I/DEBUG   ( 1818):     be8e5ba8  00000000  
I/DEBUG   ( 1818):     be8e5bac  54ebd9d0  
I/DEBUG   ( 1818):     be8e5bb0  40000000  /dev/ashmem/system_properties (deleted)
I/DEBUG   ( 1818):     be8e5bb4  0000ae88  [heap]
I/DEBUG   ( 1818):     be8e5bb8  00000000  
I/DEBUG   ( 1818):     be8e5bbc  0000aec0  [heap]
I/DEBUG   ( 1818):     be8e5bc0  00000000  
I/DEBUG   ( 1818):     be8e5bc4  00000000  
I/DEBUG   ( 1818):     be8e5bc8  00000000  
I/DEBUG   ( 1818):     be8e5bcc  00000000  
I/DEBUG   ( 1818):     be8e5bd0  00000000  
I/DEBUG   ( 1818):     be8e5bd4  80626fd8  /system/lib/libaudio.so
D/installd( 1823): DexInv: --- END '/system/app/BluetoothTest.apk' (success) ---
I/PackageManager( 1835): /system/app/BrcmBluetoothServices.apk changed; collecting certs
D/installd( 1823): DexInv: --- BEGIN '/system/app/BrcmBluetoothServices.apk' ---
D/dalvikvm( 1885): DexOpt: load 20ms, verify 15ms, opt 1ms
D/installd( 1823): DexInv: --- END '/system/app/BrcmBluetoothServices.apk' (success) ---
I/PackageManager( 1835): /system/app/Browser.apk changed; collecting certs
D/installd( 1823): DexInv: --- BEGIN '/system/app/Browser.apk' ---
D/dalvikvm( 1886): DexOpt: load 248ms, verify 915ms, opt 23ms
I/        ( 1888): ServiceManager: 0xad08
E/AudioHardwareALSA( 1888): Unable to attach mixer to device AndroidPlayback: No such file or directory
E/AudioHardwareALSA( 1888): Unable to attach mixer to device default: No such file or directory
E/AudioHardwareALSA( 1888): Unable to attach mixer to device AndroidRecord: No such file or directory
E/AudioHardwareALSA( 1888): Unable to attach mixer to device default: No such file or directory
I/DEBUG   ( 1818): *** *** *** *** *** *** *** *** *** *** *** *** *** *** *** ***
I/DEBUG   ( 1818): Build fingerprint: 'Samsung/GT-I5700/GT-I5700/GT-I5700:2.1-update1/ECLAIR/XXJH1:user/ota-rel-keys,release-keys'
I/DEBUG   ( 1818): pid: 1888, tid: 1888  >>> /system/bin/mediaserver <<<
I/DEBUG   ( 1818): signal 11 (SIGSEGV), fault addr 00000010
I/DEBUG   ( 1818):  r0 00000000  r1 8068def4  r2 00000000  r3 00000000
I/DEBUG   ( 1818):  r4 8069f1d4  r5 0000b030  r6 bef6eb38  r7 0000b041
I/DEBUG   ( 1818):  r8 00000000  r9 0000aec0  10 00000000  fp bef6ebd4
I/DEBUG   ( 1818):  ip 00000018  sp bef6eb38  lr 806241a0  pc 8064905c  cpsr 00000010
I/DEBUG   ( 1818):          #00  pc 0004905c  /system/lib/libaudio.so
I/DEBUG   ( 1818):          #01  pc 0002419c  /system/lib/libaudio.so
I/DEBUG   ( 1818):          #02  pc 00026fd4  /system/lib/libaudio.so
I/DEBUG   ( 1818):          #03  pc 00027020  /system/lib/libaudio.so
I/DEBUG   ( 1818):          #04  pc 0008ab16  /system/lib/libaudio.so
I/DEBUG   ( 1818):          #05  pc 00022bc2  /system/lib/libaudioflinger.so
I/DEBUG   ( 1818):          #06  pc 00022c46  /system/lib/libaudioflinger.so
I/DEBUG   ( 1818):          #07  pc 0000879e  /system/bin/mediaserver
I/DEBUG   ( 1818):          #08  pc 0000c2c6  /system/lib/libc.so
I/DEBUG   ( 1818):          #09  pc b00018aa  /system/bin/linker
I/DEBUG   ( 1818): 
I/DEBUG   ( 1818): code around pc:
I/DEBUG   ( 1818): 8064904c 8afffffb e1c300b0 e3a00000 e12fff1e 
I/DEBUG   ( 1818): 8064905c e5b03010 e1530000 03a00000 12430004 
I/DEBUG   ( 1818): 8064906c e12fff1e e5902010 e2803010 e1520003 
I/DEBUG   ( 1818): 
I/DEBUG   ( 1818): code around lr:
I/DEBUG   ( 1818): 80624190 e08c9003 ebfff5c2 e5990004 eb0093ae 
I/DEBUG   ( 1818): 806241a0 e2504000 1a000004 ea00002d e1a00004 
I/DEBUG   ( 1818): 806241b0 eb0093b5 e2504000 0a000029 e1a00004 
I/DEBUG   ( 1818): 
I/DEBUG   ( 1818): stack:
I/DEBUG   ( 1818):     bef6eaf8  40000000  /dev/ashmem/system_properties (deleted)
I/DEBUG   ( 1818):     bef6eafc  afe2222b  /system/lib/libc.so
I/DEBUG   ( 1818):     bef6eb00  8068def0  /system/lib/libaudio.so
I/DEBUG   ( 1818):     bef6eb04  0000b041  [heap]
I/DEBUG   ( 1818):     bef6eb08  0000b041  [heap]
I/DEBUG   ( 1818):     bef6eb0c  00000000  
I/DEBUG   ( 1818):     bef6eb10  0000aec0  [heap]
I/DEBUG   ( 1818):     bef6eb14  00000000  
I/DEBUG   ( 1818):     bef6eb18  bef6ebd4  [stack]
I/DEBUG   ( 1818):     bef6eb1c  0000b041  [heap]
I/DEBUG   ( 1818):     bef6eb20  00000003  
I/DEBUG   ( 1818):     bef6eb24  afb05a8b  /system/lib/libcutils.so
I/DEBUG   ( 1818):     bef6eb28  8069f1d4  /system/lib/libaudio.so
I/DEBUG   ( 1818):     bef6eb2c  0000b030  [heap]
I/DEBUG   ( 1818):     bef6eb30  df002777  
I/DEBUG   ( 1818):     bef6eb34  e3a070ad  
I/DEBUG   ( 1818): #01 bef6eb38  00000000  
I/DEBUG   ( 1818):     bef6eb3c  00000000  
I/DEBUG   ( 1818):     bef6eb40  00000000  
I/DEBUG   ( 1818):     bef6eb44  00000000  
I/DEBUG   ( 1818):     bef6eb48  00000000  
I/DEBUG   ( 1818):     bef6eb4c  00000000  
I/DEBUG   ( 1818):     bef6eb50  00000000  
I/DEBUG   ( 1818):     bef6eb54  00000000  
I/DEBUG   ( 1818):     bef6eb58  00000000  
I/DEBUG   ( 1818):     bef6eb5c  00000000  
I/DEBUG   ( 1818):     bef6eb60  00000000  
I/DEBUG   ( 1818):     bef6eb64  00000000  
I/DEBUG   ( 1818):     bef6eb68  00000000  
I/DEBUG   ( 1818):     bef6eb6c  00000000  
I/DEBUG   ( 1818):     bef6eb70  00000000  
I/DEBUG   ( 1818):     bef6eb74  00000000  
I/DEBUG   ( 1818):     bef6eb78  8069dec8  /system/lib/libaudio.so
I/DEBUG   ( 1818):     bef6eb7c  806240e4  /system/lib/libaudio.so
I/DEBUG   ( 1818):     bef6eb80  8069dd18  /system/lib/libaudio.so
I/DEBUG   ( 1818):     bef6eb84  afe0f2c0  /system/lib/libc.so
I/DEBUG   ( 1818):     bef6eb88  0000029c  
I/DEBUG   ( 1818):     bef6eb8c  0000036c  
I/DEBUG   ( 1818):     bef6eb90  0000aec0  [heap]
I/DEBUG   ( 1818):     bef6eb94  8069dd10  /system/lib/libaudio.so
I/DEBUG   ( 1818):     bef6eb98  8069f294  /system/lib/libaudio.so
I/DEBUG   ( 1818):     bef6eb9c  00000000  
I/DEBUG   ( 1818):     bef6eba0  8069ee68  /system/lib/libaudio.so
I/DEBUG   ( 1818):     bef6eba4  00000000  
I/DEBUG   ( 1818):     bef6eba8  00000000  
I/DEBUG   ( 1818):     bef6ebac  b9773a66  
I/DEBUG   ( 1818):     bef6ebb0  40000000  /dev/ashmem/system_properties (deleted)
I/DEBUG   ( 1818):     bef6ebb4  0000ae88  [heap]
I/DEBUG   ( 1818):     bef6ebb8  00000000  
I/DEBUG   ( 1818):     bef6ebbc  0000aec0  [heap]
I/DEBUG   ( 1818):     bef6ebc0  00000000  
I/DEBUG   ( 1818):     bef6ebc4  00000000  
I/DEBUG   ( 1818):     bef6ebc8  00000000  
I/DEBUG   ( 1818):     bef6ebcc  00000000  
I/DEBUG   ( 1818):     bef6ebd0  00000000  
I/DEBUG   ( 1818):     bef6ebd4  80626fd8  /system/lib/libaudio.so
D/installd( 1823): DexInv: --- END '/system/app/Browser.apk' (success) ---
I/PackageManager( 1835): /system/app/Calendar.apk changed; collecting certs
D/dalvikvm( 1835): GC freed 51697 objects / 3039936 bytes in 143ms
I/PackageManager( 1835): New shared user android.uid.calendar: id=10003
D/installd( 1823): DexInv: --- BEGIN '/system/app/Calendar.apk' ---
D/dalvikvm( 1890): DexOpt: load 172ms, verify 850ms, opt 29ms
D/installd( 1823): DexInv: --- END '/system/app/Calendar.apk' (success) ---
I/PackageManager( 1835): /system/app/CalendarProvider.apk changed; collecting certs
D/installd( 1823): DexInv: --- BEGIN '/system/app/CalendarProvider.apk' ---
D/dalvikvm( 1891): DexOpt: load 61ms, verify 729ms, opt 11ms
I/        ( 1893): ServiceManager: 0xad08
E/AudioHardwareALSA( 1893): Unable to attach mixer to device AndroidPlayback: No such file or directory
E/AudioHardwareALSA( 1893): Unable to attach mixer to device default: No such file or directory
E/AudioHardwareALSA( 1893): Unable to attach mixer to device AndroidRecord: No such file or directory
E/AudioHardwareALSA( 1893): Unable to attach mixer to device default: No such file or directory
I/DEBUG   ( 1818): *** *** *** *** *** *** *** *** *** *** *** *** *** *** *** ***
I/DEBUG   ( 1818): Build fingerprint: 'Samsung/GT-I5700/GT-I5700/GT-I5700:2.1-update1/ECLAIR/XXJH1:user/ota-rel-keys,release-keys'
I/DEBUG   ( 1818): pid: 1893, tid: 1893  >>> /system/bin/mediaserver <<<
I/DEBUG   ( 1818): signal 11 (SIGSEGV), fault addr 00000010
I/DEBUG   ( 1818):  r0 00000000  r1 8068def4  r2 00000000  r3 00000000
I/DEBUG   ( 1818):  r4 8069f1d4  r5 0000b030  r6 be838b38  r7 0000b041
I/DEBUG   ( 1818):  r8 00000000  r9 0000aec0  10 00000000  fp be838bd4
I/DEBUG   ( 1818):  ip 00000018  sp be838b38  lr 806241a0  pc 8064905c  cpsr 00000010
D/installd( 1823): DexInv: --- END '/system/app/CalendarProvider.apk' (success) ---
I/PackageManager( 1835): /system/app/CertInstaller.apk changed; collecting certs
I/DEBUG   ( 1818):          #00  pc 0004905c  /system/lib/libaudio.so
I/DEBUG   ( 1818):          #01  pc 0002419c  /system/lib/libaudio.so
I/DEBUG   ( 1818):          #02  pc 00026fd4  /system/lib/libaudio.so
I/DEBUG   ( 1818):          #03  pc 00027020  /system/lib/libaudio.so
I/DEBUG   ( 1818):          #04  pc 0008ab16  /system/lib/libaudio.so
I/DEBUG   ( 1818):          #05  pc 00022bc2  /system/lib/libaudioflinger.so
I/DEBUG   ( 1818):          #06  pc 00022c46  /system/lib/libaudioflinger.so
I/DEBUG   ( 1818):          #07  pc 0000879e  /system/bin/mediaserver
I/DEBUG   ( 1818):          #08  pc 0000c2c6  /system/lib/libc.so
I/DEBUG   ( 1818):          #09  pc b00018aa  /system/bin/linker
I/DEBUG   ( 1818): 
I/DEBUG   ( 1818): code around pc:
I/DEBUG   ( 1818): 8064904c 8afffffb e1c300b0 e3a00000 e12fff1e 
I/DEBUG   ( 1818): 8064905c e5b03010 e1530000 03a00000 12430004 
I/DEBUG   ( 1818): 8064906c e12fff1e e5902010 e2803010 e1520003 
I/DEBUG   ( 1818): 
I/DEBUG   ( 1818): code around lr:
I/DEBUG   ( 1818): 80624190 e08c9003 ebfff5c2 e5990004 eb0093ae 
I/DEBUG   ( 1818): 806241a0 e2504000 1a000004 ea00002d e1a00004 
I/DEBUG   ( 1818): 806241b0 eb0093b5 e2504000 0a000029 e1a00004 
D/installd( 1823): DexInv: --- BEGIN '/system/app/CertInstaller.apk' ---
I/DEBUG   ( 1818): 
I/DEBUG   ( 1818): stack:
I/DEBUG   ( 1818):     be838af8  40000000  /dev/ashmem/system_properties (deleted)
I/DEBUG   ( 1818):     be838afc  afe2222b  /system/lib/libc.so
I/DEBUG   ( 1818):     be838b00  8068def0  /system/lib/libaudio.so
I/DEBUG   ( 1818):     be838b04  0000b041  [heap]
I/DEBUG   ( 1818):     be838b08  0000b041  [heap]
I/DEBUG   ( 1818):     be838b0c  00000000  
I/DEBUG   ( 1818):     be838b10  0000aec0  [heap]
I/DEBUG   ( 1818):     be838b14  00000000  
I/DEBUG   ( 1818):     be838b18  be838bd4  [stack]
I/DEBUG   ( 1818):     be838b1c  0000b041  [heap]
I/DEBUG   ( 1818):     be838b20  00000003  
I/DEBUG   ( 1818):     be838b24  afb05a8b  /system/lib/libcutils.so
I/DEBUG   ( 1818):     be838b28  8069f1d4  /system/lib/libaudio.so
I/DEBUG   ( 1818):     be838b2c  0000b030  [heap]
I/DEBUG   ( 1818):     be838b30  df002777  
I/DEBUG   ( 1818):     be838b34  e3a070ad  
I/DEBUG   ( 1818): #01 be838b38  00000000  
I/DEBUG   ( 1818):     be838b3c  00000000  
I/DEBUG   ( 1818):     be838b40  00000000  
I/DEBUG   ( 1818):     be838b44  00000000  
I/DEBUG   ( 1818):     be838b48  00000000  
I/DEBUG   ( 1818):     be838b4c  00000000  
I/DEBUG   ( 1818):     be838b50  00000000  
I/DEBUG   ( 1818):     be838b54  00000000  
I/DEBUG   ( 1818):     be838b58  00000000  
I/DEBUG   ( 1818):     be838b5c  00000000  
I/DEBUG   ( 1818):     be838b60  00000000  
I/DEBUG   ( 1818):     be838b64  00000000  
I/DEBUG   ( 1818):     be838b68  00000000  
I/DEBUG   ( 1818):     be838b6c  00000000  
I/DEBUG   ( 1818):     be838b70  00000000  
I/DEBUG   ( 1818):     be838b74  00000000  
I/DEBUG   ( 1818):     be838b78  8069dec8  /system/lib/libaudio.so
I/DEBUG   ( 1818):     be838b7c  806240e4  /system/lib/libaudio.so
I/DEBUG   ( 1818):     be838b80  8069dd18  /system/lib/libaudio.so
I/DEBUG   ( 1818):     be838b84  afe0f2c0  /system/lib/libc.so
I/DEBUG   ( 1818):     be838b88  0000029c  
I/DEBUG   ( 1818):     be838b8c  0000036c  
I/DEBUG   ( 1818):     be838b90  0000aec0  [heap]
I/DEBUG   ( 1818):     be838b94  8069dd10  /system/lib/libaudio.so
I/DEBUG   ( 1818):     be838b98  8069f294  /system/lib/libaudio.so
I/DEBUG   ( 1818):     be838b9c  00000000  
I/DEBUG   ( 1818):     be838ba0  8069ee68  /system/lib/libaudio.so
I/DEBUG   ( 1818):     be838ba4  00000000  
I/DEBUG   ( 1818):     be838ba8  00000000  
I/DEBUG   ( 1818):     be838bac  7ece51d4  
I/DEBUG   ( 1818):     be838bb0  40000000  /dev/ashmem/system_properties (deleted)
I/DEBUG   ( 1818):     be838bb4  0000ae88  [heap]
I/DEBUG   ( 1818):     be838bb8  00000000  
I/DEBUG   ( 1818):     be838bbc  0000aec0  [heap]
I/DEBUG   ( 1818):     be838bc0  00000000  
I/DEBUG   ( 1818):     be838bc4  00000000  
I/DEBUG   ( 1818):     be838bc8  00000000  
I/DEBUG   ( 1818):     be838bcc  00000000  
I/DEBUG   ( 1818):     be838bd0  00000000  
I/DEBUG   ( 1818):     be838bd4  80626fd8  /system/lib/libaudio.so
D/dalvikvm( 1895): DexOpt: load 35ms, verify 146ms, opt 3ms
D/installd( 1823): DexInv: --- END '/system/app/CertInstaller.apk' (success) ---
I/PackageManager( 1835): /system/app/Contacts.apk changed; collecting certs
D/dalvikvm( 1835): GC freed 10802 objects / 662664 bytes in 121ms
D/dalvikvm( 1835): GC freed 4709 objects / 532000 bytes in 111ms
D/dalvikvm( 1835): GC freed 2690 objects / 286312 bytes in 106ms
D/installd( 1823): DexInv: --- BEGIN '/system/app/Contacts.apk' ---
D/dalvikvm( 1896): DexOpt: load 240ms, verify 1133ms, opt 39ms
I/        ( 1898): ServiceManager: 0xad08
E/AudioHardwareALSA( 1898): Unable to attach mixer to device AndroidPlayback: No such file or directory
E/AudioHardwareALSA( 1898): Unable to attach mixer to device default: No such file or directory
E/AudioHardwareALSA( 1898): Unable to attach mixer to device AndroidRecord: No such file or directory
E/AudioHardwareALSA( 1898): Unable to attach mixer to device default: No such file or directory
D/installd( 1823): DexInv: --- END '/system/app/Contacts.apk' (success) ---
I/PackageManager( 1835): /system/app/ContactsProvider.apk changed; collecting certs
I/DEBUG   ( 1818): *** *** *** *** *** *** *** *** *** *** *** *** *** *** *** ***
I/DEBUG   ( 1818): Build fingerprint: 'Samsung/GT-I5700/GT-I5700/GT-I5700:2.1-update1/ECLAIR/XXJH1:user/ota-rel-keys,release-keys'
I/DEBUG   ( 1818): pid: 1898, tid: 1898  >>> /system/bin/mediaserver <<<
I/DEBUG   ( 1818): signal 11 (SIGSEGV), fault addr 00000010
I/DEBUG   ( 1818):  r0 00000000  r1 8068def4  r2 00000000  r3 00000000
I/DEBUG   ( 1818):  r4 8069f1d4  r5 0000b030  r6 bef07b38  r7 0000b041
I/DEBUG   ( 1818):  r8 00000000  r9 0000aec0  10 00000000  fp bef07bd4
I/DEBUG   ( 1818):  ip 00000018  sp bef07b38  lr 806241a0  pc 8064905c  cpsr 00000010
D/installd( 1823): DexInv: --- BEGIN '/system/app/ContactsProvider.apk' ---
I/DEBUG   ( 1818):          #00  pc 0004905c  /system/lib/libaudio.so
I/DEBUG   ( 1818):          #01  pc 0002419c  /system/lib/libaudio.so
I/DEBUG   ( 1818):          #02  pc 00026fd4  /system/lib/libaudio.so
I/DEBUG   ( 1818):          #03  pc 00027020  /system/lib/libaudio.so
I/DEBUG   ( 1818):          #04  pc 0008ab16  /system/lib/libaudio.so
I/DEBUG   ( 1818):          #05  pc 00022bc2  /system/lib/libaudioflinger.so
I/DEBUG   ( 1818):          #06  pc 00022c46  /system/lib/libaudioflinger.so
I/DEBUG   ( 1818):          #07  pc 0000879e  /system/bin/mediaserver
I/DEBUG   ( 1818):          #08  pc 0000c2c6  /system/lib/libc.so
I/DEBUG   ( 1818):          #09  pc b00018aa  /system/bin/linker
I/DEBUG   ( 1818): 
I/DEBUG   ( 1818): code around pc:
I/DEBUG   ( 1818): 8064904c 8afffffb e1c300b0 e3a00000 e12fff1e 
I/DEBUG   ( 1818): 8064905c e5b03010 e1530000 03a00000 12430004 
I/DEBUG   ( 1818): 8064906c e12fff1e e5902010 e2803010 e1520003 
I/DEBUG   ( 1818): 
I/DEBUG   ( 1818): code around lr:
I/DEBUG   ( 1818): 80624190 e08c9003 ebfff5c2 e5990004 eb0093ae 
I/DEBUG   ( 1818): 806241a0 e2504000 1a000004 ea00002d e1a00004 
I/DEBUG   ( 1818): 806241b0 eb0093b5 e2504000 0a000029 e1a00004 
I/DEBUG   ( 1818): 
I/DEBUG   ( 1818): stack:
I/DEBUG   ( 1818):     bef07af8  40000000  /dev/ashmem/system_properties (deleted)
I/DEBUG   ( 1818):     bef07afc  afe2222b  /system/lib/libc.so
I/DEBUG   ( 1818):     bef07b00  8068def0  /system/lib/libaudio.so
I/DEBUG   ( 1818):     bef07b04  0000b041  [heap]
I/DEBUG   ( 1818):     bef07b08  0000b041  [heap]
I/DEBUG   ( 1818):     bef07b0c  00000000  
I/DEBUG   ( 1818):     bef07b10  0000aec0  [heap]
I/DEBUG   ( 1818):     bef07b14  00000000  
I/DEBUG   ( 1818):     bef07b18  bef07bd4  [stack]
I/DEBUG   ( 1818):     bef07b1c  0000b041  [heap]
I/DEBUG   ( 1818):     bef07b20  00000003  
I/DEBUG   ( 1818):     bef07b24  afb05a8b  /system/lib/libcutils.so
I/DEBUG   ( 1818):     bef07b28  8069f1d4  /system/lib/libaudio.so
I/DEBUG   ( 1818):     bef07b2c  0000b030  [heap]
I/DEBUG   ( 1818):     bef07b30  df002777  
I/DEBUG   ( 1818):     bef07b34  e3a070ad  
I/DEBUG   ( 1818): #01 bef07b38  00000000  
I/DEBUG   ( 1818):     bef07b3c  00000000  
I/DEBUG   ( 1818):     bef07b40  00000000  
I/DEBUG   ( 1818):     bef07b44  00000000  
I/DEBUG   ( 1818):     bef07b48  00000000  
I/DEBUG   ( 1818):     bef07b4c  00000000  
I/DEBUG   ( 1818):     bef07b50  00000000  
I/DEBUG   ( 1818):     bef07b54  00000000  
I/DEBUG   ( 1818):     bef07b58  00000000  
I/DEBUG   ( 1818):     bef07b5c  00000000  
I/DEBUG   ( 1818):     bef07b60  00000000  
I/DEBUG   ( 1818):     bef07b64  00000000  
I/DEBUG   ( 1818):     bef07b68  00000000  
I/DEBUG   ( 1818):     bef07b6c  00000000  
I/DEBUG   ( 1818):     bef07b70  00000000  
I/DEBUG   ( 1818):     bef07b74  00000000  
I/DEBUG   ( 1818):     bef07b78  8069dec8  /system/lib/libaudio.so
I/DEBUG   ( 1818):     bef07b7c  806240e4  /system/lib/libaudio.so
I/DEBUG   ( 1818):     bef07b80  8069dd18  /system/lib/libaudio.so
I/DEBUG   ( 1818):     bef07b84  afe0f2c0  /system/lib/libc.so
I/DEBUG   ( 1818):     bef07b88  0000029c  
I/DEBUG   ( 1818):     bef07b8c  0000036c  
I/DEBUG   ( 1818):     bef07b90  0000aec0  [heap]
I/DEBUG   ( 1818):     bef07b94  8069dd10  /system/lib/libaudio.so
I/DEBUG   ( 1818):     bef07b98  8069f294  /system/lib/libaudio.so
I/DEBUG   ( 1818):     bef07b9c  00000000  
I/DEBUG   ( 1818):     bef07ba0  8069ee68  /system/lib/libaudio.so
I/DEBUG   ( 1818):     bef07ba4  00000000  
I/DEBUG   ( 1818):     bef07ba8  00000000  
I/DEBUG   ( 1818):     bef07bac  008bc8de  
I/DEBUG   ( 1818):     bef07bb0  40000000  /dev/ashmem/system_properties (deleted)
I/DEBUG   ( 1818):     bef07bb4  0000ae88  [heap]
I/DEBUG   ( 1818):     bef07bb8  00000000  
I/DEBUG   ( 1818):     bef07bbc  0000aec0  [heap]
I/DEBUG   ( 1818):     bef07bc0  00000000  
I/DEBUG   ( 1818):     bef07bc4  00000000  
I/DEBUG   ( 1818):     bef07bc8  00000000  
I/DEBUG   ( 1818):     bef07bcc  00000000  
I/DEBUG   ( 1818):     bef07bd0  00000000  
I/DEBUG   ( 1818):     bef07bd4  80626fd8  /system/lib/libaudio.so
D/dalvikvm( 1900): DexOpt: load 43ms, verify 782ms, opt 30ms
D/installd( 1823): DexInv: --- END '/system/app/ContactsProvider.apk' (success) ---
I/PackageManager( 1835): /system/app/DataCreate.apk changed; collecting certs
D/installd( 1823): DexInv: --- BEGIN '/system/app/DataCreate.apk' ---
D/dalvikvm( 1901): DexOpt: load 36ms, verify 533ms, opt 22ms
I/        ( 1903): ServiceManager: 0xad08
E/AudioHardwareALSA( 1903): Unable to attach mixer to device AndroidPlayback: No such file or directory
E/AudioHardwareALSA( 1903): Unable to attach mixer to device default: No such file or directory
E/AudioHardwareALSA( 1903): Unable to attach mixer to device AndroidRecord: No such file or directory
E/AudioHardwareALSA( 1903): Unable to attach mixer to device default: No such file or directory
I/DEBUG   ( 1818): *** *** *** *** *** *** *** *** *** *** *** *** *** *** *** ***
I/DEBUG   ( 1818): Build fingerprint: 'Samsung/GT-I5700/GT-I5700/GT-I5700:2.1-update1/ECLAIR/XXJH1:user/ota-rel-keys,release-keys'
I/DEBUG   ( 1818): pid: 1903, tid: 1903  >>> /system/bin/mediaserver <<<
I/DEBUG   ( 1818): signal 11 (SIGSEGV), fault addr 00000010
I/DEBUG   ( 1818):  r0 00000000  r1 8068def4  r2 00000000  r3 00000000
I/DEBUG   ( 1818):  r4 8069f1d4  r5 0000b030  r6 bed9cb38  r7 0000b041
I/DEBUG   ( 1818):  r8 00000000  r9 0000aec0  10 00000000  fp bed9cbd4
I/DEBUG   ( 1818):  ip 00000018  sp bed9cb38  lr 806241a0  pc 8064905c  cpsr 00000010
D/installd( 1823): DexInv: --- END '/system/app/DataCreate.apk' (success) ---
I/PackageManager( 1835): /system/app/DownloadProvider.apk changed; collecting certs
I/DEBUG   ( 1818):          #00  pc 0004905c  /system/lib/libaudio.so
I/DEBUG   ( 1818):          #01  pc 0002419c  /system/lib/libaudio.so
I/DEBUG   ( 1818):          #02  pc 00026fd4  /system/lib/libaudio.so
I/DEBUG   ( 1818):          #03  pc 00027020  /system/lib/libaudio.so
I/DEBUG   ( 1818):          #04  pc 0008ab16  /system/lib/libaudio.so
I/DEBUG   ( 1818):          #05  pc 00022bc2  /system/lib/libaudioflinger.so
I/DEBUG   ( 1818):          #06  pc 00022c46  /system/lib/libaudioflinger.so
I/DEBUG   ( 1818):          #07  pc 0000879e  /system/bin/mediaserver
I/DEBUG   ( 1818):          #08  pc 0000c2c6  /system/lib/libc.so
I/DEBUG   ( 1818):          #09  pc b00018aa  /system/bin/linker
I/DEBUG   ( 1818): 
I/DEBUG   ( 1818): code around pc:
I/DEBUG   ( 1818): 8064904c 8afffffb e1c300b0 e3a00000 e12fff1e 
I/DEBUG   ( 1818): 8064905c e5b03010 e1530000 03a00000 12430004 
I/DEBUG   ( 1818): 8064906c e12fff1e e5902010 e2803010 e1520003 
I/DEBUG   ( 1818): 
I/DEBUG   ( 1818): code around lr:
I/DEBUG   ( 1818): 80624190 e08c9003 ebfff5c2 e5990004 eb0093ae 
I/DEBUG   ( 1818): 806241a0 e2504000 1a000004 ea00002d e1a00004 
I/DEBUG   ( 1818): 806241b0 eb0093b5 e2504000 0a000029 e1a00004 
I/DEBUG   ( 1818): 
I/DEBUG   ( 1818): stack:
I/DEBUG   ( 1818):     bed9caf8  40000000  /dev/ashmem/system_properties (deleted)
I/DEBUG   ( 1818):     bed9cafc  afe2222b  /system/lib/libc.so
I/DEBUG   ( 1818):     bed9cb00  8068def0  /system/lib/libaudio.so
I/DEBUG   ( 1818):     bed9cb04  0000b041  [heap]
I/DEBUG   ( 1818):     bed9cb08  0000b041  [heap]
I/DEBUG   ( 1818):     bed9cb0c  00000000  
I/DEBUG   ( 1818):     bed9cb10  0000aec0  [heap]
I/DEBUG   ( 1818):     bed9cb14  00000000  
I/DEBUG   ( 1818):     bed9cb18  bed9cbd4  [stack]
I/DEBUG   ( 1818):     bed9cb1c  0000b041  [heap]
I/DEBUG   ( 1818):     bed9cb20  00000003  
I/DEBUG   ( 1818):     bed9cb24  afb05a8b  /system/lib/libcutils.so
I/DEBUG   ( 1818):     bed9cb28  8069f1d4  /system/lib/libaudio.so
I/DEBUG   ( 1818):     bed9cb2c  0000b030  [heap]
I/DEBUG   ( 1818):     bed9cb30  df002777  
I/DEBUG   ( 1818):     bed9cb34  e3a070ad  
I/DEBUG   ( 1818): #01 bed9cb38  00000000  
I/DEBUG   ( 1818):     bed9cb3c  00000000  
I/DEBUG   ( 1818):     bed9cb40  00000000  
I/DEBUG   ( 1818):     bed9cb44  00000000  
I/DEBUG   ( 1818):     bed9cb48  00000000  
I/DEBUG   ( 1818):     bed9cb4c  00000000  
I/DEBUG   ( 1818):     bed9cb50  00000000  
I/DEBUG   ( 1818):     bed9cb54  00000000  
I/DEBUG   ( 1818):     bed9cb58  00000000  
I/DEBUG   ( 1818):     bed9cb5c  00000000  
I/DEBUG   ( 1818):     bed9cb60  00000000  
I/DEBUG   ( 1818):     bed9cb64  00000000  
I/DEBUG   ( 1818):     bed9cb68  00000000  
I/DEBUG   ( 1818):     bed9cb6c  00000000  
I/DEBUG   ( 1818):     bed9cb70  00000000  
I/DEBUG   ( 1818):     bed9cb74  00000000  
I/DEBUG   ( 1818):     bed9cb78  8069dec8  /system/lib/libaudio.so
I/DEBUG   ( 1818):     bed9cb7c  806240e4  /system/lib/libaudio.so
I/DEBUG   ( 1818):     bed9cb80  8069dd18  /system/lib/libaudio.so
I/DEBUG   ( 1818):     bed9cb84  afe0f2c0  /system/lib/libc.so
I/DEBUG   ( 1818):     bed9cb88  0000029c  
I/DEBUG   ( 1818):     bed9cb8c  0000036c  
I/DEBUG   ( 1818):     bed9cb90  0000aec0  [heap]
I/DEBUG   ( 1818):     bed9cb94  8069dd10  /system/lib/libaudio.so
I/DEBUG   ( 1818):     bed9cb98  8069f294  /system/lib/libaudio.so
I/DEBUG   ( 1818):     bed9cb9c  00000000  
I/DEBUG   ( 1818):     bed9cba0  8069ee68  /system/lib/libaudio.so
I/DEBUG   ( 1818):     bed9cba4  00000000  
I/DEBUG   ( 1818):     bed9cba8  00000000  
I/DEBUG   ( 1818):     bed9cbac  bbc6f48d  
I/DEBUG   ( 1818):     bed9cbb0  40000000  /dev/ashmem/system_properties (deleted)
I/DEBUG   ( 1818):     bed9cbb4  0000ae88  [heap]
I/DEBUG   ( 1818):     bed9cbb8  00000000  
I/DEBUG   ( 1818):     bed9cbbc  0000aec0  [heap]
I/DEBUG   ( 1818):     bed9cbc0  00000000  
I/DEBUG   ( 1818):     bed9cbc4  00000000  
I/DEBUG   ( 1818):     bed9cbc8  00000000  
I/DEBUG   ( 1818):     bed9cbcc  00000000  
I/DEBUG   ( 1818):     bed9cbd0  00000000  
I/DEBUG   ( 1818):     bed9cbd4  80626fd8  /system/lib/libaudio.so
D/dalvikvm( 1835): GC freed 5140 objects / 382392 bytes in 204ms
I/PackageManager( 1835): New shared user android.media: id=10006
D/installd( 1823): DexInv: --- BEGIN '/system/app/DownloadProvider.apk' ---
D/dalvikvm( 1905): VFY: dead code 0x00b7-00b8 in Lcom/android/providers/downloads/DownloadThread;.run ()V
D/dalvikvm( 1905): VFY: dead code 0x02a1-02a2 in Lcom/android/providers/downloads/DownloadThread;.run ()V
D/dalvikvm( 1905): DexOpt: load 29ms, verify 370ms, opt 5ms
D/installd( 1823): DexInv: --- END '/system/app/DownloadProvider.apk' (success) ---
I/PackageManager( 1835): /system/app/DrmProvider.apk changed; collecting certs
D/installd( 1823): DexInv: --- BEGIN '/system/app/DrmProvider.apk' ---
D/dalvikvm( 1906): DexOpt: load 7ms, verify 39ms, opt 1ms
D/installd( 1823): DexInv: --- END '/system/app/DrmProvider.apk' (success) ---
I/PackageManager( 1835): /system/app/FactoryTest.apk changed; collecting certs
D/dalvikvm( 1835): GC freed 15400 objects / 959704 bytes in 121ms
D/installd( 1823): DexInv: --- BEGIN '/system/app/FactoryTest.apk' ---
D/dalvikvm( 1907): VFY: dead code 0x004c-004c in Lcom/android/samsungtest/SimpleFunctionTest/IntensityTest;.getLightSensorValue ()Ljava/lang/String;
D/dalvikvm( 1907): DexOpt: load 99ms, verify 537ms, opt 11ms
D/installd( 1823): DexInv: --- END '/system/app/FactoryTest.apk' (success) ---
I/PackageManager( 1835): /system/app/GlobalSearch.apk changed; collecting certs
D/installd( 1823): DexInv: --- BEGIN '/system/app/GlobalSearch.apk' ---
D/dalvikvm( 1908): DexOpt: load 50ms, verify 282ms, opt 7ms
I/        ( 1910): ServiceManager: 0xad08
E/AudioHardwareALSA( 1910): Unable to attach mixer to device AndroidPlayback: No such file or directory
E/AudioHardwareALSA( 1910): Unable to attach mixer to device default: No such file or directory
E/AudioHardwareALSA( 1910): Unable to attach mixer to device AndroidRecord: No such file or directory
E/AudioHardwareALSA( 1910): Unable to attach mixer to device default: No such file or directory
I/DEBUG   ( 1818): *** *** *** *** *** *** *** *** *** *** *** *** *** *** *** ***
I/DEBUG   ( 1818): Build fingerprint: 'Samsung/GT-I5700/GT-I5700/GT-I5700:2.1-update1/ECLAIR/XXJH1:user/ota-rel-keys,release-keys'
I/DEBUG   ( 1818): pid: 1910, tid: 1910  >>> /system/bin/mediaserver <<<
I/DEBUG   ( 1818): signal 11 (SIGSEGV), fault addr 00000010
I/DEBUG   ( 1818):  r0 00000000  r1 8068def4  r2 00000000  r3 00000000
I/DEBUG   ( 1818):  r4 8069f1d4  r5 0000b030  r6 beb30b38  r7 0000b041
I/DEBUG   ( 1818):  r8 00000000  r9 0000aec0  10 00000000  fp beb30bd4
I/DEBUG   ( 1818):  ip 00000018  sp beb30b38  lr 806241a0  pc 8064905c  cpsr 00000010
I/DEBUG   ( 1818):          #00  pc 0004905c  /system/lib/libaudio.so
I/DEBUG   ( 1818):          #01  pc 0002419c  /system/lib/libaudio.so
I/DEBUG   ( 1818):          #02  pc 00026fd4  /system/lib/libaudio.so
I/DEBUG   ( 1818):          #03  pc 00027020  /system/lib/libaudio.so
I/DEBUG   ( 1818):          #04  pc 0008ab16  /system/lib/libaudio.so
I/DEBUG   ( 1818):          #05  pc 00022bc2  /system/lib/libaudioflinger.so
I/DEBUG   ( 1818):          #06  pc 00022c46  /system/lib/libaudioflinger.so
I/DEBUG   ( 1818):          #07  pc 0000879e  /system/bin/mediaserver
I/DEBUG   ( 1818):          #08  pc 0000c2c6  /system/lib/libc.so
I/DEBUG   ( 1818):          #09  pc b00018aa  /system/bin/linker
I/DEBUG   ( 1818): 
I/DEBUG   ( 1818): code around pc:
I/DEBUG   ( 1818): 8064904c 8afffffb e1c300b0 e3a00000 e12fff1e 
I/DEBUG   ( 1818): 8064905c e5b03010 e1530000 03a00000 12430004 
I/DEBUG   ( 1818): 8064906c e12fff1e e5902010 e2803010 e1520003 
I/DEBUG   ( 1818): 
I/DEBUG   ( 1818): code around lr:
I/DEBUG   ( 1818): 80624190 e08c9003 ebfff5c2 e5990004 eb0093ae 
I/DEBUG   ( 1818): 806241a0 e2504000 1a000004 ea00002d e1a00004 
I/DEBUG   ( 1818): 806241b0 eb0093b5 e2504000 0a000029 e1a00004 
I/DEBUG   ( 1818): 
I/DEBUG   ( 1818): stack:
I/DEBUG   ( 1818):     beb30af8  40000000  /dev/ashmem/system_properties (deleted)
I/DEBUG   ( 1818):     beb30afc  afe2222b  /system/lib/libc.so
I/DEBUG   ( 1818):     beb30b00  8068def0  /system/lib/libaudio.so
I/DEBUG   ( 1818):     beb30b04  0000b041  [heap]
I/DEBUG   ( 1818):     beb30b08  0000b041  [heap]
I/DEBUG   ( 1818):     beb30b0c  00000000  
I/DEBUG   ( 1818):     beb30b10  0000aec0  [heap]
I/DEBUG   ( 1818):     beb30b14  00000000  
I/DEBUG   ( 1818):     beb30b18  beb30bd4  [stack]
I/DEBUG   ( 1818):     beb30b1c  0000b041  [heap]
I/DEBUG   ( 1818):     beb30b20  00000003  
I/DEBUG   ( 1818):     beb30b24  afb05a8b  /system/lib/libcutils.so
I/DEBUG   ( 1818):     beb30b28  8069f1d4  /system/lib/libaudio.so
I/DEBUG   ( 1818):     beb30b2c  0000b030  [heap]
I/DEBUG   ( 1818):     beb30b30  df002777  
I/DEBUG   ( 1818):     beb30b34  e3a070ad  
I/DEBUG   ( 1818): #01 beb30b38  00000000  
I/DEBUG   ( 1818):     beb30b3c  00000000  
I/DEBUG   ( 1818):     beb30b40  00000000  
I/DEBUG   ( 1818):     beb30b44  00000000  
I/DEBUG   ( 1818):     beb30b48  00000000  
I/DEBUG   ( 1818):     beb30b4c  00000000  
I/DEBUG   ( 1818):     beb30b50  00000000  
I/DEBUG   ( 1818):     beb30b54  00000000  
I/DEBUG   ( 1818):     beb30b58  00000000  
I/DEBUG   ( 1818):     beb30b5c  00000000  
I/DEBUG   ( 1818):     beb30b60  00000000  
I/DEBUG   ( 1818):     beb30b64  00000000  
I/DEBUG   ( 1818):     beb30b68  00000000  
I/DEBUG   ( 1818):     beb30b6c  00000000  
I/DEBUG   ( 1818):     beb30b70  00000000  
I/DEBUG   ( 1818):     beb30b74  00000000  
I/DEBUG   ( 1818):     beb30b78  8069dec8  /system/lib/libaudio.so
I/DEBUG   ( 1818):     beb30b7c  806240e4  /system/lib/libaudio.so
I/DEBUG   ( 1818):     beb30b80  8069dd18  /system/lib/libaudio.so
I/DEBUG   ( 1818):     beb30b84  afe0f2c0  /system/lib/libc.so
I/DEBUG   ( 1818):     beb30b88  0000029c  
I/DEBUG   ( 1818):     beb30b8c  0000036c  
I/DEBUG   ( 1818):     beb30b90  0000aec0  [heap]
I/DEBUG   ( 1818):     beb30b94  8069dd10  /system/lib/libaudio.so
I/DEBUG   ( 1818):     beb30b98  8069f294  /system/lib/libaudio.so
I/DEBUG   ( 1818):     beb30b9c  00000000  
I/DEBUG   ( 1818):     beb30ba0  8069ee68  /system/lib/libaudio.so
I/DEBUG   ( 1818):     beb30ba4  00000000  
I/DEBUG   ( 1818):     beb30ba8  00000000  
I/DEBUG   ( 1818):     beb30bac  0fe773f5  
I/DEBUG   ( 1818):     beb30bb0  40000000  /dev/ashmem/system_properties (deleted)
I/DEBUG   ( 1818):     beb30bb4  0000ae88  [heap]
I/DEBUG   ( 1818):     beb30bb8  00000000  
I/DEBUG   ( 1818):     beb30bbc  0000aec0  [heap]
I/DEBUG   ( 1818):     beb30bc0  00000000  
I/DEBUG   ( 1818):     beb30bc4  00000000  
I/DEBUG   ( 1818):     beb30bc8  00000000  
I/DEBUG   ( 1818):     beb30bcc  00000000  
I/DEBUG   ( 1818):     beb30bd0  00000000  
I/DEBUG   ( 1818):     beb30bd4  80626fd8  /system/lib/libaudio.so
D/installd( 1823): DexInv: --- END '/system/app/GlobalSearch.apk' (success) ---
I/PackageManager( 1835): /system/app/HTMLViewer.apk changed; collecting certs
D/installd( 1823): DexInv: --- BEGIN '/system/app/HTMLViewer.apk' ---
D/dalvikvm( 1912): DexOpt: load 18ms, verify 99ms, opt 1ms
D/installd( 1823): DexInv: --- END '/system/app/HTMLViewer.apk' (success) ---
W/PackageParser( 1835): No actions in intent filter at /system/app/ImageEditor.apk Binary XML file line #94
I/PackageManager( 1835): /system/app/ImageEditor.apk changed; collecting certs
D/dalvikvm( 1835): GC freed 4889 objects / 383064 bytes in 106ms
D/dalvikvm( 1835): GC freed 5625 objects / 467752 bytes in 117ms
D/installd( 1823): DexInv: --- BEGIN '/system/app/ImageEditor.apk' ---
D/dalvikvm( 1913): DexOpt: load 59ms, verify 483ms, opt 25ms
I/        ( 1915): ServiceManager: 0xad08
E/AudioHardwareALSA( 1915): Unable to attach mixer to device AndroidPlayback: No such file or directory
E/AudioHardwareALSA( 1915): Unable to attach mixer to device default: No such file or directory
E/AudioHardwareALSA( 1915): Unable to attach mixer to device AndroidRecord: No such file or directory
E/AudioHardwareALSA( 1915): Unable to attach mixer to device default: No such file or directory
I/DEBUG   ( 1818): *** *** *** *** *** *** *** *** *** *** *** *** *** *** *** ***
I/DEBUG   ( 1818): Build fingerprint: 'Samsung/GT-I5700/GT-I5700/GT-I5700:2.1-update1/ECLAIR/XXJH1:user/ota-rel-keys,release-keys'
I/DEBUG   ( 1818): pid: 1915, tid: 1915  >>> /system/bin/mediaserver <<<
I/DEBUG   ( 1818): signal 11 (SIGSEGV), fault addr 00000010
I/DEBUG   ( 1818):  r0 00000000  r1 8068def4  r2 00000000  r3 00000000
I/DEBUG   ( 1818):  r4 8069f1d4  r5 0000b030  r6 bede1b38  r7 0000b041
I/DEBUG   ( 1818):  r8 00000000  r9 0000aec0  10 00000000  fp bede1bd4
I/DEBUG   ( 1818):  ip 00000018  sp bede1b38  lr 806241a0  pc 8064905c  cpsr 00000010
I/DEBUG   ( 1818):          #00  pc 0004905c  /system/lib/libaudio.so
I/DEBUG   ( 1818):          #01  pc 0002419c  /system/lib/libaudio.so
I/DEBUG   ( 1818):          #02  pc 00026fd4  /system/lib/libaudio.so
I/DEBUG   ( 1818):          #03  pc 00027020  /system/lib/libaudio.so
I/DEBUG   ( 1818):          #04  pc 0008ab16  /system/lib/libaudio.so
I/DEBUG   ( 1818):          #05  pc 00022bc2  /system/lib/libaudioflinger.so
I/DEBUG   ( 1818):          #06  pc 00022c46  /system/lib/libaudioflinger.so
I/DEBUG   ( 1818):          #07  pc 0000879e  /system/bin/mediaserver
I/DEBUG   ( 1818):          #08  pc 0000c2c6  /system/lib/libc.so
I/DEBUG   ( 1818):          #09  pc b00018aa  /system/bin/linker
I/DEBUG   ( 1818): 
I/DEBUG   ( 1818): code around pc:
I/DEBUG   ( 1818): 8064904c 8afffffb e1c300b0 e3a00000 e12fff1e 
I/DEBUG   ( 1818): 8064905c e5b03010 e1530000 03a00000 12430004 
I/DEBUG   ( 1818): 8064906c e12fff1e e5902010 e2803010 e1520003 
I/DEBUG   ( 1818): 
I/DEBUG   ( 1818): code around lr:
I/DEBUG   ( 1818): 80624190 e08c9003 ebfff5c2 e5990004 eb0093ae 
D/installd( 1823): DexInv: --- END '/system/app/ImageEditor.apk' (success) ---
I/DEBUG   ( 1818): 806241a0 e2504000 1a000004 ea00002d e1a00004 
I/DEBUG   ( 1818): 806241b0 eb0093b5 e2504000 0a000029 e1a00004 
I/DEBUG   ( 1818): 
I/DEBUG   ( 1818): stack:
I/DEBUG   ( 1818):     bede1af8  40000000  /dev/ashmem/system_properties (deleted)
I/PackageManager( 1835): /system/app/InputEventApp.apk changed; collecting certs
I/DEBUG   ( 1818):     bede1afc  afe2222b  /system/lib/libc.so
I/DEBUG   ( 1818):     bede1b00  8068def0  /system/lib/libaudio.so
I/DEBUG   ( 1818):     bede1b04  0000b041  [heap]
I/DEBUG   ( 1818):     bede1b08  0000b041  [heap]
I/DEBUG   ( 1818):     bede1b0c  00000000  
I/DEBUG   ( 1818):     bede1b10  0000aec0  [heap]
I/DEBUG   ( 1818):     bede1b14  00000000  
I/DEBUG   ( 1818):     bede1b18  bede1bd4  [stack]
I/DEBUG   ( 1818):     bede1b1c  0000b041  [heap]
I/DEBUG   ( 1818):     bede1b20  00000003  
I/DEBUG   ( 1818):     bede1b24  afb05a8b  /system/lib/libcutils.so
I/DEBUG   ( 1818):     bede1b28  8069f1d4  /system/lib/libaudio.so
I/DEBUG   ( 1818):     bede1b2c  0000b030  [heap]
I/DEBUG   ( 1818):     bede1b30  df002777  
I/DEBUG   ( 1818):     bede1b34  e3a070ad  
I/DEBUG   ( 1818): #01 bede1b38  00000000  
I/DEBUG   ( 1818):     bede1b3c  00000000  
I/DEBUG   ( 1818):     bede1b40  00000000  
I/DEBUG   ( 1818):     bede1b44  00000000  
I/DEBUG   ( 1818):     bede1b48  00000000  
I/DEBUG   ( 1818):     bede1b4c  00000000  
I/DEBUG   ( 1818):     bede1b50  00000000  
I/DEBUG   ( 1818):     bede1b54  00000000  
I/DEBUG   ( 1818):     bede1b58  00000000  
