I/DEBUG   ( 1818): debuggerd: Aug  4 2010 09:02:37
I/vold    ( 1817): Android Volume Daemon version 2.0
I/vold    ( 1817): New MMC card 'SU04G' (serial 37874466) added @ /devices/platform/s3c-sdhci.0/mmc_host/mmc0/mmc0:9ca8
D/vold    ( 1817): mmc_bootstrap_card:filename /sys/devices/platform/s3c-sdhci.0/mmc_host/mmc0/mmc0:9ca8/block:mmcblk1
D/vold    ( 1817): mmc_bootstrap_card:filename /sys/devices/platform/s3c-sdhci.0/mmc_host/mmc0/mmc0:9ca8/block:mmcblk0
D/vold    ( 1817): Bootstrapping complete
D/AndroidRuntime( 1820): 
D/AndroidRuntime( 1820): >>>>>>>>>>>>>> AndroidRuntime START <<<<<<<<<<<<<<
I/AndroidRuntime( 1820): Heap size: -Xmx18m
D/AndroidRuntime( 1820): CheckJNI is OFF
E/AndroidRuntime( 1820): /system/csc/customer.xml can't open file
E/AndroidRuntime( 1820): /system/csc/customer.xml ==> cannot open file
D/AndroidRuntime( 1820): --- registering native functions ---
I/        ( 1821): ServiceManager: 0xad08
E/AudioHardwareALSA( 1821): Unable to attach mixer to device AndroidPlayback: No such file or directory
E/AudioHardwareALSA( 1821): Unable to attach mixer to device default: No such file or directory
E/AudioHardwareALSA( 1821): Unable to attach mixer to device AndroidRecord: No such file or directory
E/AudioHardwareALSA( 1821): Unable to attach mixer to device default: No such file or directory
I/DEBUG   ( 1818): *** *** *** *** *** *** *** *** *** *** *** *** *** *** *** ***
I/DEBUG   ( 1818): Build fingerprint: 'Samsung/GT-I5700/GT-I5700/GT-I5700:2.1-update1/ECLAIR/XXJH1:user/ota-rel-keys,release-keys'
I/DEBUG   ( 1818): pid: 1821, tid: 1821  >>> /system/bin/mediaserver <<<
I/DEBUG   ( 1818): signal 11 (SIGSEGV), fault addr 00000010
I/DEBUG   ( 1818):  r0 00000000  r1 8068def4  r2 00000000  r3 00000000
I/DEBUG   ( 1818):  r4 8069f1d4  r5 0000b030  r6 be91ab38  r7 0000b041
I/DEBUG   ( 1818):  r8 00000000  r9 0000aec0  10 00000000  fp be91abd4
I/DEBUG   ( 1818):  ip 00000018  sp be91ab38  lr 806241a0  pc 8064905c  cpsr 00000010
I/DEBUG   ( 1818):          #00  pc 0004905c  /system/lib/libaudio.so
I/DEBUG   ( 1818):          #01  pc 0002419c  /system/lib/libaudio.so
I/DEBUG   ( 1818):          #02  pc 00026fd4  /system/lib/libaudio.so
I/DEBUG   ( 1818):          #03  pc 00027020  /system/lib/libaudio.so
I/DEBUG   ( 1818):          #04  pc 0008ab16  /system/lib/libaudio.so
I/DEBUG   ( 1818):          #05  pc 00022bc2  /system/lib/libaudioflinger.so
I/DEBUG   ( 1818):          #06  pc 00022c46  /system/lib/libaudioflinger.so
I/DEBUG   ( 1818):          #07  pc 0000879e  /system/bin/mediaserver
I/DEBUG   ( 1818):          #08  pc 0000c2c6  /system/lib/libc.so
I/DEBUG   ( 1818):          #09  pc b00018aa  /system/bin/linker
I/DEBUG   ( 1818): 
I/DEBUG   ( 1818): code around pc:
I/DEBUG   ( 1818): 8064904c 8afffffb e1c300b0 e3a00000 e12fff1e 
I/DEBUG   ( 1818): 8064905c e5b03010 e1530000 03a00000 12430004 
I/DEBUG   ( 1818): 8064906c e12fff1e e5902010 e2803010 e1520003 
I/DEBUG   ( 1818): 
I/DEBUG   ( 1818): code around lr:
I/DEBUG   ( 1818): 80624190 e08c9003 ebfff5c2 e5990004 eb0093ae 
I/DEBUG   ( 1818): 806241a0 e2504000 1a000004 ea00002d e1a00004 
I/DEBUG   ( 1818): 806241b0 eb0093b5 e2504000 0a000029 e1a00004 
I/DEBUG   ( 1818): 
I/DEBUG   ( 1818): stack:
I/DEBUG   ( 1818):     be91aaf8  40000000  /dev/ashmem/system_properties (deleted)
I/DEBUG   ( 1818):     be91aafc  afe2222b  /system/lib/libc.so
I/DEBUG   ( 1818):     be91ab00  8068def0  /system/lib/libaudio.so
I/DEBUG   ( 1818):     be91ab04  0000b041  [heap]
I/DEBUG   ( 1818):     be91ab08  0000b041  [heap]
I/DEBUG   ( 1818):     be91ab0c  00000000  
I/DEBUG   ( 1818):     be91ab10  0000aec0  [heap]
I/DEBUG   ( 1818):     be91ab14  00000000  
I/DEBUG   ( 1818):     be91ab18  be91abd4  [stack]
I/DEBUG   ( 1818):     be91ab1c  0000b041  [heap]
I/DEBUG   ( 1818):     be91ab20  00000003  
I/DEBUG   ( 1818):     be91ab24  afb05a8b  /system/lib/libcutils.so
I/DEBUG   ( 1818):     be91ab28  8069f1d4  /system/lib/libaudio.so
I/DEBUG   ( 1818):     be91ab2c  0000b030  [heap]
I/DEBUG   ( 1818):     be91ab30  df002777  
I/DEBUG   ( 1818):     be91ab34  e3a070ad  
I/DEBUG   ( 1818): #01 be91ab38  00000000  
I/DEBUG   ( 1818):     be91ab3c  00000000  
I/DEBUG   ( 1818):     be91ab40  00000000  
I/DEBUG   ( 1818):     be91ab44  00000000  
I/DEBUG   ( 1818):     be91ab48  00000000  
I/DEBUG   ( 1818):     be91ab4c  00000000  
I/DEBUG   ( 1818):     be91ab50  00000000  
I/DEBUG   ( 1818):     be91ab54  00000000  
I/DEBUG   ( 1818):     be91ab58  00000000  
I/DEBUG   ( 1818):     be91ab5c  00000000  
I/DEBUG   ( 1818):     be91ab60  00000000  
I/DEBUG   ( 1818):     be91ab64  00000000  
I/DEBUG   ( 1818):     be91ab68  00000000  
I/DEBUG   ( 1818):     be91ab6c  00000000  
I/DEBUG   ( 1818):     be91ab70  00000000  
I/DEBUG   ( 1818):     be91ab74  00000000  
I/DEBUG   ( 1818):     be91ab78  8069dec8  /system/lib/libaudio.so
I/DEBUG   ( 1818):     be91ab7c  806240e4  /system/lib/libaudio.so
I/DEBUG   ( 1818):     be91ab80  8069dd18  /system/lib/libaudio.so
I/DEBUG   ( 1818):     be91ab84  afe0f2c0  /system/lib/libc.so
I/DEBUG   ( 1818):     be91ab88  0000029c  
I/DEBUG   ( 1818):     be91ab8c  0000036c  
I/DEBUG   ( 1818):     be91ab90  0000aec0  [heap]
I/DEBUG   ( 1818):     be91ab94  8069dd10  /system/lib/libaudio.so
I/DEBUG   ( 1818):     be91ab98  8069f294  /system/lib/libaudio.so
I/DEBUG   ( 1818):     be91ab9c  00000000  
I/DEBUG   ( 1818):     be91aba0  8069ee68  /system/lib/libaudio.so
I/DEBUG   ( 1818):     be91aba4  00000000  
I/DEBUG   ( 1818):     be91aba8  00000000  
I/DEBUG   ( 1818):     be91abac  21a81cc0  
I/DEBUG   ( 1818):     be91abb0  40000000  /dev/ashmem/system_properties (deleted)
I/DEBUG   ( 1818):     be91abb4  0000ae88  [heap]
I/DEBUG   ( 1818):     be91abb8  00000000  
I/DEBUG   ( 1818):     be91abbc  0000aec0  [heap]
I/DEBUG   ( 1818):     be91abc0  00000000  
I/DEBUG   ( 1818):     be91abc4  00000000  
I/DEBUG   ( 1818):     be91abc8  00000000  
I/DEBUG   ( 1818):     be91abcc  00000000  
I/DEBUG   ( 1818):     be91abd0  00000000  
I/DEBUG   ( 1818):     be91abd4  80626fd8  /system/lib/libaudio.so
I/SamplingProfilerIntegration( 1820): Profiler is disabled.
I/Zygote  ( 1820): Preloading classes...
D/dalvikvm( 1820): GC freed 813 objects / 52072 bytes in 4ms
D/dalvikvm( 1820): GC freed 236 objects / 15240 bytes in 4ms
D/dalvikvm( 1820): GC freed 275 objects / 17424 bytes in 5ms
D/dalvikvm( 1820): GC freed 242 objects / 15576 bytes in 6ms
D/dalvikvm( 1820): GC freed 414 objects / 26600 bytes in 7ms
D/skia    ( 1820): ------ build_power_table 1.4
D/skia    ( 1820): ------ build_power_table 0.714286
D/dalvikvm( 1820): GC freed 419 objects / 28360 bytes in 7ms
D/dalvikvm( 1820): Trying to load lib /system/lib/libmedia_jni.so 0x0
D/dalvikvm( 1820): Added shared lib /system/lib/libmedia_jni.so 0x0
D/dalvikvm( 1820): Trying to load lib /system/lib/libexif.so 0x0
D/dalvikvm( 1820): Added shared lib /system/lib/libexif.so 0x0
D/dalvikvm( 1820): GC freed 2330 objects / 121944 bytes in 20ms
D/dalvikvm( 1820): Trying to load lib /system/lib/libmedia_jni.so 0x0
D/dalvikvm( 1820): Shared lib '/system/lib/libmedia_jni.so' already loaded in same CL 0x0
D/dalvikvm( 1820): Trying to load lib /system/lib/libmedia_jni.so 0x0
D/dalvikvm( 1820): Shared lib '/system/lib/libmedia_jni.so' already loaded in same CL 0x0
D/dalvikvm( 1820): Trying to load lib /system/lib/libmedia_jni.so 0x0
D/dalvikvm( 1820): Shared lib '/system/lib/libmedia_jni.so' already loaded in same CL 0x0
D/dalvikvm( 1820): Trying to load lib /system/lib/libmedia_jni.so 0x0
D/dalvikvm( 1820): Shared lib '/system/lib/libmedia_jni.so' already loaded in same CL 0x0
I/        ( 1827): ServiceManager: 0xad08
E/AudioHardwareALSA( 1827): Unable to attach mixer to device AndroidPlayback: No such file or directory
E/AudioHardwareALSA( 1827): Unable to attach mixer to device default: No such file or directory
E/AudioHardwareALSA( 1827): Unable to attach mixer to device AndroidRecord: No such file or directory
E/AudioHardwareALSA( 1827): Unable to attach mixer to device default: No such file or directory
I/DEBUG   ( 1818): *** *** *** *** *** *** *** *** *** *** *** *** *** *** *** ***
I/DEBUG   ( 1818): Build fingerprint: 'Samsung/GT-I5700/GT-I5700/GT-I5700:2.1-update1/ECLAIR/XXJH1:user/ota-rel-keys,release-keys'
I/DEBUG   ( 1818): pid: 1827, tid: 1827  >>> /system/bin/mediaserver <<<
I/DEBUG   ( 1818): signal 11 (SIGSEGV), fault addr 00000010
I/DEBUG   ( 1818):  r0 00000000  r1 8068def4  r2 00000000  r3 00000000
I/DEBUG   ( 1818):  r4 8069f1d4  r5 0000b030  r6 be88fb38  r7 0000b041
I/DEBUG   ( 1818):  r8 00000000  r9 0000aec0  10 00000000  fp be88fbd4
I/DEBUG   ( 1818):  ip 00000018  sp be88fb38  lr 806241a0  pc 8064905c  cpsr 00000010
I/DEBUG   ( 1818):          #00  pc 0004905c  /system/lib/libaudio.so
I/DEBUG   ( 1818):          #01  pc 0002419c  /system/lib/libaudio.so
I/DEBUG   ( 1818):          #02  pc 00026fd4  /system/lib/libaudio.so
I/DEBUG   ( 1818):          #03  pc 00027020  /system/lib/libaudio.so
I/DEBUG   ( 1818):          #04  pc 0008ab16  /system/lib/libaudio.so
I/DEBUG   ( 1818):          #05  pc 00022bc2  /system/lib/libaudioflinger.so
I/DEBUG   ( 1818):          #06  pc 00022c46  /system/lib/libaudioflinger.so
I/DEBUG   ( 1818):          #07  pc 0000879e  /system/bin/mediaserver
I/DEBUG   ( 1818):          #08  pc 0000c2c6  /system/lib/libc.so
I/DEBUG   ( 1818):          #09  pc b00018aa  /system/bin/linker
I/DEBUG   ( 1818): 
I/DEBUG   ( 1818): code around pc:
I/DEBUG   ( 1818): 8064904c 8afffffb e1c300b0 e3a00000 e12fff1e 
I/DEBUG   ( 1818): 8064905c e5b03010 e1530000 03a00000 12430004 
I/DEBUG   ( 1818): 8064906c e12fff1e e5902010 e2803010 e1520003 
I/DEBUG   ( 1818): 
I/DEBUG   ( 1818): code around lr:
I/DEBUG   ( 1818): 80624190 e08c9003 ebfff5c2 e5990004 eb0093ae 
I/DEBUG   ( 1818): 806241a0 e2504000 1a000004 ea00002d e1a00004 
I/DEBUG   ( 1818): 806241b0 eb0093b5 e2504000 0a000029 e1a00004 
I/DEBUG   ( 1818): 
I/DEBUG   ( 1818): stack:
I/DEBUG   ( 1818):     be88faf8  40000000  /dev/ashmem/system_properties (deleted)
I/DEBUG   ( 1818):     be88fafc  afe2222b  /system/lib/libc.so
I/DEBUG   ( 1818):     be88fb00  8068def0  /system/lib/libaudio.so
I/DEBUG   ( 1818):     be88fb04  0000b041  [heap]
I/DEBUG   ( 1818):     be88fb08  0000b041  [heap]
I/DEBUG   ( 1818):     be88fb0c  00000000  
I/DEBUG   ( 1818):     be88fb10  0000aec0  [heap]
I/DEBUG   ( 1818):     be88fb14  00000000  
I/DEBUG   ( 1818):     be88fb18  be88fbd4  [stack]
I/DEBUG   ( 1818):     be88fb1c  0000b041  [heap]
I/DEBUG   ( 1818):     be88fb20  00000003  
I/DEBUG   ( 1818):     be88fb24  afb05a8b  /system/lib/libcutils.so
I/DEBUG   ( 1818):     be88fb28  8069f1d4  /system/lib/libaudio.so
I/DEBUG   ( 1818):     be88fb2c  0000b030  [heap]
I/DEBUG   ( 1818):     be88fb30  df002777  
I/DEBUG   ( 1818):     be88fb34  e3a070ad  
I/DEBUG   ( 1818): #01 be88fb38  00000000  
I/DEBUG   ( 1818):     be88fb3c  00000000  
I/DEBUG   ( 1818):     be88fb40  00000000  
I/DEBUG   ( 1818):     be88fb44  00000000  
I/DEBUG   ( 1818):     be88fb48  00000000  
I/DEBUG   ( 1818):     be88fb4c  00000000  
I/DEBUG   ( 1818):     be88fb50  00000000  
I/DEBUG   ( 1818):     be88fb54  00000000  
I/DEBUG   ( 1818):     be88fb58  00000000  
I/DEBUG   ( 1818):     be88fb5c  00000000  
I/DEBUG   ( 1818):     be88fb60  00000000  
I/DEBUG   ( 1818):     be88fb64  00000000  
I/DEBUG   ( 1818):     be88fb68  00000000  
I/DEBUG   ( 1818):     be88fb6c  00000000  
I/DEBUG   ( 1818):     be88fb70  00000000  
I/DEBUG   ( 1818):     be88fb74  00000000  
I/DEBUG   ( 1818):     be88fb78  8069dec8  /system/lib/libaudio.so
I/DEBUG   ( 1818):     be88fb7c  806240e4  /system/lib/libaudio.so
I/DEBUG   ( 1818):     be88fb80  8069dd18  /system/lib/libaudio.so
I/DEBUG   ( 1818):     be88fb84  afe0f2c0  /system/lib/libc.so
I/DEBUG   ( 1818):     be88fb88  0000029c  
I/DEBUG   ( 1818):     be88fb8c  0000036c  
I/DEBUG   ( 1818):     be88fb90  0000aec0  [heap]
I/DEBUG   ( 1818):     be88fb94  8069dd10  /system/lib/libaudio.so
I/DEBUG   ( 1818):     be88fb98  8069f294  /system/lib/libaudio.so
I/DEBUG   ( 1818):     be88fb9c  00000000  
I/DEBUG   ( 1818):     be88fba0  8069ee68  /system/lib/libaudio.so
I/DEBUG   ( 1818):     be88fba4  00000000  
I/DEBUG   ( 1818):     be88fba8  00000000  
I/DEBUG   ( 1818):     be88fbac  c667578e  
I/DEBUG   ( 1818):     be88fbb0  40000000  /dev/ashmem/system_properties (deleted)
I/DEBUG   ( 1818):     be88fbb4  0000ae88  [heap]
I/DEBUG   ( 1818):     be88fbb8  00000000  
I/DEBUG   ( 1818):     be88fbbc  0000aec0  [heap]
I/DEBUG   ( 1818):     be88fbc0  00000000  
I/DEBUG   ( 1818):     be88fbc4  00000000  
I/DEBUG   ( 1818):     be88fbc8  00000000  
I/DEBUG   ( 1818):     be88fbcc  00000000  
I/DEBUG   ( 1818):     be88fbd0  00000000  
I/DEBUG   ( 1818):     be88fbd4  80626fd8  /system/lib/libaudio.so
D/dalvikvm( 1820): GC freed 3794 objects / 197312 bytes in 17ms
D/dalvikvm( 1820): GC freed 474 objects / 27976 bytes in 16ms
D/dalvikvm( 1820): GC freed 308 objects / 18144 bytes in 17ms
D/dalvikvm( 1820): GC freed 214 objects / 11440 bytes in 18ms
D/dalvikvm( 1820): GC freed 200 objects / 11240 bytes in 19ms
D/dalvikvm( 1820): Trying to load lib /system/lib/libsrec_jni.so 0x0
D/dalvikvm( 1820): Added shared lib /system/lib/libsrec_jni.so 0x0
D/dalvikvm( 1820): Trying to load lib /system/lib/libsrec_jni.so 0x0
D/dalvikvm( 1820): Shared lib '/system/lib/libsrec_jni.so' already loaded in same CL 0x0
D/dalvikvm( 1820): GC freed 431 objects / 39448 bytes in 21ms
D/dalvikvm( 1820): GC freed 786 objects / 47792 bytes in 29ms
D/dalvikvm( 1820): GC freed 338 objects / 38512 bytes in 30ms
D/dalvikvm( 1820): GC freed 419 objects / 25968 bytes in 30ms
D/dalvikvm( 1820): Trying to load lib /system/lib/libwebcore.so 0x0
D/dalvikvm( 1820): Added shared lib /system/lib/libwebcore.so 0x0
D/dalvikvm( 1820): GC freed 436 objects / 25520 bytes in 31ms
D/dalvikvm( 1820): GC freed 484 objects / 30256 bytes in 31ms
D/dalvikvm( 1820): GC freed 347 objects / 28584 bytes in 32ms
D/dalvikvm( 1820): GC freed 303 objects / 21336 bytes in 32ms
D/dalvikvm( 1820): GC freed 917 objects / 80176 bytes in 36ms
D/dalvikvm( 1820): GC freed 664 objects / 35976 bytes in 37ms
D/dalvikvm( 1820): GC freed 708 objects / 41120 bytes in 37ms
D/dalvikvm( 1820): GC freed 733 objects / 40464 bytes in 37ms
I/        ( 1830): ServiceManager: 0xad08
E/AudioHardwareALSA( 1830): Unable to attach mixer to device AndroidPlayback: No such file or directory
E/AudioHardwareALSA( 1830): Unable to attach mixer to device default: No such file or directory
E/AudioHardwareALSA( 1830): Unable to attach mixer to device AndroidRecord: No such file or directory
E/AudioHardwareALSA( 1830): Unable to attach mixer to device default: No such file or directory
I/DEBUG   ( 1818): *** *** *** *** *** *** *** *** *** *** *** *** *** *** *** ***
I/DEBUG   ( 1818): Build fingerprint: 'Samsung/GT-I5700/GT-I5700/GT-I5700:2.1-update1/ECLAIR/XXJH1:user/ota-rel-keys,release-keys'
I/DEBUG   ( 1818): pid: 1830, tid: 1830  >>> /system/bin/mediaserver <<<
I/DEBUG   ( 1818): signal 11 (SIGSEGV), fault addr 00000010
I/DEBUG   ( 1818):  r0 00000000  r1 8068def4  r2 00000000  r3 00000000
I/DEBUG   ( 1818):  r4 8069f1d4  r5 0000b030  r6 beb72b38  r7 0000b041
I/DEBUG   ( 1818):  r8 00000000  r9 0000aec0  10 00000000  fp beb72bd4
I/DEBUG   ( 1818):  ip 00000018  sp beb72b38  lr 806241a0  pc 8064905c  cpsr 00000010
I/DEBUG   ( 1818):          #00  pc 0004905c  /system/lib/libaudio.so
I/DEBUG   ( 1818):          #01  pc 0002419c  /system/lib/libaudio.so
I/DEBUG   ( 1818):          #02  pc 00026fd4  /system/lib/libaudio.so
I/DEBUG   ( 1818):          #03  pc 00027020  /system/lib/libaudio.so
I/DEBUG   ( 1818):          #04  pc 0008ab16  /system/lib/libaudio.so
I/DEBUG   ( 1818):          #05  pc 00022bc2  /system/lib/libaudioflinger.so
I/DEBUG   ( 1818):          #06  pc 00022c46  /system/lib/libaudioflinger.so
I/DEBUG   ( 1818):          #07  pc 0000879e  /system/bin/mediaserver
I/DEBUG   ( 1818):          #08  pc 0000c2c6  /system/lib/libc.so
I/DEBUG   ( 1818):          #09  pc b00018aa  /system/bin/linker
I/DEBUG   ( 1818): 
I/DEBUG   ( 1818): code around pc:
I/DEBUG   ( 1818): 8064904c 8afffffb e1c300b0 e3a00000 e12fff1e 
I/DEBUG   ( 1818): 8064905c e5b03010 e1530000 03a00000 12430004 
I/DEBUG   ( 1818): 8064906c e12fff1e e5902010 e2803010 e1520003 
I/DEBUG   ( 1818): 
I/DEBUG   ( 1818): code around lr:
I/DEBUG   ( 1818): 80624190 e08c9003 ebfff5c2 e5990004 eb0093ae 
I/DEBUG   ( 1818): 806241a0 e2504000 1a000004 ea00002d e1a00004 
I/DEBUG   ( 1818): 806241b0 eb0093b5 e2504000 0a000029 e1a00004 
I/DEBUG   ( 1818): 
I/DEBUG   ( 1818): stack:
I/DEBUG   ( 1818):     beb72af8  40000000  /dev/ashmem/system_properties (deleted)
I/DEBUG   ( 1818):     beb72afc  afe2222b  /system/lib/libc.so
I/DEBUG   ( 1818):     beb72b00  8068def0  /system/lib/libaudio.so
I/DEBUG   ( 1818):     beb72b04  0000b041  [heap]
I/DEBUG   ( 1818):     beb72b08  0000b041  [heap]
I/DEBUG   ( 1818):     beb72b0c  00000000  
I/DEBUG   ( 1818):     beb72b10  0000aec0  [heap]
I/DEBUG   ( 1818):     beb72b14  00000000  
I/DEBUG   ( 1818):     beb72b18  beb72bd4  [stack]
I/DEBUG   ( 1818):     beb72b1c  0000b041  [heap]
I/DEBUG   ( 1818):     beb72b20  00000003  
I/DEBUG   ( 1818):     beb72b24  afb05a8b  /system/lib/libcutils.so
I/DEBUG   ( 1818):     beb72b28  8069f1d4  /system/lib/libaudio.so
I/DEBUG   ( 1818):     beb72b2c  0000b030  [heap]
I/DEBUG   ( 1818):     beb72b30  df002777  
I/DEBUG   ( 1818):     beb72b34  e3a070ad  
I/DEBUG   ( 1818): #01 beb72b38  00000000  
I/DEBUG   ( 1818):     beb72b3c  00000000  
I/DEBUG   ( 1818):     beb72b40  00000000  
I/DEBUG   ( 1818):     beb72b44  00000000  
I/DEBUG   ( 1818):     beb72b48  00000000  
I/DEBUG   ( 1818):     beb72b4c  00000000  
I/DEBUG   ( 1818):     beb72b50  00000000  
I/DEBUG   ( 1818):     beb72b54  00000000  
I/DEBUG   ( 1818):     beb72b58  00000000  
I/DEBUG   ( 1818):     beb72b5c  00000000  
I/DEBUG   ( 1818):     beb72b60  00000000  
I/DEBUG   ( 1818):     beb72b64  00000000  
I/DEBUG   ( 1818):     beb72b68  00000000  
I/DEBUG   ( 1818):     beb72b6c  00000000  
I/DEBUG   ( 1818):     beb72b70  00000000  
I/DEBUG   ( 1818):     beb72b74  00000000  
I/DEBUG   ( 1818):     beb72b78  8069dec8  /system/lib/libaudio.so
I/DEBUG   ( 1818):     beb72b7c  806240e4  /system/lib/libaudio.so
I/DEBUG   ( 1818):     beb72b80  8069dd18  /system/lib/libaudio.so
I/DEBUG   ( 1818):     beb72b84  afe0f2c0  /system/lib/libc.so
I/DEBUG   ( 1818):     beb72b88  0000029c  
I/DEBUG   ( 1818):     beb72b8c  0000036c  
I/DEBUG   ( 1818):     beb72b90  0000aec0  [heap]
I/DEBUG   ( 1818):     beb72b94  8069dd10  /system/lib/libaudio.so
I/DEBUG   ( 1818):     beb72b98  8069f294  /system/lib/libaudio.so
I/DEBUG   ( 1818):     beb72b9c  00000000  
I/DEBUG   ( 1818):     beb72ba0  8069ee68  /system/lib/libaudio.so
I/DEBUG   ( 1818):     beb72ba4  00000000  
I/DEBUG   ( 1818):     beb72ba8  00000000  
I/DEBUG   ( 1818):     beb72bac  72d5e212  
I/DEBUG   ( 1818):     beb72bb0  40000000  /dev/ashmem/system_properties (deleted)
I/DEBUG   ( 1818):     beb72bb4  0000ae88  [heap]
I/DEBUG   ( 1818):     beb72bb8  00000000  
I/DEBUG   ( 1818):     beb72bbc  0000aec0  [heap]
I/DEBUG   ( 1818):     beb72bc0  00000000  
I/DEBUG   ( 1818):     beb72bc4  00000000  
I/DEBUG   ( 1818):     beb72bc8  00000000  
I/DEBUG   ( 1818):     beb72bcc  00000000  
I/DEBUG   ( 1818):     beb72bd0  00000000  
I/DEBUG   ( 1818):     beb72bd4  80626fd8  /system/lib/libaudio.so
D/dalvikvm( 1820): GC freed 14826 objects / 511680 bytes in 46ms
D/dalvikvm( 1820): GC freed 11320 objects / 477352 bytes in 48ms
D/dalvikvm( 1820): GC freed 9747 objects / 434000 bytes in 51ms
D/dalvikvm( 1820): GC freed 8416 objects / 496760 bytes in 52ms
D/dalvikvm( 1820): GC freed 8326 objects / 491576 bytes in 52ms
D/dalvikvm( 1820): GC freed 8191 objects / 488400 bytes in 53ms
D/dalvikvm( 1820): GC freed 5769 objects / 325848 bytes in 52ms
D/dalvikvm( 1820): GC freed 849 objects / 51824 bytes in 50ms
D/dalvikvm( 1820): GC freed 538 objects / 39048 bytes in 51ms
D/dalvikvm( 1820): GC freed 465 objects / 31872 bytes in 51ms
D/dalvikvm( 1820): GC freed 424 objects / 29752 bytes in 52ms
I/Zygote  ( 1820): ...preloaded 1941 classes in 11563ms.
D/dalvikvm( 1820): GC freed 123 objects / 15320 bytes in 51ms
I/Zygote  ( 1820): Preloading resources...
D/dalvikvm( 1820): GC freed 5 objects / 224 bytes in 51ms
W/Zygote  ( 1820): Preloaded drawable resource #0x10800b4 (res/drawable/btn_check.xml) that varies with configuration!!
W/Zygote  ( 1820): Preloaded drawable resource #0x10800b7 (res/drawable-mdpi/btn_check_label_background.9.png) that varies with configuration!!
W/Zygote  ( 1820): Preloaded drawable resource #0x10800b8 (res/drawable-mdpi/btn_check_off.png) that varies with configuration!!
W/Zygote  ( 1820): Preloaded drawable resource #0x10800bd (res/drawable-mdpi/btn_check_on.png) that varies with configuration!!
D/dalvikvm( 1820): GC freed 287 objects / 14048 bytes in 159ms
D/dalvikvm( 1820): GC freed 184 objects / 7584 bytes in 112ms
D/dalvikvm( 1820): GC freed 388 objects / 17976 bytes in 103ms
I/        ( 1833): ServiceManager: 0xad08
E/AudioHardwareALSA( 1833): Unable to attach mixer to device AndroidPlayback: No such file or directory
I/Zygote  ( 1820): ...preloaded 48 resources in 1381ms.
E/AudioHardwareALSA( 1833): Unable to attach mixer to device default: No such file or directory
E/AudioHardwareALSA( 1833): Unable to attach mixer to device AndroidRecord: No such file or directory
E/AudioHardwareALSA( 1833): Unable to attach mixer to device default: No such file or directory
D/dalvikvm( 1820): GC freed 211 objects / 11208 bytes in 55ms
I/Zygote  ( 1820): ...preloaded 15 resources in 82ms.
I/DEBUG   ( 1818): *** *** *** *** *** *** *** *** *** *** *** *** *** *** *** ***
I/DEBUG   ( 1818): Build fingerprint: 'Samsung/GT-I5700/GT-I5700/GT-I5700:2.1-update1/ECLAIR/XXJH1:user/ota-rel-keys,release-keys'
I/DEBUG   ( 1818): pid: 1833, tid: 1833  >>> /system/bin/mediaserver <<<
I/DEBUG   ( 1818): signal 11 (SIGSEGV), fault addr 00000010
I/DEBUG   ( 1818):  r0 00000000  r1 8068def4  r2 00000000  r3 00000000
I/DEBUG   ( 1818):  r4 8069f1d4  r5 0000b030  r6 bea2eb38  r7 0000b041
I/DEBUG   ( 1818):  r8 00000000  r9 0000aec0  10 00000000  fp bea2ebd4
I/DEBUG   ( 1818):  ip 00000018  sp bea2eb38  lr 806241a0  pc 8064905c  cpsr 00000010
D/dalvikvm( 1820): GC freed 362 objects / 17584 bytes in 89ms
I/DEBUG   ( 1818):          #00  pc 0004905c  /system/lib/libaudio.so
I/DEBUG   ( 1818):          #01  pc 0002419c  /system/lib/libaudio.so
I/DEBUG   ( 1818):          #02  pc 00026fd4  /system/lib/libaudio.so
I/DEBUG   ( 1818):          #03  pc 00027020  /system/lib/libaudio.so
I/DEBUG   ( 1818):          #04  pc 0008ab16  /system/lib/libaudio.so
I/DEBUG   ( 1818):          #05  pc 00022bc2  /system/lib/libaudioflinger.so
I/DEBUG   ( 1818):          #06  pc 00022c46  /system/lib/libaudioflinger.so
I/DEBUG   ( 1818):          #07  pc 0000879e  /system/bin/mediaserver
I/DEBUG   ( 1818):          #08  pc 0000c2c6  /system/lib/libc.so
I/DEBUG   ( 1818):          #09  pc b00018aa  /system/bin/linker
I/DEBUG   ( 1818): 
I/DEBUG   ( 1818): code around pc:
I/DEBUG   ( 1818): 8064904c 8afffffb e1c300b0 e3a00000 e12fff1e 
I/DEBUG   ( 1818): 8064905c e5b03010 e1530000 03a00000 12430004 
I/DEBUG   ( 1818): 8064906c e12fff1e e5902010 e2803010 e1520003 
I/DEBUG   ( 1818): 
I/DEBUG   ( 1818): code around lr:
I/DEBUG   ( 1818): 80624190 e08c9003 ebfff5c2 e5990004 eb0093ae 
I/DEBUG   ( 1818): 806241a0 e2504000 1a000004 ea00002d e1a00004 
I/DEBUG   ( 1818): 806241b0 eb0093b5 e2504000 0a000029 e1a00004 
I/DEBUG   ( 1818): 
I/DEBUG   ( 1818): stack:
I/DEBUG   ( 1818):     bea2eaf8  40000000  /dev/ashmem/system_properties (deleted)
I/DEBUG   ( 1818):     bea2eafc  afe2222b  /system/lib/libc.so
I/DEBUG   ( 1818):     bea2eb00  8068def0  /system/lib/libaudio.so
I/DEBUG   ( 1818):     bea2eb04  0000b041  [heap]
I/DEBUG   ( 1818):     bea2eb08  0000b041  [heap]
I/DEBUG   ( 1818):     bea2eb0c  00000000  
I/DEBUG   ( 1818):     bea2eb10  0000aec0  [heap]
I/DEBUG   ( 1818):     bea2eb14  00000000  
I/DEBUG   ( 1818):     bea2eb18  bea2ebd4  [stack]
I/DEBUG   ( 1818):     bea2eb1c  0000b041  [heap]
I/DEBUG   ( 1818):     bea2eb20  00000003  
I/DEBUG   ( 1818):     bea2eb24  afb05a8b  /system/lib/libcutils.so
I/DEBUG   ( 1818):     bea2eb28  8069f1d4  /system/lib/libaudio.so
I/DEBUG   ( 1818):     bea2eb2c  0000b030  [heap]
I/DEBUG   ( 1818):     bea2eb30  df002777  
I/DEBUG   ( 1818):     bea2eb34  e3a070ad  
I/DEBUG   ( 1818): #01 bea2eb38  00000000  
I/DEBUG   ( 1818):     bea2eb3c  00000000  
I/DEBUG   ( 1818):     bea2eb40  00000000  
I/DEBUG   ( 1818):     bea2eb44  00000000  
I/DEBUG   ( 1818):     bea2eb48  00000000  
I/DEBUG   ( 1818):     bea2eb4c  00000000  
I/DEBUG   ( 1818):     bea2eb50  00000000  
I/DEBUG   ( 1818):     bea2eb54  00000000  
I/DEBUG   ( 1818):     bea2eb58  00000000  
I/DEBUG   ( 1818):     bea2eb5c  00000000  
I/DEBUG   ( 1818):     bea2eb60  00000000  
I/DEBUG   ( 1818):     bea2eb64  00000000  
I/DEBUG   ( 1818):     bea2eb68  00000000  
I/DEBUG   ( 1818):     bea2eb6c  00000000  
I/DEBUG   ( 1818):     bea2eb70  00000000  
I/DEBUG   ( 1818):     bea2eb74  00000000  
I/DEBUG   ( 1818):     bea2eb78  8069dec8  /system/lib/libaudio.so
I/DEBUG   ( 1818):     bea2eb7c  806240e4  /system/lib/libaudio.so
I/DEBUG   ( 1818):     bea2eb80  8069dd18  /system/lib/libaudio.so
I/DEBUG   ( 1818):     bea2eb84  afe0f2c0  /system/lib/libc.so
I/DEBUG   ( 1818):     bea2eb88  0000029c  
I/DEBUG   ( 1818):     bea2eb8c  0000036c  
I/DEBUG   ( 1818):     bea2eb90  0000aec0  [heap]
I/DEBUG   ( 1818):     bea2eb94  8069dd10  /system/lib/libaudio.so
I/DEBUG   ( 1818):     bea2eb98  8069f294  /system/lib/libaudio.so
I/DEBUG   ( 1818):     bea2eb9c  00000000  
I/DEBUG   ( 1818):     bea2eba0  8069ee68  /system/lib/libaudio.so
I/DEBUG   ( 1818):     bea2eba4  00000000  
I/DEBUG   ( 1818):     bea2eba8  00000000  
I/DEBUG   ( 1818):     bea2ebac  849c133f  
I/DEBUG   ( 1818):     bea2ebb0  40000000  /dev/ashmem/system_properties (deleted)
I/DEBUG   ( 1818):     bea2ebb4  0000ae88  [heap]
I/DEBUG   ( 1818):     bea2ebb8  00000000  
I/DEBUG   ( 1818):     bea2ebbc  0000aec0  [heap]
I/DEBUG   ( 1818):     bea2ebc0  00000000  
I/DEBUG   ( 1818):     bea2ebc4  00000000  
I/DEBUG   ( 1818):     bea2ebc8  00000000  
I/DEBUG   ( 1818):     bea2ebcc  00000000  
I/DEBUG   ( 1818):     bea2ebd0  00000000  
I/DEBUG   ( 1818):     bea2ebd4  80626fd8  /system/lib/libaudio.so
D/dalvikvm( 1820): GC freed 132 objects / 5152 bytes in 138ms
D/dalvikvm( 1820): GC freed 2 objects / 48 bytes in 73ms
I/dalvikvm( 1820): Splitting out new zygote heap
I/dalvikvm( 1820): System server process 1835 has been created
I/Zygote  ( 1820): Accepting command socket connections
D/dalvikvm( 1835): Trying to load lib /system/lib/libandroid_servers.so 0x0
D/dalvikvm( 1835): Added shared lib /system/lib/libandroid_servers.so 0x0
I/sysproc ( 1835): Entered system_init()
I/sysproc ( 1835): ServiceManager: 0x138bf0
I/SurfaceFlinger( 1835): SurfaceFlinger is starting
I/SurfaceFlinger( 1835): SurfaceFlinger's main thread ready to run. Initializing graphics H/W...
I/gralloc ( 1835): using (fd=20)
I/gralloc ( 1835): id           = s3cfb
I/gralloc ( 1835): xres         = 480 px
I/gralloc ( 1835): yres         = 800 px
I/gralloc ( 1835): xres_virtual = 480 px
I/gralloc ( 1835): yres_virtual = 1600 px
I/gralloc ( 1835): bpp          = 16
I/gralloc ( 1835): r            = 11:5
I/gralloc ( 1835): g            =  5:6
I/gralloc ( 1835): b            =  0:5
I/gralloc ( 1835): upper_margin = 8
I/gralloc ( 1835): lower_margin = 6
I/gralloc ( 1835): left_margin  = 64
I/gralloc ( 1835): right_margin = 62
I/gralloc ( 1835): pixclock     = 29767680
I/gralloc ( 1835): width        = 40 mm (304.799988 dpi)
I/gralloc ( 1835): height       = 67 mm (303.283569 dpi)
I/gralloc ( 1835): refresh rate = 60.00 Hz
D/libEGL  ( 1835): loaded /system/lib/egl/libEGL_fimg.so
D/libEGL  ( 1835): loaded /system/lib/egl/libGLESv1_CM_fimg.so
D/libEGL  ( 1835): loaded /system/lib/egl/libGLESv2_fimg.so
I/SurfaceFlinger( 1835): EGL informations:
I/SurfaceFlinger( 1835): # of configs : 15
I/SurfaceFlinger( 1835): vendor    : Android
I/SurfaceFlinger( 1835): version   : 1.4 Android META-EGL
I/SurfaceFlinger( 1835): extensions: EGL_KHR_image EGL_KHR_image_base EGL_KHR_image_pixmap EGL_ANDROID_image_native_buffer EGL_ANDROID_swap_rectangle EGL_ANDROID_get_render_buffer 
I/SurfaceFlinger( 1835): Client API: OpenGL ES
I/SurfaceFlinger( 1835): EGLSurface: 5-6-5-0, config=0x0
I/SurfaceFlinger( 1835): flags     : 00190000
I/        ( 1835): libGLESv1_CM_fimg.so was loaded and GLES 1.1 API was successfully mapped
I/SurfaceFlinger( 1835): OpenGL informations:
I/SurfaceFlinger( 1835): vendor    : Samsung Electronics
I/SurfaceFlinger( 1835): renderer  : FIMG
I/SurfaceFlinger( 1835): version   : OpenGL ES-CM 1.1
I/SurfaceFlinger( 1835): extensions: GL_OES_matrix_palette GL_OES_draw_texture GL_OES_framebuffer_object GL_OES_matrix_get GL_ARB_texture_non_power_of_two
I/sysproc ( 1835): System server: starting Android runtime.
I/sysproc ( 1835): System server: starting Android services.
I/SystemServer( 1835): Entered the Android system server!
I/sysproc ( 1835): System server: entering thread pool.
I/SystemServer( 1835): Entropy Service
W/EntropyService( 1835): unable to load initial entropy (first boot?)
W/EntropyService( 1835): java.io.FileNotFoundException: /data/system/entropy.dat
W/EntropyService( 1835): 	at org.apache.harmony.luni.platform.OSFileSystem.open(OSFileSystem.java:244)
W/EntropyService( 1835): 	at java.io.FileInputStream.<init>(FileInputStream.java:77)
W/EntropyService( 1835): 	at java.io.FileInputStream.<init>(FileInputStream.java:130)
W/EntropyService( 1835): 	at com.android.server.RandomBlock.fromFile(RandomBlock.java:45)
W/EntropyService( 1835): 	at com.android.server.EntropyService.loadInitialEntropy(EntropyService.java:88)
W/EntropyService( 1835): 	at com.android.server.EntropyService.<init>(EntropyService.java:75)
W/EntropyService( 1835): 	at com.android.server.ServerThread.run(SystemServer.java:109)
I/SystemServer( 1835): Power Manager
I/SystemServer( 1835): Activity Manager
I/ActivityManager( 1835): Memory class: 18
D/        ( 1835): unable to unlink '/data/system/batterystats.bin.bak': No such file or directory (errno=2)
I/dalvikvm( 1835): Debugger thread not active, ignoring DDM send (t=0x41504e4d l=32)
I/SystemServer( 1835): Telephony Registry
I/SystemServer( 1835): Package Manager
I/Installer( 1835): connecting...
I/installd( 1823): new connection
D/libEGL  ( 1845): loaded /system/lib/egl/libEGL_fimg.so
D/libEGL  ( 1845): loaded /system/lib/egl/libGLESv1_CM_fimg.so
D/libEGL  ( 1845): loaded /system/lib/egl/libGLESv2_fimg.so
I/        ( 1845): libGLESv1_CM_fimg.so was loaded and GLES 1.1 API was successfully mapped
W/zipro   ( 1845): Unable to open zip '/data/local/bootanimation.zip': No such file or directory
I/PackageManager( 1835): Libs: android.test.runner:/system/framework/android.test.runner.jar javax.obex:/system/framework/javax.obex.jar com.google.android.gtalkservice:/system/framework/com.google.android.gtalkservice.jar com.google.android.datamessaging:/system/framework/com.google.android.datamessaging.jar com.google.android.maps:/system/framework/com.google.android.maps.jar com.samsung.device:/system/framework/com.samsung.device.jar
I/PackageManager( 1835): Features: android.hardware.wifi android.hardware.location.network android.hardware.camera android.hardware.bluetooth android.hardware.telephony android.hardware.location android.hardware.location.gps android.hardware.telephony.gsm android.hardware.camera.autofocus android.hardware.touchscreen.multitouch android.hardware.touchscreen android.hardware.sensor.accelerometer android.hardware.sensor.compass
I/PackageManager( 1835): No current settings file!
D/installd( 1823): DexInv: --- BEGIN '/system/framework/android.test.runner.jar' ---
D/dalvikvm( 1852): DexOpt: load 98ms, verify 579ms, opt 15ms
D/installd( 1823): DexInv: --- END '/system/framework/android.test.runner.jar' (success) ---
D/installd( 1823): DexInv: --- BEGIN '/system/framework/javax.obex.jar' ---
D/dalvikvm( 1853): DexOpt: load 8ms, verify 145ms, opt 35ms
D/installd( 1823): DexInv: --- END '/system/framework/javax.obex.jar' (success) ---
D/installd( 1823): DexInv: --- BEGIN '/system/framework/com.google.android.gtalkservice.jar' ---
D/dalvikvm( 1857): DexOpt: load 59ms, verify 358ms, opt 27ms
D/installd( 1823): DexInv: --- END '/system/framework/com.google.android.gtalkservice.jar' (success) ---
W/PackageManager( 1835): Library not found: /system/framework/com.google.android.datamessaging.jar
D/installd( 1823): DexInv: --- BEGIN '/system/framework/com.google.android.maps.jar' ---
I/        ( 1855): ServiceManager: 0xad08
E/AudioHardwareALSA( 1855): Unable to attach mixer to device AndroidPlayback: No such file or directory
E/AudioHardwareALSA( 1855): Unable to attach mixer to device default: No such file or directory
E/AudioHardwareALSA( 1855): Unable to attach mixer to device AndroidRecord: No such file or directory
E/AudioHardwareALSA( 1855): Unable to attach mixer to device default: No such file or directory
I/DEBUG   ( 1818): *** *** *** *** *** *** *** *** *** *** *** *** *** *** *** ***
I/DEBUG   ( 1818): Build fingerprint: 'Samsung/GT-I5700/GT-I5700/GT-I5700:2.1-update1/ECLAIR/XXJH1:user/ota-rel-keys,release-keys'
I/DEBUG   ( 1818): pid: 1855, tid: 1855  >>> /system/bin/mediaserver <<<
I/DEBUG   ( 1818): signal 11 (SIGSEGV), fault addr 00000010
I/DEBUG   ( 1818):  r0 00000000  r1 8068def4  r2 00000000  r3 00000000
I/DEBUG   ( 1818):  r4 8069f1d4  r5 0000b030  r6 be932b38  r7 0000b041
I/DEBUG   ( 1818):  r8 00000000  r9 0000aec0  10 00000000  fp be932bd4
I/DEBUG   ( 1818):  ip 00000018  sp be932b38  lr 806241a0  pc 8064905c  cpsr 00000010
D/dalvikvm( 1858): DexOpt: 'Lcom/google/debug/DebugUtil;' has an earlier definition; blocking out
D/dalvikvm( 1858): DexOpt: 'Lcom/google/i18n/LineBreakingProperties;' has an earlier definition; blocking out
I/DEBUG   ( 1818):          #00  pc 0004905c  /system/lib/libaudio.so
I/DEBUG   ( 1818):          #01  pc 0002419c  /system/lib/libaudio.so
I/DEBUG   ( 1818):          #02  pc 00026fd4  /system/lib/libaudio.so
I/DEBUG   ( 1818):          #03  pc 00027020  /system/lib/libaudio.so
I/DEBUG   ( 1818):          #04  pc 0008ab16  /system/lib/libaudio.so
I/DEBUG   ( 1818):          #05  pc 00022bc2  /system/lib/libaudioflinger.so
I/DEBUG   ( 1818):          #06  pc 00022c46  /system/lib/libaudioflinger.so
I/DEBUG   ( 1818):          #07  pc 0000879e  /system/bin/mediaserver
I/DEBUG   ( 1818):          #08  pc 0000c2c6  /system/lib/libc.so
I/DEBUG   ( 1818):          #09  pc b00018aa  /system/bin/linker
I/DEBUG   ( 1818): 
I/DEBUG   ( 1818): code around pc:
I/DEBUG   ( 1818): 8064904c 8afffffb e1c300b0 e3a00000 e12fff1e 
I/DEBUG   ( 1818): 8064905c e5b03010 e1530000 03a00000 12430004 
I/DEBUG   ( 1818): 8064906c e12fff1e e5902010 e2803010 e1520003 
I/DEBUG   ( 1818): 
I/DEBUG   ( 1818): code around lr:
I/DEBUG   ( 1818): 80624190 e08c9003 ebfff5c2 e5990004 eb0093ae 
I/DEBUG   ( 1818): 806241a0 e2504000 1a000004 ea00002d e1a00004 
I/DEBUG   ( 1818): 806241b0 eb0093b5 e2504000 0a000029 e1a00004 
I/DEBUG   ( 1818): 
I/DEBUG   ( 1818): stack:
I/DEBUG   ( 1818):     be932af8  40000000  /dev/ashmem/system_properties (deleted)
I/DEBUG   ( 1818):     be932afc  afe2222b  /system/lib/libc.so
I/DEBUG   ( 1818):     be932b00  8068def0  /system/lib/libaudio.so
I/DEBUG   ( 1818):     be932b04  0000b041  [heap]
I/DEBUG   ( 1818):     be932b08  0000b041  [heap]
I/DEBUG   ( 1818):     be932b0c  00000000  
I/DEBUG   ( 1818):     be932b10  0000aec0  [heap]
I/DEBUG   ( 1818):     be932b14  00000000  
I/DEBUG   ( 1818):     be932b18  be932bd4  [stack]
I/DEBUG   ( 1818):     be932b1c  0000b041  [heap]
I/DEBUG   ( 1818):     be932b20  00000003  
I/DEBUG   ( 1818):     be932b24  afb05a8b  /system/lib/libcutils.so
I/DEBUG   ( 1818):     be932b28  8069f1d4  /system/lib/libaudio.so
I/DEBUG   ( 1818):     be932b2c  0000b030  [heap]
I/DEBUG   ( 1818):     be932b30  df002777  
I/DEBUG   ( 1818):     be932b34  e3a070ad  
I/DEBUG   ( 1818): #01 be932b38  00000000  
I/DEBUG   ( 1818):     be932b3c  00000000  
I/DEBUG   ( 1818):     be932b40  00000000  
I/DEBUG   ( 1818):     be932b44  00000000  
I/DEBUG   ( 1818):     be932b48  00000000  
I/DEBUG   ( 1818):     be932b4c  00000000  
I/DEBUG   ( 1818):     be932b50  00000000  
I/DEBUG   ( 1818):     be932b54  00000000  
I/DEBUG   ( 1818):     be932b58  00000000  
I/DEBUG   ( 1818):     be932b5c  00000000  
I/DEBUG   ( 1818):     be932b60  00000000  
I/DEBUG   ( 1818):     be932b64  00000000  
I/DEBUG   ( 1818):     be932b68  00000000  
I/DEBUG   ( 1818):     be932b6c  00000000  
I/DEBUG   ( 1818):     be932b70  00000000  
I/DEBUG   ( 1818):     be932b74  00000000  
I/DEBUG   ( 1818):     be932b78  8069dec8  /system/lib/libaudio.so
I/DEBUG   ( 1818):     be932b7c  806240e4  /system/lib/libaudio.so
I/DEBUG   ( 1818):     be932b80  8069dd18  /system/lib/libaudio.so
I/DEBUG   ( 1818):     be932b84  afe0f2c0  /system/lib/libc.so
I/DEBUG   ( 1818):     be932b88  0000029c  
I/DEBUG   ( 1818):     be932b8c  0000036c  
I/DEBUG   ( 1818):     be932b90  0000aec0  [heap]
I/DEBUG   ( 1818):     be932b94  8069dd10  /system/lib/libaudio.so
I/DEBUG   ( 1818):     be932b98  8069f294  /system/lib/libaudio.so
I/DEBUG   ( 1818):     be932b9c  00000000  
I/DEBUG   ( 1818):     be932ba0  8069ee68  /system/lib/libaudio.so
I/DEBUG   ( 1818):     be932ba4  00000000  
I/DEBUG   ( 1818):     be932ba8  00000000  
I/DEBUG   ( 1818):     be932bac  89427362  
I/DEBUG   ( 1818):     be932bb0  40000000  /dev/ashmem/system_properties (deleted)
I/DEBUG   ( 1818):     be932bb4  0000ae88  [heap]
I/DEBUG   ( 1818):     be932bb8  00000000  
I/DEBUG   ( 1818):     be932bbc  0000aec0  [heap]
I/DEBUG   ( 1818):     be932bc0  00000000  
I/DEBUG   ( 1818):     be932bc4  00000000  
I/DEBUG   ( 1818):     be932bc8  00000000  
I/DEBUG   ( 1818):     be932bcc  00000000  
I/DEBUG   ( 1818):     be932bd0  00000000  
I/DEBUG   ( 1818):     be932bd4  80626fd8  /system/lib/libaudio.so
D/dalvikvm( 1858): DexOpt: not verifying 'Lcom/google/debug/DebugUtil;': multiple definitions
D/dalvikvm( 1858): DexOpt: not verifying 'Lcom/google/i18n/LineBreakingProperties;': multiple definitions
D/dalvikvm( 1858): DexOpt: load 248ms, verify 1080ms, opt 28ms
D/installd( 1823): DexInv: --- END '/system/framework/com.google.android.maps.jar' (success) ---
D/installd( 1823): DexInv: --- BEGIN '/system/framework/com.samsung.device.jar' ---
D/dalvikvm( 1859): DexOpt: load 10ms, verify 2ms, opt 1ms
D/installd( 1823): DexInv: --- END '/system/framework/com.samsung.device.jar' (success) ---
D/installd( 1823): DexInv: --- BEGIN '/system/framework/am.jar' ---
D/dalvikvm( 1863): DexOpt: load 27ms, verify 98ms, opt 4ms
D/installd( 1823): DexInv: --- END '/system/framework/am.jar' (success) ---
D/installd( 1823): DexInv: --- BEGIN '/system/framework/bmgr.jar' ---
I/        ( 1861): ServiceManager: 0xad08
E/AudioHardwareALSA( 1861): Unable to attach mixer to device AndroidPlayback: No such file or directory
E/AudioHardwareALSA( 1861): Unable to attach mixer to device default: No such file or directory
E/AudioHardwareALSA( 1861): Unable to attach mixer to device AndroidRecord: No such file or directory
E/AudioHardwareALSA( 1861): Unable to attach mixer to device default: No such file or directory
D/dalvikvm( 1864): DexOpt: load 9ms, verify 29ms, opt 1ms
I/DEBUG   ( 1818): *** *** *** *** *** *** *** *** *** *** *** *** *** *** *** ***
I/DEBUG   ( 1818): Build fingerprint: 'Samsung/GT-I5700/GT-I5700/GT-I5700:2.1-update1/ECLAIR/XXJH1:user/ota-rel-keys,release-keys'
I/DEBUG   ( 1818): pid: 1861, tid: 1861  >>> /system/bin/mediaserver <<<
I/DEBUG   ( 1818): signal 11 (SIGSEGV), fault addr 00000010
I/DEBUG   ( 1818):  r0 00000000  r1 8068def4  r2 00000000  r3 00000000
I/DEBUG   ( 1818):  r4 8069f1d4  r5 0000b030  r6 bed81b38  r7 0000b041
I/DEBUG   ( 1818):  r8 00000000  r9 0000aec0  10 00000000  fp bed81bd4
I/DEBUG   ( 1818):  ip 00000018  sp bed81b38  lr 806241a0  pc 8064905c  cpsr 00000010
I/DEBUG   ( 1818):          #00  pc 0004905c  /system/lib/libaudio.so
I/DEBUG   ( 1818):          #01  pc 0002419c  /system/lib/libaudio.so
I/DEBUG   ( 1818):          #02  pc 00026fd4  /system/lib/libaudio.so
I/DEBUG   ( 1818):          #03  pc 00027020  /system/lib/libaudio.so
I/DEBUG   ( 1818):          #04  pc 0008ab16  /system/lib/libaudio.so
I/DEBUG   ( 1818):          #05  pc 00022bc2  /system/lib/libaudioflinger.so
I/DEBUG   ( 1818):          #06  pc 00022c46  /system/lib/libaudioflinger.so
I/DEBUG   ( 1818):          #07  pc 0000879e  /system/bin/mediaserver
I/DEBUG   ( 1818):          #08  pc 0000c2c6  /system/lib/libc.so
I/DEBUG   ( 1818):          #09  pc b00018aa  /system/bin/linker
I/DEBUG   ( 1818): 
I/DEBUG   ( 1818): code around pc:
I/DEBUG   ( 1818): 8064904c 8afffffb e1c300b0 e3a00000 e12fff1e 
I/DEBUG   ( 1818): 8064905c e5b03010 e1530000 03a00000 12430004 
I/DEBUG   ( 1818): 8064906c e12fff1e e5902010 e2803010 e1520003 
I/DEBUG   ( 1818): 
I/DEBUG   ( 1818): code around lr:
I/DEBUG   ( 1818): 80624190 e08c9003 ebfff5c2 e5990004 eb0093ae 
I/DEBUG   ( 1818): 806241a0 e2504000 1a000004 ea00002d e1a00004 
I/DEBUG   ( 1818): 806241b0 eb0093b5 e2504000 0a000029 e1a00004 
I/DEBUG   ( 1818): 
I/DEBUG   ( 1818): stack:
I/DEBUG   ( 1818):     bed81af8  40000000  /dev/ashmem/system_properties (deleted)
I/DEBUG   ( 1818):     bed81afc  afe2222b  /system/lib/libc.so
I/DEBUG   ( 1818):     bed81b00  8068def0  /system/lib/libaudio.so
I/DEBUG   ( 1818):     bed81b04  0000b041  [heap]
I/DEBUG   ( 1818):     bed81b08  0000b041  [heap]
I/DEBUG   ( 1818):     bed81b0c  00000000  
I/DEBUG   ( 1818):     bed81b10  0000aec0  [heap]
I/DEBUG   ( 1818):     bed81b14  00000000  
I/DEBUG   ( 1818):     bed81b18  bed81bd4  [stack]
I/DEBUG   ( 1818):     bed81b1c  0000b041  [heap]
I/DEBUG   ( 1818):     bed81b20  00000003  
I/DEBUG   ( 1818):     bed81b24  afb05a8b  /system/lib/libcutils.so
I/DEBUG   ( 1818):     bed81b28  8069f1d4  /system/lib/libaudio.so
I/DEBUG   ( 1818):     bed81b2c  0000b030  [heap]
I/DEBUG   ( 1818):     bed81b30  df002777  
I/DEBUG   ( 1818):     bed81b34  e3a070ad  
I/DEBUG   ( 1818): #01 bed81b38  00000000  
I/DEBUG   ( 1818):     bed81b3c  00000000  
I/DEBUG   ( 1818):     bed81b40  00000000  
I/DEBUG   ( 1818):     bed81b44  00000000  
I/DEBUG   ( 1818):     bed81b48  00000000  
I/DEBUG   ( 1818):     bed81b4c  00000000  
I/DEBUG   ( 1818):     bed81b50  00000000  
I/DEBUG   ( 1818):     bed81b54  00000000  
I/DEBUG   ( 1818):     bed81b58  00000000  
I/DEBUG   ( 1818):     bed81b5c  00000000  
I/DEBUG   ( 1818):     bed81b60  00000000  
I/DEBUG   ( 1818):     bed81b64  00000000  
I/DEBUG   ( 1818):     bed81b68  00000000  
I/DEBUG   ( 1818):     bed81b6c  00000000  
I/DEBUG   ( 1818):     bed81b70  00000000  
I/DEBUG   ( 1818):     bed81b74  00000000  
I/DEBUG   ( 1818):     bed81b78  8069dec8  /system/lib/libaudio.so
I/DEBUG   ( 1818):     bed81b7c  806240e4  /system/lib/libaudio.so
I/DEBUG   ( 1818):     bed81b80  8069dd18  /system/lib/libaudio.so
I/DEBUG   ( 1818):     bed81b84  afe0f2c0  /system/lib/libc.so
I/DEBUG   ( 1818):     bed81b88  0000029c  
I/DEBUG   ( 1818):     bed81b8c  0000036c  
I/DEBUG   ( 1818):     bed81b90  0000aec0  [heap]
I/DEBUG   ( 1818):     bed81b94  8069dd10  /system/lib/libaudio.so
I/DEBUG   ( 1818):     bed81b98  8069f294  /system/lib/libaudio.so
I/DEBUG   ( 1818):     bed81b9c  00000000  
I/DEBUG   ( 1818):     bed81ba0  8069ee68  /system/lib/libaudio.so
I/DEBUG   ( 1818):     bed81ba4  00000000  
I/DEBUG   ( 1818):     bed81ba8  00000000  
I/DEBUG   ( 1818):     bed81bac  70ba3d70  
I/DEBUG   ( 1818):     bed81bb0  40000000  /dev/ashmem/system_properties (deleted)
I/DEBUG   ( 1818):     bed81bb4  0000ae88  [heap]
I/DEBUG   ( 1818):     bed81bb8  00000000  
I/DEBUG   ( 1818):     bed81bbc  0000aec0  [heap]
I/DEBUG   ( 1818):     bed81bc0  00000000  
I/DEBUG   ( 1818):     bed81bc4  00000000  
I/DEBUG   ( 1818):     bed81bc8  00000000  
I/DEBUG   ( 1818):     bed81bcc  00000000  
I/DEBUG   ( 1818):     bed81bd0  00000000  
I/DEBUG   ( 1818):     bed81bd4  80626fd8  /system/lib/libaudio.so
D/installd( 1823): DexInv: --- END '/system/framework/bmgr.jar' (success) ---
D/installd( 1823): DexInv: --- BEGIN '/system/framework/framework-tests.jar' ---
I/dalvikvm( 1865): DexOpt: illegal method access (call Lcom/android/internal/http/multipart/MultipartEntity;.getMultipartBoundary ()[B from Lcom/android/internal/http/multipart/MultipartTest;)
W/dalvikvm( 1865): DexOpt: resolve class illegal access: Lcom/android/internal/os/LoggingPrintStreamTest$TestPrintStream; -> Lcom/android/internal/os/LoggingPrintStream;
I/dalvikvm( 1865): DexOpt: illegal method access (call Lcom/android/internal/policy/impl/KeyguardViewBase;.setCallback (Lcom/android/internal/policy/impl/KeyguardViewCallback;)V from Lcom/android/internal/policy/impl/LockPatternKeyguardViewTest;)
W/dalvikvm( 1865): DexOpt: resolve class illegal access: Landroid/text/PackedIntVectorTest; -> Landroid/text/PackedIntVector;
D/dalvikvm( 1865): DexOpt: load 53ms, verify 63ms, opt 1ms
D/installd( 1823): DexInv: --- END '/system/framework/framework-tests.jar' (success) ---
D/installd( 1823): DexInv: --- BEGIN '/system/framework/ime.jar' ---
D/dalvikvm( 1866): DexOpt: load 2ms, verify 29ms, opt 1ms
D/installd( 1823): DexInv: --- END '/system/framework/ime.jar' (success) ---
D/installd( 1823): DexInv: --- BEGIN '/system/framework/input.jar' ---
D/dalvikvm( 1867): DexOpt: load 3ms, verify 18ms, opt 0ms
D/installd( 1823): DexInv: --- END '/system/framework/input.jar' (success) ---
D/installd( 1823): DexInv: --- BEGIN '/system/framework/monkey.jar' ---
D/dalvikvm( 1868): DexOpt: load 25ms, verify 162ms, opt 4ms
D/installd( 1823): DexInv: --- END '/system/framework/monkey.jar' (success) ---
D/installd( 1823): DexInv: --- BEGIN '/system/framework/pm.jar' ---
D/dalvikvm( 1869): DexOpt: load 18ms, verify 67ms, opt 8ms
D/installd( 1823): DexInv: --- END '/system/framework/pm.jar' (success) ---
D/installd( 1823): DexInv: --- BEGIN '/system/framework/svc.jar' ---
D/dalvikvm( 1870): DexOpt: load 14ms, verify 20ms, opt 0ms
I/        ( 1872): ServiceManager: 0xad08
E/AudioHardwareALSA( 1872): Unable to attach mixer to device AndroidPlayback: No such file or directory
E/AudioHardwareALSA( 1872): Unable to attach mixer to device default: No such file or directory
E/AudioHardwareALSA( 1872): Unable to attach mixer to device AndroidRecord: No such file or directory
E/AudioHardwareALSA( 1872): Unable to attach mixer to device default: No such file or directory
I/DEBUG   ( 1818): *** *** *** *** *** *** *** *** *** *** *** *** *** *** *** ***
I/DEBUG   ( 1818): Build fingerprint: 'Samsung/GT-I5700/GT-I5700/GT-I5700:2.1-update1/ECLAIR/XXJH1:user/ota-rel-keys,release-keys'
I/DEBUG   ( 1818): pid: 1872, tid: 1872  >>> /system/bin/mediaserver <<<
I/DEBUG   ( 1818): signal 11 (SIGSEGV), fault addr 00000010
I/DEBUG   ( 1818):  r0 00000000  r1 8068def4  r2 00000000  r3 00000000
I/DEBUG   ( 1818):  r4 8069f1d4  r5 0000b030  r6 bef37b38  r7 0000b041
I/DEBUG   ( 1818):  r8 00000000  r9 0000aec0  10 00000000  fp bef37bd4
I/DEBUG   ( 1818):  ip 00000018  sp bef37b38  lr 806241a0  pc 8064905c  cpsr 00000010
I/DEBUG   ( 1818):          #00  pc 0004905c  /system/lib/libaudio.so
I/DEBUG   ( 1818):          #01  pc 0002419c  /system/lib/libaudio.so
I/DEBUG   ( 1818):          #02  pc 00026fd4  /system/lib/libaudio.so
I/DEBUG   ( 1818):          #03  pc 00027020  /system/lib/libaudio.so
I/DEBUG   ( 1818):          #04  pc 0008ab16  /system/lib/libaudio.so
I/DEBUG   ( 1818):          #05  pc 00022bc2  /system/lib/libaudioflinger.so
I/DEBUG   ( 1818):          #06  pc 00022c46  /system/lib/libaudioflinger.so
I/DEBUG   ( 1818):          #07  pc 0000879e  /system/bin/mediaserver
I/DEBUG   ( 1818):          #08  pc 0000c2c6  /system/lib/libc.so
I/DEBUG   ( 1818):          #09  pc b00018aa  /system/bin/linker
I/DEBUG   ( 1818): 
I/DEBUG   ( 1818): code around pc:
I/DEBUG   ( 1818): 8064904c 8afffffb e1c300b0 e3a00000 e12fff1e 
I/DEBUG   ( 1818): 8064905c e5b03010 e1530000 03a00000 12430004 
I/DEBUG   ( 1818): 8064906c e12fff1e e5902010 e2803010 e1520003 
I/DEBUG   ( 1818): 
I/DEBUG   ( 1818): code around lr:
I/DEBUG   ( 1818): 80624190 e08c9003 ebfff5c2 e5990004 eb0093ae 
I/DEBUG   ( 1818): 806241a0 e2504000 1a000004 ea00002d e1a00004 
I/DEBUG   ( 1818): 806241b0 eb0093b5 e2504000 0a000029 e1a00004 
I/DEBUG   ( 1818): 
I/DEBUG   ( 1818): stack:
I/DEBUG   ( 1818):     bef37af8  40000000  /dev/ashmem/system_properties (deleted)
I/DEBUG   ( 1818):     bef37afc  afe2222b  /system/lib/libc.so
I/DEBUG   ( 1818):     bef37b00  8068def0  /system/lib/libaudio.so
I/DEBUG   ( 1818):     bef37b04  0000b041  [heap]
I/DEBUG   ( 1818):     bef37b08  0000b041  [heap]
I/DEBUG   ( 1818):     bef37b0c  00000000  
I/DEBUG   ( 1818):     bef37b10  0000aec0  [heap]
I/DEBUG   ( 1818):     bef37b14  00000000  
I/DEBUG   ( 1818):     bef37b18  bef37bd4  [stack]
I/DEBUG   ( 1818):     bef37b1c  0000b041  [heap]
I/DEBUG   ( 1818):     bef37b20  00000003  
I/DEBUG   ( 1818):     bef37b24  afb05a8b  /system/lib/libcutils.so
I/DEBUG   ( 1818):     bef37b28  8069f1d4  /system/lib/libaudio.so
I/DEBUG   ( 1818):     bef37b2c  0000b030  [heap]
I/DEBUG   ( 1818):     bef37b30  df002777  
I/DEBUG   ( 1818):     bef37b34  e3a070ad  
I/DEBUG   ( 1818): #01 bef37b38  00000000  
I/DEBUG   ( 1818):     bef37b3c  00000000  
I/DEBUG   ( 1818):     bef37b40  00000000  
I/DEBUG   ( 1818):     bef37b44  00000000  
I/DEBUG   ( 1818):     bef37b48  00000000  
I/DEBUG   ( 1818):     bef37b4c  00000000  
I/DEBUG   ( 1818):     bef37b50  00000000  
I/DEBUG   ( 1818):     bef37b54  00000000  
